Copyright 1986-2022 Xilinx, Inc. All Rights Reserved.
----------------------------------------------------------------------------------------------------------------------------------------------------------------------------------
| Tool Version : Vivado v.2022.2 (win64) Build 3671981 Fri Oct 14 05:00:03 MDT 2022
| Date         : Thu Aug 13 01:05:02 2026
| Host         : JH_HP running 64-bit major release  (build 9200)
| Command      : report_utilization -file C:/Users/jiho0/GitProjects/FPGA-Autonomous-Vehicle-Project/verification_reports/standalone_synth/standalone_implemented_utilization.rpt
| Design       : top_controller
| Device       : xczu2cg-sfvc784-1-e
| Speed File   : -1
| Design State : Routed
----------------------------------------------------------------------------------------------------------------------------------------------------------------------------------

Utilization Design Information

Table of Contents
-----------------
1. CLB Logic
1.1 Summary of Registers by Type
2. CLB Logic Distribution
3. BLOCKRAM
4. ARITHMETIC
5. I/O
6. CLOCK
7. ADVANCED
8. CONFIGURATION
9. Primitives
10. Black Boxes
11. Instantiated Netlists

1. CLB Logic
------------

+-------------------------+------+-------+------------+-----------+-------+
|        Site Type        | Used | Fixed | Prohibited | Available | Util% |
+-------------------------+------+-------+------------+-----------+-------+
| CLB LUTs                | 7584 |     0 |          0 |     47232 | 16.06 |
|   LUT as Logic          | 7584 |     0 |          0 |     47232 | 16.06 |
|   LUT as Memory         |    0 |     0 |          0 |     28800 |  0.00 |
| CLB Registers           | 5717 |     0 |          0 |     94464 |  6.05 |
|   Register as Flip Flop | 5717 |     0 |          0 |     94464 |  6.05 |
|   Register as Latch     |    0 |     0 |          0 |     94464 |  0.00 |
| CARRY8                  |  813 |     0 |          0 |      8820 |  9.22 |
| F7 Muxes                |   30 |     0 |          0 |     35280 |  0.09 |
| F8 Muxes                |   12 |     0 |          0 |     17640 |  0.07 |
| F9 Muxes                |    0 |     0 |          0 |      8820 |  0.00 |
+-------------------------+------+-------+------------+-----------+-------+
* Warning! LUT value is adjusted to account for LUT combining.


1.1 Summary of Registers by Type
--------------------------------

+-------+--------------+-------------+--------------+
| Total | Clock Enable | Synchronous | Asynchronous |
+-------+--------------+-------------+--------------+
| 0     |            _ |           - |            - |
| 0     |            _ |           - |          Set |
| 0     |            _ |           - |        Reset |
| 0     |            _ |         Set |            - |
| 0     |            _ |       Reset |            - |
| 0     |          Yes |           - |            - |
| 0     |          Yes |           - |          Set |
| 0     |          Yes |           - |        Reset |
| 8     |          Yes |         Set |            - |
| 5709  |          Yes |       Reset |            - |
+-------+--------------+-------------+--------------+


2. CLB Logic Distribution
-------------------------

+--------------------------------------------+------+-------+------------+-----------+-------+
|                  Site Type                 | Used | Fixed | Prohibited | Available | Util% |
+--------------------------------------------+------+-------+------------+-----------+-------+
| CLB                                        | 1422 |     0 |          0 |      8820 | 16.12 |
|   CLBL                                     |  759 |     0 |            |           |       |
|   CLBM                                     |  663 |     0 |            |           |       |
| LUT as Logic                               | 7584 |     0 |          0 |     47232 | 16.06 |
|   using O5 output only                     |   86 |       |            |           |       |
|   using O6 output only                     | 4892 |       |            |           |       |
|   using O5 and O6                          | 2606 |       |            |           |       |
| LUT as Memory                              |    0 |     0 |          0 |     28800 |  0.00 |
|   LUT as Distributed RAM                   |    0 |     0 |            |           |       |
|   LUT as Shift Register                    |    0 |     0 |            |           |       |
| CLB Registers                              | 5717 |     0 |          0 |     94464 |  6.05 |
|   Register driven from within the CLB      | 3256 |       |            |           |       |
|   Register driven from outside the CLB     | 2461 |       |            |           |       |
|     LUT in front of the register is unused | 1698 |       |            |           |       |
|     LUT in front of the register is used   |  763 |       |            |           |       |
| Unique Control Sets                        |  138 |       |          0 |     17640 |  0.78 |
+--------------------------------------------+------+-------+------------+-----------+-------+
* * Note: Available Control Sets calculated as Slices * 2, Review the Control Sets Report for more information regarding control sets.


3. BLOCKRAM
-----------

+----------------+------+-------+------------+-----------+-------+
|    Site Type   | Used | Fixed | Prohibited | Available | Util% |
+----------------+------+-------+------------+-----------+-------+
| Block RAM Tile |    0 |     0 |          0 |       150 |  0.00 |
|   RAMB36/FIFO* |    0 |     0 |          0 |       150 |  0.00 |
|   RAMB18       |    0 |     0 |          0 |       300 |  0.00 |
+----------------+------+-------+------------+-----------+-------+
* Note: Each Block RAM Tile only has one FIFO logic available and therefore can accommodate only one FIFO36E2 or one FIFO18E2. However, if a FIFO18E2 occupies a Block RAM Tile, that tile can still accommodate a RAMB18E2


4. ARITHMETIC
-------------

+----------------+------+-------+------------+-----------+-------+
|    Site Type   | Used | Fixed | Prohibited | Available | Util% |
+----------------+------+-------+------------+-----------+-------+
| DSPs           |   24 |     0 |          0 |       240 | 10.00 |
|   DSP48E2 only |   24 |       |            |           |       |
+----------------+------+-------+------------+-----------+-------+


5. I/O
------

+------------------+------+-------+------------+-----------+-------+
|     Site Type    | Used | Fixed | Prohibited | Available | Util% |
+------------------+------+-------+------------+-----------+-------+
| Bonded IOB       |   92 |     0 |          0 |       252 | 36.51 |
| HPIOB_M          |   44 |     0 |          0 |        72 | 61.11 |
|   INPUT          |   26 |       |            |           |       |
|   OUTPUT         |   18 |       |            |           |       |
|   BIDIR          |    0 |       |            |           |       |
| HPIOB_S          |   44 |     0 |          0 |        72 | 61.11 |
|   INPUT          |   25 |       |            |           |       |
|   OUTPUT         |   19 |       |            |           |       |
|   BIDIR          |    0 |       |            |           |       |
| HDIOB_M          |    0 |     0 |          0 |        48 |  0.00 |
| HDIOB_S          |    0 |     0 |          0 |        48 |  0.00 |
| HPIOB_SNGL       |    4 |     0 |          0 |        12 | 33.33 |
|   INPUT          |    0 |       |            |           |       |
|   OUTPUT         |    4 |       |            |           |       |
|   BIDIR          |    0 |       |            |           |       |
| HPIOBDIFFINBUF   |    0 |     0 |          0 |        72 |  0.00 |
| HPIOBDIFFOUTBUF  |    0 |     0 |          0 |        72 |  0.00 |
| HDIOBDIFFINBUF   |    0 |     0 |          0 |        48 |  0.00 |
| BITSLICE_CONTROL |    0 |     0 |          0 |        24 |  0.00 |
| BITSLICE_RX_TX   |    0 |     0 |          0 |       936 |  0.00 |
| BITSLICE_TX      |    0 |     0 |          0 |        24 |  0.00 |
| RIU_OR           |    0 |     0 |          0 |        12 |  0.00 |
+------------------+------+-------+------------+-----------+-------+


6. CLOCK
--------

+----------------------+------+-------+------------+-----------+-------+
|       Site Type      | Used | Fixed | Prohibited | Available | Util% |
+----------------------+------+-------+------------+-----------+-------+
| GLOBAL CLOCK BUFFERs |    1 |     0 |          0 |       196 |  0.51 |
|   BUFGCE             |    1 |     0 |          0 |        88 |  1.14 |
|   BUFGCE_DIV         |    0 |     0 |          0 |        12 |  0.00 |
|   BUFG_PS            |    0 |     0 |          0 |        72 |  0.00 |
|   BUFGCTRL*          |    0 |     0 |          0 |        24 |  0.00 |
| PLL                  |    0 |     0 |          0 |         6 |  0.00 |
| MMCM                 |    0 |     0 |          0 |         3 |  0.00 |
+----------------------+------+-------+------------+-----------+-------+
* Note: Each used BUFGCTRL counts as two GLOBAL CLOCK BUFFERs. This table does not include global clocking resources, only buffer cell usage. See the Clock Utilization Report (report_clock_utilization) for detailed accounting of global clocking resource availability.


7. ADVANCED
-----------

+-----------+------+-------+------------+-----------+-------+
| Site Type | Used | Fixed | Prohibited | Available | Util% |
+-----------+------+-------+------------+-----------+-------+
| PS8       |    0 |     0 |          0 |         1 |  0.00 |
| SYSMONE4  |    0 |     0 |          0 |         1 |  0.00 |
+-----------+------+-------+------------+-----------+-------+


8. CONFIGURATION
----------------

+-------------+------+-------+------------+-----------+-------+
|  Site Type  | Used | Fixed | Prohibited | Available | Util% |
+-------------+------+-------+------------+-----------+-------+
| BSCANE2     |    0 |     0 |          0 |         4 |  0.00 |
| DNA_PORTE2  |    0 |     0 |          0 |         1 |  0.00 |
| EFUSE_USR   |    0 |     0 |          0 |         1 |  0.00 |
| FRAME_ECCE4 |    0 |     0 |          0 |         1 |  0.00 |
| ICAPE3      |    0 |     0 |          0 |         2 |  0.00 |
| MASTER_JTAG |    0 |     0 |          0 |         1 |  0.00 |
| STARTUPE3   |    0 |     0 |          0 |         1 |  0.00 |
+-------------+------+-------+------------+-----------+-------+


9. Primitives
-------------

+----------+------+---------------------+
| Ref Name | Used | Functional Category |
+----------+------+---------------------+
| FDRE     | 5709 |            Register |
| LUT2     | 2274 |                 CLB |
| LUT3     | 1770 |                 CLB |
| LUT4     | 1707 |                 CLB |
| LUT5     | 1584 |                 CLB |
| LUT6     | 1487 |                 CLB |
| LUT1     | 1368 |                 CLB |
| CARRY8   |  813 |                 CLB |
| INBUF    |   51 |                 I/O |
| IBUFCTRL |   51 |              Others |
| OBUF     |   41 |                 I/O |
| MUXF7    |   30 |                 CLB |
| DSP48E2  |   24 |          Arithmetic |
| MUXF8    |   12 |                 CLB |
| FDSE     |    8 |            Register |
| BUFGCE   |    1 |               Clock |
+----------+------+---------------------+


10. Black Boxes
---------------

+----------+------+
| Ref Name | Used |
+----------+------+


11. Instantiated Netlists
-------------------------

+----------+------+
| Ref Name | Used |
+----------+------+


