#-----------------------------------------------------------
# xsim v2022.2 (64-bit)
# SW Build 3671981 on Fri Oct 14 05:00:03 MDT 2022
# IP Build 3669848 on Fri Oct 14 08:30:02 MDT 2022
# Start of session at: Wed Aug 12 23:37:32 2026
# Process ID: 40688
# Current directory: C:/Users/jiho0/GitProjects/FPGA-Autonomous-Vehicle-Project/sources_1
# Command line: xsim.exe -mode tcl -source {xsim.dir/tb_core_logic_snap/xsim_script.tcl}
# Log file: C:/Users/jiho0/GitProjects/FPGA-Autonomous-Vehicle-Project/sources_1/xsim.log
# Journal file: C:/Users/jiho0/GitProjects/FPGA-Autonomous-Vehicle-Project/sources_1\xsim.jou
# Running On: JH_HP, OS: Windows, CPU Frequency: 1996 MHz, CPU Physical cores: 12, Host memory: 16697 MB
#-----------------------------------------------------------
source xsim.dir/tb_core_logic_snap/xsim_script.tcl
# xsim {tb_core_logic_snap} -autoloadwcfg -tclbatch {run.tcl}
Time resolution is 1 ps
source run.tcl
## log_wave -recursive *
WARNING: [Simtcl 6-197] One or more HDL objects could not be logged because of object type or size limitations.  To see details please rerun the command with -verbose (-v).
## run all
[TB] System Reset...
[TB] Reset Released. Wait for pipeline...
[105000] SEQ: 1 | Dist_out: 0 | MRM: 0 | TD_remain: 11
[215000] SEQ: 2 | Dist_out: 10 | MRM: 0 | TD_remain: 11
[325000] SEQ: 3 | Dist_out: 20 | MRM: 0 | TD_remain: 11
[435000] SEQ: 4 | Dist_out: 30 | MRM: 0 | TD_remain: 11
[545000] SEQ: 5 | Dist_out: 40 | MRM: 0 | TD_remain: 11
[655000] SEQ: 6 | Dist_out: 50 | MRM: 0 | TD_remain: 11
[765000] SEQ: 7 | Dist_out: 60 | MRM: 0 | TD_remain: 11
[875000] SEQ: 8 | Dist_out: 70 | MRM: 0 | TD_remain: 11
[985000] SEQ: 9 | Dist_out: 80 | MRM: 0 | TD_remain: 11
[1095000] SEQ: 10 | Dist_out: 90 | MRM: 0 | TD_remain: 11
[1205000] SEQ: 11 | Dist_out: 100 | MRM: 0 | TD_remain: 11
[1315000] SEQ: 12 | Dist_out: 110 | MRM: 0 | TD_remain: 11
[1425000] SEQ: 13 | Dist_out: 120 | MRM: 0 | TD_remain: 11
[1535000] SEQ: 14 | Dist_out: 130 | MRM: 0 | TD_remain: 11
[1645000] SEQ: 15 | Dist_out: 140 | MRM: 0 | TD_remain: 11
[1755000] SEQ: 16 | Dist_out: 150 | MRM: 0 | TD_remain: 11
[1865000] SEQ: 17 | Dist_out: 160 | MRM: 0 | TD_remain: 11
[1975000] SEQ: 18 | Dist_out: 170 | MRM: 0 | TD_remain: 11
[2085000] SEQ: 19 | Dist_out: 180 | MRM: 0 | TD_remain: 11
[2195000] SEQ: 20 | Dist_out: 190 | MRM: 0 | TD_remain: 11
[2305000] SEQ: 21 | Dist_out: 200 | MRM: 0 | TD_remain: 11
[2415000] SEQ: 22 | Dist_out: 100 | MRM: 0 | TD_remain: 11
[2525000] SEQ: 23 | Dist_out: 100 | MRM: 0 | TD_remain: 11
[2635000] SEQ: 24 | Dist_out: 100 | MRM: 0 | TD_remain: 11
[2745000] SEQ: 25 | Dist_out: 100 | MRM: 0 | TD_remain: 11
[2855000] SEQ: 26 | Dist_out: 100 | MRM: 0 | TD_remain: 11
[2965000] SEQ: 27 | Dist_out: 100 | MRM: 0 | TD_remain: 11
[3075000] SEQ: 28 | Dist_out: 100 | MRM: 0 | TD_remain: 11
[3185000] SEQ: 29 | Dist_out: 100 | MRM: 0 | TD_remain: 11
[3295000] SEQ: 30 | Dist_out: 100 | MRM: 0 | TD_remain: 11
[3405000] SEQ: 31 | Dist_out: 100 | MRM: 0 | TD_remain: 11
[3515000] SEQ: 32 | Dist_out: 100 | MRM: 0 | TD_remain: 11
[3625000] SEQ: 33 | Dist_out: 100 | MRM: 0 | TD_remain: 11
[3735000] SEQ: 34 | Dist_out: 100 | MRM: 0 | TD_remain: 11
[3845000] SEQ: 35 | Dist_out: 100 | MRM: 0 | TD_remain: 11
[3955000] SEQ: 36 | Dist_out: 100 | MRM: 0 | TD_remain: 11
[4065000] SEQ: 37 | Dist_out: 100 | MRM: 0 | TD_remain: 11
[4175000] SEQ: 38 | Dist_out: 100 | MRM: 0 | TD_remain: 11
[4285000] SEQ: 39 | Dist_out: 100 | MRM: 0 | TD_remain: 11
[4395000] SEQ: 40 | Dist_out: 100 | MRM: 0 | TD_remain: 11
[4505000] SEQ: 41 | Dist_out: 100 | MRM: 0 | TD_remain: 11
[4615000] SEQ: 42 | Dist_out: 100 | MRM: 0 | TD_remain: 11
[4725000] SEQ: 43 | Dist_out: 100 | MRM: 0 | TD_remain: 11
[4835000] SEQ: 44 | Dist_out: 100 | MRM: 0 | TD_remain: 11
[4945000] SEQ: 45 | Dist_out: 100 | MRM: 0 | TD_remain: 11
[5055000] SEQ: 46 | Dist_out: 100 | MRM: 0 | TD_remain: 11
[5165000] SEQ: 47 | Dist_out: 100 | MRM: 0 | TD_remain: 11
[5275000] SEQ: 48 | Dist_out: 100 | MRM: 0 | TD_remain: 11
[5385000] SEQ: 49 | Dist_out: 100 | MRM: 0 | TD_remain: 11
[5495000] SEQ: 50 | Dist_out: 100 | MRM: 0 | TD_remain: 11
[5605000] SEQ: 51 | Dist_out: 100 | MRM: 0 | TD_remain: 11
[5715000] SEQ: 52 | Dist_out: 100 | MRM: 0 | TD_remain: 11
[5825000] SEQ: 53 | Dist_out: 100 | MRM: 0 | TD_remain: 11
[5935000] SEQ: 54 | Dist_out: 100 | MRM: 0 | TD_remain: 11
[6045000] SEQ: 55 | Dist_out: 100 | MRM: 0 | TD_remain: 11
[6155000] SEQ: 56 | Dist_out: 100 | MRM: 0 | TD_remain: 11
[6265000] SEQ: 57 | Dist_out: 100 | MRM: 0 | TD_remain: 11
[6375000] SEQ: 58 | Dist_out: 100 | MRM: 0 | TD_remain: 11
[6485000] SEQ: 59 | Dist_out: 100 | MRM: 0 | TD_remain: 11
[6595000] SEQ: 60 | Dist_out: 100 | MRM: 0 | TD_remain: 11
[6705000] SEQ: 61 | Dist_out: 100 | MRM: 0 | TD_remain: 11
[6815000] SEQ: 62 | Dist_out: 100 | MRM: 0 | TD_remain: 11
[6925000] SEQ: 63 | Dist_out: 100 | MRM: 0 | TD_remain: 11
[7035000] SEQ: 64 | Dist_out: 100 | MRM: 0 | TD_remain: 11
[7145000] SEQ: 65 | Dist_out: 100 | MRM: 0 | TD_remain: 11
[7255000] SEQ: 66 | Dist_out: 100 | MRM: 0 | TD_remain: 11
[7365000] SEQ: 67 | Dist_out: 100 | MRM: 0 | TD_remain: 11
[7475000] SEQ: 68 | Dist_out: 100 | MRM: 0 | TD_remain: 11
[7585000] SEQ: 69 | Dist_out: 100 | MRM: 0 | TD_remain: 11
[7695000] SEQ: 70 | Dist_out: 100 | MRM: 0 | TD_remain: 11
[7805000] SEQ: 71 | Dist_out: 100 | MRM: 0 | TD_remain: 11
[7915000] SEQ: 72 | Dist_out: 100 | MRM: 0 | TD_remain: 11
[8025000] SEQ: 73 | Dist_out: 100 | MRM: 0 | TD_remain: 11
[8135000] SEQ: 74 | Dist_out: 100 | MRM: 0 | TD_remain: 11
[8245000] SEQ: 75 | Dist_out: 100 | MRM: 0 | TD_remain: 11
[8355000] SEQ: 76 | Dist_out: 100 | MRM: 0 | TD_remain: 11
[8465000] SEQ: 77 | Dist_out: 100 | MRM: 0 | TD_remain: 11
[8575000] SEQ: 78 | Dist_out: 100 | MRM: 0 | TD_remain: 11
[8685000] SEQ: 79 | Dist_out: 100 | MRM: 0 | TD_remain: 11
[8795000] SEQ: 80 | Dist_out: 100 | MRM: 0 | TD_remain: 11
[8905000] SEQ: 81 | Dist_out: 100 | MRM: 0 | TD_remain: 11
[9015000] SEQ: 82 | Dist_out: 100 | MRM: 0 | TD_remain: 11
[9125000] SEQ: 83 | Dist_out: 100 | MRM: 0 | TD_remain: 11
[9235000] SEQ: 84 | Dist_out: 100 | MRM: 0 | TD_remain: 11
[9345000] SEQ: 85 | Dist_out: 100 | MRM: 0 | TD_remain: 11
[9455000] SEQ: 86 | Dist_out: 100 | MRM: 0 | TD_remain: 11
[9565000] SEQ: 87 | Dist_out: 100 | MRM: 0 | TD_remain: 11
[9675000] SEQ: 88 | Dist_out: 100 | MRM: 0 | TD_remain: 11
[9785000] SEQ: 89 | Dist_out: 100 | MRM: 0 | TD_remain: 11
[9895000] SEQ: 90 | Dist_out: 100 | MRM: 0 | TD_remain: 11
[10005000] SEQ: 91 | Dist_out: 100 | MRM: 0 | TD_remain: 11
[10115000] SEQ: 92 | Dist_out: 100 | MRM: 0 | TD_remain: 11
[10225000] SEQ: 93 | Dist_out: 100 | MRM: 0 | TD_remain: 11
[10335000] SEQ: 94 | Dist_out: 100 | MRM: 0 | TD_remain: 11
[10445000] SEQ: 95 | Dist_out: 100 | MRM: 0 | TD_remain: 11
[10555000] SEQ: 96 | Dist_out: 100 | MRM: 0 | TD_remain: 11
[10665000] SEQ: 97 | Dist_out: 100 | MRM: 0 | TD_remain: 11
[10775000] SEQ: 98 | Dist_out: 100 | MRM: 0 | TD_remain: 11
[10885000] SEQ: 99 | Dist_out: 100 | MRM: 0 | TD_remain: 11
[10995000] SEQ: 100 | Dist_out: 100 | MRM: 0 | TD_remain: 11
[11105000] SEQ: 101 | Dist_out: 100 | MRM: 0 | TD_remain: 11
[11215000] SEQ: 102 | Dist_out: 100 | MRM: 0 | TD_remain: 11
[11325000] SEQ: 103 | Dist_out: 100 | MRM: 0 | TD_remain: 11
[11435000] SEQ: 104 | Dist_out: 100 | MRM: 0 | TD_remain: 11
[11545000] SEQ: 105 | Dist_out: 100 | MRM: 0 | TD_remain: 11
[11655000] SEQ: 106 | Dist_out: 100 | MRM: 0 | TD_remain: 11
[11765000] SEQ: 107 | Dist_out: 100 | MRM: 0 | TD_remain: 11
[11875000] SEQ: 108 | Dist_out: 100 | MRM: 0 | TD_remain: 11
[11985000] SEQ: 109 | Dist_out: 100 | MRM: 0 | TD_remain: 11
[12095000] SEQ: 110 | Dist_out: 100 | MRM: 0 | TD_remain: 11
[12205000] SEQ: 111 | Dist_out: 100 | MRM: 0 | TD_remain: 11
[12315000] SEQ: 112 | Dist_out: 100 | MRM: 0 | TD_remain: 11
[12425000] SEQ: 113 | Dist_out: 100 | MRM: 0 | TD_remain: 11
[12535000] SEQ: 114 | Dist_out: 100 | MRM: 0 | TD_remain: 11
[12645000] SEQ: 115 | Dist_out: 100 | MRM: 0 | TD_remain: 11
[12755000] SEQ: 116 | Dist_out: 100 | MRM: 0 | TD_remain: 11
[12865000] SEQ: 117 | Dist_out: 100 | MRM: 0 | TD_remain: 11
[12975000] SEQ: 118 | Dist_out: 100 | MRM: 0 | TD_remain: 11
[13085000] SEQ: 119 | Dist_out: 100 | MRM: 0 | TD_remain: 11
[13195000] SEQ: 120 | Dist_out: 100 | MRM: 0 | TD_remain: 11
[13305000] SEQ: 121 | Dist_out: 100 | MRM: 0 | TD_remain: 11
[13415000] SEQ: 122 | Dist_out: 100 | MRM: 0 | TD_remain: 11
[13525000] SEQ: 123 | Dist_out: 100 | MRM: 0 | TD_remain: 11
[13635000] SEQ: 124 | Dist_out: 100 | MRM: 0 | TD_remain: 11
[13745000] SEQ: 125 | Dist_out: 100 | MRM: 0 | TD_remain: 11
[13855000] SEQ: 126 | Dist_out: 100 | MRM: 0 | TD_remain: 11
[13965000] SEQ: 127 | Dist_out: 100 | MRM: 0 | TD_remain: 11
[14075000] SEQ: 128 | Dist_out: 100 | MRM: 0 | TD_remain: 11
[14185000] SEQ: 129 | Dist_out: 100 | MRM: 0 | TD_remain: 11
[14295000] SEQ: 130 | Dist_out: 100 | MRM: 0 | TD_remain: 11
[14405000] SEQ: 131 | Dist_out: 100 | MRM: 0 | TD_remain: 11
[14515000] SEQ: 132 | Dist_out: 100 | MRM: 0 | TD_remain: 11
[14625000] SEQ: 133 | Dist_out: 100 | MRM: 0 | TD_remain: 11
[14735000] SEQ: 134 | Dist_out: 100 | MRM: 0 | TD_remain: 11
[14845000] SEQ: 135 | Dist_out: 100 | MRM: 0 | TD_remain: 11
[14955000] SEQ: 136 | Dist_out: 100 | MRM: 0 | TD_remain: 11
[15065000] SEQ: 137 | Dist_out: 100 | MRM: 0 | TD_remain: 11
[15175000] SEQ: 138 | Dist_out: 100 | MRM: 0 | TD_remain: 11
[15285000] SEQ: 139 | Dist_out: 100 | MRM: 0 | TD_remain: 11
[15395000] SEQ: 140 | Dist_out: 100 | MRM: 0 | TD_remain: 11
[15505000] SEQ: 141 | Dist_out: 100 | MRM: 0 | TD_remain: 11
[15615000] SEQ: 142 | Dist_out: 100 | MRM: 0 | TD_remain: 11
[15725000] SEQ: 143 | Dist_out: 100 | MRM: 0 | TD_remain: 11
[15835000] SEQ: 144 | Dist_out: 100 | MRM: 0 | TD_remain: 11
[15945000] SEQ: 145 | Dist_out: 100 | MRM: 0 | TD_remain: 11
[16055000] SEQ: 146 | Dist_out: 100 | MRM: 0 | TD_remain: 11
[16165000] SEQ: 147 | Dist_out: 100 | MRM: 0 | TD_remain: 11
[16275000] SEQ: 148 | Dist_out: 100 | MRM: 0 | TD_remain: 11
[16385000] SEQ: 149 | Dist_out: 100 | MRM: 0 | TD_remain: 11
[16495000] SEQ: 150 | Dist_out: 100 | MRM: 0 | TD_remain: 11
[16605000] SEQ: 151 | Dist_out: 100 | MRM: 0 | TD_remain: 11
[16715000] SEQ: 152 | Dist_out: 100 | MRM: 0 | TD_remain: 11
[16825000] SEQ: 153 | Dist_out: 100 | MRM: 0 | TD_remain: 11
[16935000] SEQ: 154 | Dist_out: 100 | MRM: 0 | TD_remain: 11
[17045000] SEQ: 155 | Dist_out: 100 | MRM: 0 | TD_remain: 11
[17155000] SEQ: 156 | Dist_out: 100 | MRM: 0 | TD_remain: 11
[17265000] SEQ: 157 | Dist_out: 100 | MRM: 0 | TD_remain: 11
[17375000] SEQ: 158 | Dist_out: 100 | MRM: 0 | TD_remain: 11
[17485000] SEQ: 159 | Dist_out: 100 | MRM: 0 | TD_remain: 11
[17595000] SEQ: 160 | Dist_out: 100 | MRM: 0 | TD_remain: 11
[17705000] SEQ: 161 | Dist_out: 100 | MRM: 0 | TD_remain: 11
[17815000] SEQ: 162 | Dist_out: 100 | MRM: 0 | TD_remain: 11
[17925000] SEQ: 163 | Dist_out: 100 | MRM: 0 | TD_remain: 11
[18035000] SEQ: 164 | Dist_out: 100 | MRM: 0 | TD_remain: 11
[18145000] SEQ: 165 | Dist_out: 100 | MRM: 0 | TD_remain: 11
[18255000] SEQ: 166 | Dist_out: 100 | MRM: 0 | TD_remain: 11
[18365000] SEQ: 167 | Dist_out: 100 | MRM: 0 | TD_remain: 11
[18475000] SEQ: 168 | Dist_out: 100 | MRM: 0 | TD_remain: 11
[18585000] SEQ: 169 | Dist_out: 100 | MRM: 0 | TD_remain: 11
[18695000] SEQ: 170 | Dist_out: 100 | MRM: 0 | TD_remain: 11
[18805000] SEQ: 171 | Dist_out: 100 | MRM: 0 | TD_remain: 11
[18915000] SEQ: 172 | Dist_out: 100 | MRM: 0 | TD_remain: 11
[19025000] SEQ: 173 | Dist_out: 100 | MRM: 0 | TD_remain: 11
[19135000] SEQ: 174 | Dist_out: 100 | MRM: 0 | TD_remain: 11
[19245000] SEQ: 175 | Dist_out: 100 | MRM: 0 | TD_remain: 11
[19355000] SEQ: 176 | Dist_out: 100 | MRM: 0 | TD_remain: 11
[19465000] SEQ: 177 | Dist_out: 100 | MRM: 0 | TD_remain: 11
[19575000] SEQ: 178 | Dist_out: 100 | MRM: 0 | TD_remain: 11
[19685000] SEQ: 179 | Dist_out: 100 | MRM: 0 | TD_remain: 11
[19795000] SEQ: 180 | Dist_out: 100 | MRM: 0 | TD_remain: 11
[19905000] SEQ: 181 | Dist_out: 100 | MRM: 0 | TD_remain: 11
[20015000] SEQ: 182 | Dist_out: 100 | MRM: 0 | TD_remain: 11
[20125000] SEQ: 183 | Dist_out: 100 | MRM: 0 | TD_remain: 11
[20235000] SEQ: 184 | Dist_out: 100 | MRM: 0 | TD_remain: 11
[20345000] SEQ: 185 | Dist_out: 100 | MRM: 0 | TD_remain: 11
[20455000] SEQ: 186 | Dist_out: 100 | MRM: 0 | TD_remain: 11
[20565000] SEQ: 187 | Dist_out: 100 | MRM: 0 | TD_remain: 11
[20675000] SEQ: 188 | Dist_out: 100 | MRM: 0 | TD_remain: 11
[20785000] SEQ: 189 | Dist_out: 100 | MRM: 0 | TD_remain: 11
[20895000] SEQ: 190 | Dist_out: 100 | MRM: 0 | TD_remain: 11
[21005000] SEQ: 191 | Dist_out: 100 | MRM: 0 | TD_remain: 11
[21115000] SEQ: 192 | Dist_out: 100 | MRM: 0 | TD_remain: 11
[21225000] SEQ: 193 | Dist_out: 100 | MRM: 0 | TD_remain: 11
[21335000] SEQ: 194 | Dist_out: 100 | MRM: 0 | TD_remain: 11
[21445000] SEQ: 195 | Dist_out: 100 | MRM: 0 | TD_remain: 11
[21555000] SEQ: 196 | Dist_out: 100 | MRM: 0 | TD_remain: 11
[21665000] SEQ: 197 | Dist_out: 100 | MRM: 0 | TD_remain: 11
[21775000] SEQ: 198 | Dist_out: 100 | MRM: 0 | TD_remain: 11
[21885000] SEQ: 199 | Dist_out: 100 | MRM: 0 | TD_remain: 11
[21995000] SEQ: 200 | Dist_out: 100 | MRM: 0 | TD_remain: 11
[22105000] SEQ: 201 | Dist_out: 100 | MRM: 0 | TD_remain: 11
[22215000] SEQ: 202 | Dist_out: 100 | MRM: 0 | TD_remain: 11
[22325000] SEQ: 203 | Dist_out: 100 | MRM: 0 | TD_remain: 11
[22435000] SEQ: 204 | Dist_out: 100 | MRM: 0 | TD_remain: 11
[22545000] SEQ: 205 | Dist_out: 100 | MRM: 0 | TD_remain: 11
[22655000] SEQ: 206 | Dist_out: 100 | MRM: 0 | TD_remain: 11
[22765000] SEQ: 207 | Dist_out: 100 | MRM: 0 | TD_remain: 11
[22875000] SEQ: 208 | Dist_out: 100 | MRM: 0 | TD_remain: 11
[22985000] SEQ: 209 | Dist_out: 100 | MRM: 0 | TD_remain: 11
[23095000] SEQ: 210 | Dist_out: 100 | MRM: 0 | TD_remain: 11
[23205000] SEQ: 211 | Dist_out: 100 | MRM: 0 | TD_remain: 11
[23315000] SEQ: 212 | Dist_out: 100 | MRM: 0 | TD_remain: 11
[23425000] SEQ: 213 | Dist_out: 100 | MRM: 0 | TD_remain: 11
[23535000] SEQ: 214 | Dist_out: 100 | MRM: 0 | TD_remain: 11
[23645000] SEQ: 215 | Dist_out: 100 | MRM: 0 | TD_remain: 11
[23755000] SEQ: 216 | Dist_out: 100 | MRM: 0 | TD_remain: 11
[23865000] SEQ: 217 | Dist_out: 100 | MRM: 0 | TD_remain: 11
[23975000] SEQ: 218 | Dist_out: 100 | MRM: 0 | TD_remain: 11
[24085000] SEQ: 219 | Dist_out: 100 | MRM: 0 | TD_remain: 11
[24195000] SEQ: 220 | Dist_out: 100 | MRM: 0 | TD_remain: 11
[24305000] SEQ: 221 | Dist_out: 100 | MRM: 0 | TD_remain: 11
[24415000] SEQ: 222 | Dist_out: 100 | MRM: 0 | TD_remain: 11
[24525000] SEQ: 223 | Dist_out: 100 | MRM: 0 | TD_remain: 11
[24635000] SEQ: 224 | Dist_out: 100 | MRM: 0 | TD_remain: 11
[24745000] SEQ: 225 | Dist_out: 100 | MRM: 0 | TD_remain: 11
[24855000] SEQ: 226 | Dist_out: 100 | MRM: 0 | TD_remain: 11
[24965000] SEQ: 227 | Dist_out: 100 | MRM: 0 | TD_remain: 11
[25075000] SEQ: 228 | Dist_out: 100 | MRM: 0 | TD_remain: 11
[25185000] SEQ: 229 | Dist_out: 100 | MRM: 0 | TD_remain: 11
[25295000] SEQ: 230 | Dist_out: 100 | MRM: 0 | TD_remain: 11
[25405000] SEQ: 231 | Dist_out: 100 | MRM: 0 | TD_remain: 11
[25515000] SEQ: 232 | Dist_out: 100 | MRM: 0 | TD_remain: 11
[25625000] SEQ: 233 | Dist_out: 100 | MRM: 0 | TD_remain: 11
[25735000] SEQ: 234 | Dist_out: 100 | MRM: 0 | TD_remain: 11
[25845000] SEQ: 235 | Dist_out: 100 | MRM: 0 | TD_remain: 11
[25955000] SEQ: 236 | Dist_out: 100 | MRM: 0 | TD_remain: 11
[26065000] SEQ: 237 | Dist_out: 100 | MRM: 0 | TD_remain: 11
[26175000] SEQ: 238 | Dist_out: 100 | MRM: 0 | TD_remain: 11
[26285000] SEQ: 239 | Dist_out: 100 | MRM: 0 | TD_remain: 11
[26395000] SEQ: 240 | Dist_out: 100 | MRM: 0 | TD_remain: 11
[26505000] SEQ: 241 | Dist_out: 100 | MRM: 0 | TD_remain: 11
[26615000] SEQ: 242 | Dist_out: 100 | MRM: 0 | TD_remain: 11
[26725000] SEQ: 243 | Dist_out: 100 | MRM: 0 | TD_remain: 11
[26835000] SEQ: 244 | Dist_out: 100 | MRM: 0 | TD_remain: 11
[26945000] SEQ: 245 | Dist_out: 100 | MRM: 0 | TD_remain: 11
[27055000] SEQ: 246 | Dist_out: 100 | MRM: 0 | TD_remain: 11
[27165000] SEQ: 247 | Dist_out: 100 | MRM: 0 | TD_remain: 11
[27275000] SEQ: 248 | Dist_out: 100 | MRM: 0 | TD_remain: 11
[27385000] SEQ: 249 | Dist_out: 100 | MRM: 0 | TD_remain: 11
[27495000] SEQ: 250 | Dist_out: 100 | MRM: 0 | TD_remain: 11
[27605000] SEQ: 251 | Dist_out: 100 | MRM: 0 | TD_remain: 11
[27715000] SEQ: 252 | Dist_out: 100 | MRM: 0 | TD_remain: 11
[27825000] SEQ: 253 | Dist_out: 100 | MRM: 0 | TD_remain: 11
[27935000] SEQ: 254 | Dist_out: 100 | MRM: 0 | TD_remain: 11
[28045000] SEQ: 255 | Dist_out: 100 | MRM: 0 | TD_remain: 11
[28155000] SEQ: 256 | Dist_out: 100 | MRM: 0 | TD_remain: 11
[28265000] SEQ: 257 | Dist_out: 100 | MRM: 0 | TD_remain: 11
[28375000] SEQ: 258 | Dist_out: 100 | MRM: 0 | TD_remain: 11
[28485000] SEQ: 259 | Dist_out: 100 | MRM: 0 | TD_remain: 11
[28595000] SEQ: 260 | Dist_out: 100 | MRM: 0 | TD_remain: 11
[28705000] SEQ: 261 | Dist_out: 100 | MRM: 0 | TD_remain: 11
[28815000] SEQ: 262 | Dist_out: 100 | MRM: 0 | TD_remain: 11
[28925000] SEQ: 263 | Dist_out: 100 | MRM: 0 | TD_remain: 11
[29035000] SEQ: 264 | Dist_out: 100 | MRM: 0 | TD_remain: 11
[29145000] SEQ: 265 | Dist_out: 100 | MRM: 0 | TD_remain: 11
[29255000] SEQ: 266 | Dist_out: 100 | MRM: 0 | TD_remain: 11
[29365000] SEQ: 267 | Dist_out: 100 | MRM: 0 | TD_remain: 11
[29475000] SEQ: 268 | Dist_out: 100 | MRM: 0 | TD_remain: 11
[29585000] SEQ: 269 | Dist_out: 100 | MRM: 0 | TD_remain: 11
[29695000] SEQ: 270 | Dist_out: 100 | MRM: 0 | TD_remain: 11
[29805000] SEQ: 271 | Dist_out: 100 | MRM: 0 | TD_remain: 11
[29915000] SEQ: 272 | Dist_out: 100 | MRM: 0 | TD_remain: 11
[30025000] SEQ: 273 | Dist_out: 100 | MRM: 0 | TD_remain: 11
[30135000] SEQ: 274 | Dist_out: 100 | MRM: 0 | TD_remain: 11
[30245000] SEQ: 275 | Dist_out: 100 | MRM: 0 | TD_remain: 11
[30355000] SEQ: 276 | Dist_out: 100 | MRM: 0 | TD_remain: 11
[30465000] SEQ: 277 | Dist_out: 100 | MRM: 0 | TD_remain: 11
[30575000] SEQ: 278 | Dist_out: 100 | MRM: 0 | TD_remain: 11
[30685000] SEQ: 279 | Dist_out: 100 | MRM: 0 | TD_remain: 11
[30795000] SEQ: 280 | Dist_out: 100 | MRM: 0 | TD_remain: 11
[30905000] SEQ: 281 | Dist_out: 100 | MRM: 0 | TD_remain: 11
[31015000] SEQ: 282 | Dist_out: 100 | MRM: 0 | TD_remain: 11
[31125000] SEQ: 283 | Dist_out: 100 | MRM: 0 | TD_remain: 11
[31235000] SEQ: 284 | Dist_out: 100 | MRM: 0 | TD_remain: 11
[31345000] SEQ: 285 | Dist_out: 100 | MRM: 0 | TD_remain: 11
[31455000] SEQ: 286 | Dist_out: 100 | MRM: 0 | TD_remain: 11
[31565000] SEQ: 287 | Dist_out: 100 | MRM: 0 | TD_remain: 11
[31675000] SEQ: 288 | Dist_out: 100 | MRM: 0 | TD_remain: 11
[31785000] SEQ: 289 | Dist_out: 100 | MRM: 0 | TD_remain: 11
[31895000] SEQ: 290 | Dist_out: 100 | MRM: 0 | TD_remain: 11
[32005000] SEQ: 291 | Dist_out: 100 | MRM: 0 | TD_remain: 11
[32115000] SEQ: 292 | Dist_out: 100 | MRM: 0 | TD_remain: 11
[32225000] SEQ: 293 | Dist_out: 100 | MRM: 0 | TD_remain: 11
[32335000] SEQ: 294 | Dist_out: 100 | MRM: 0 | TD_remain: 11
[32445000] SEQ: 295 | Dist_out: 100 | MRM: 0 | TD_remain: 11
[32555000] SEQ: 296 | Dist_out: 100 | MRM: 0 | TD_remain: 11
[32665000] SEQ: 297 | Dist_out: 100 | MRM: 0 | TD_remain: 11
[32775000] SEQ: 298 | Dist_out: 100 | MRM: 0 | TD_remain: 11
[32885000] SEQ: 299 | Dist_out: 100 | MRM: 0 | TD_remain: 11
[32995000] SEQ: 300 | Dist_out: 100 | MRM: 0 | TD_remain: 11
[33105000] SEQ: 301 | Dist_out: 100 | MRM: 0 | TD_remain: 11
[33215000] SEQ: 302 | Dist_out: 100 | MRM: 0 | TD_remain: 11
[33325000] SEQ: 303 | Dist_out: 100 | MRM: 0 | TD_remain: 11
[33435000] SEQ: 304 | Dist_out: 100 | MRM: 0 | TD_remain: 11
[33545000] SEQ: 305 | Dist_out: 100 | MRM: 0 | TD_remain: 11
[33655000] SEQ: 306 | Dist_out: 100 | MRM: 0 | TD_remain: 11
[33765000] SEQ: 307 | Dist_out: 100 | MRM: 0 | TD_remain: 11
[33875000] SEQ: 308 | Dist_out: 100 | MRM: 0 | TD_remain: 11
[33985000] SEQ: 309 | Dist_out: 100 | MRM: 0 | TD_remain: 11
[34095000] SEQ: 310 | Dist_out: 100 | MRM: 0 | TD_remain: 11
[34205000] SEQ: 311 | Dist_out: 100 | MRM: 0 | TD_remain: 11
[34315000] SEQ: 312 | Dist_out: 100 | MRM: 0 | TD_remain: 11
[34425000] SEQ: 313 | Dist_out: 100 | MRM: 0 | TD_remain: 11
[34535000] SEQ: 314 | Dist_out: 100 | MRM: 0 | TD_remain: 11
[34645000] SEQ: 315 | Dist_out: 100 | MRM: 0 | TD_remain: 11
[34755000] SEQ: 316 | Dist_out: 100 | MRM: 0 | TD_remain: 11
[34865000] SEQ: 317 | Dist_out: 100 | MRM: 0 | TD_remain: 11
[34975000] SEQ: 318 | Dist_out: 100 | MRM: 0 | TD_remain: 11
[35085000] SEQ: 319 | Dist_out: 100 | MRM: 0 | TD_remain: 11
[35195000] SEQ: 320 | Dist_out: 100 | MRM: 0 | TD_remain: 11
[35305000] SEQ: 321 | Dist_out: 100 | MRM: 0 | TD_remain: 11
[35415000] SEQ: 322 | Dist_out: 100 | MRM: 0 | TD_remain: 11
[35525000] SEQ: 323 | Dist_out: 100 | MRM: 0 | TD_remain: 11
[35635000] SEQ: 324 | Dist_out: 100 | MRM: 0 | TD_remain: 11
[35745000] SEQ: 325 | Dist_out: 100 | MRM: 0 | TD_remain: 11
[35855000] SEQ: 326 | Dist_out: 100 | MRM: 0 | TD_remain: 11
[35965000] SEQ: 327 | Dist_out: 100 | MRM: 0 | TD_remain: 11
[36075000] SEQ: 328 | Dist_out: 100 | MRM: 0 | TD_remain: 11
[36185000] SEQ: 329 | Dist_out: 100 | MRM: 0 | TD_remain: 11
[36295000] SEQ: 330 | Dist_out: 100 | MRM: 0 | TD_remain: 11
[36405000] SEQ: 331 | Dist_out: 100 | MRM: 0 | TD_remain: 11
[36515000] SEQ: 332 | Dist_out: 100 | MRM: 0 | TD_remain: 11
[36625000] SEQ: 333 | Dist_out: 100 | MRM: 0 | TD_remain: 11
[36735000] SEQ: 334 | Dist_out: 100 | MRM: 0 | TD_remain: 11
[36845000] SEQ: 335 | Dist_out: 100 | MRM: 0 | TD_remain: 11
[36955000] SEQ: 336 | Dist_out: 100 | MRM: 0 | TD_remain: 11
[37065000] SEQ: 337 | Dist_out: 100 | MRM: 0 | TD_remain: 11
[37175000] SEQ: 338 | Dist_out: 100 | MRM: 0 | TD_remain: 11
[37285000] SEQ: 339 | Dist_out: 100 | MRM: 0 | TD_remain: 11
[37395000] SEQ: 340 | Dist_out: 100 | MRM: 0 | TD_remain: 11
[37505000] SEQ: 341 | Dist_out: 100 | MRM: 0 | TD_remain: 11
[37615000] SEQ: 342 | Dist_out: 100 | MRM: 0 | TD_remain: 11
[37725000] SEQ: 343 | Dist_out: 100 | MRM: 0 | TD_remain: 11
[37835000] SEQ: 344 | Dist_out: 100 | MRM: 0 | TD_remain: 11
[37945000] SEQ: 345 | Dist_out: 100 | MRM: 0 | TD_remain: 11
[38055000] SEQ: 346 | Dist_out: 100 | MRM: 0 | TD_remain: 11
[38165000] SEQ: 347 | Dist_out: 100 | MRM: 0 | TD_remain: 11
[38275000] SEQ: 348 | Dist_out: 100 | MRM: 0 | TD_remain: 11
[38385000] SEQ: 349 | Dist_out: 100 | MRM: 0 | TD_remain: 11
[38495000] SEQ: 350 | Dist_out: 100 | MRM: 0 | TD_remain: 11
[38605000] SEQ: 351 | Dist_out: 100 | MRM: 0 | TD_remain: 11
[38715000] SEQ: 352 | Dist_out: 100 | MRM: 0 | TD_remain: 11
[38825000] SEQ: 353 | Dist_out: 100 | MRM: 0 | TD_remain: 11
[38935000] SEQ: 354 | Dist_out: 100 | MRM: 0 | TD_remain: 11
[39045000] SEQ: 355 | Dist_out: 100 | MRM: 0 | TD_remain: 11
[39155000] SEQ: 356 | Dist_out: 100 | MRM: 0 | TD_remain: 11
[39265000] SEQ: 357 | Dist_out: 100 | MRM: 0 | TD_remain: 11
[39375000] SEQ: 358 | Dist_out: 100 | MRM: 0 | TD_remain: 11
[39485000] SEQ: 359 | Dist_out: 100 | MRM: 0 | TD_remain: 11
[39595000] SEQ: 360 | Dist_out: 100 | MRM: 0 | TD_remain: 11
[39705000] SEQ: 361 | Dist_out: 100 | MRM: 0 | TD_remain: 11
[39815000] SEQ: 362 | Dist_out: 100 | MRM: 0 | TD_remain: 11
[39925000] SEQ: 363 | Dist_out: 100 | MRM: 0 | TD_remain: 11
[40035000] SEQ: 364 | Dist_out: 100 | MRM: 0 | TD_remain: 11
[40145000] SEQ: 365 | Dist_out: 100 | MRM: 0 | TD_remain: 11
[40255000] SEQ: 366 | Dist_out: 100 | MRM: 0 | TD_remain: 11
[40365000] SEQ: 367 | Dist_out: 100 | MRM: 0 | TD_remain: 11
[40475000] SEQ: 368 | Dist_out: 100 | MRM: 0 | TD_remain: 11
[40585000] SEQ: 369 | Dist_out: 100 | MRM: 0 | TD_remain: 11
[40695000] SEQ: 370 | Dist_out: 100 | MRM: 0 | TD_remain: 11
[40805000] SEQ: 371 | Dist_out: 100 | MRM: 0 | TD_remain: 11
[40915000] SEQ: 372 | Dist_out: 100 | MRM: 0 | TD_remain: 11
[41025000] SEQ: 373 | Dist_out: 100 | MRM: 0 | TD_remain: 11
[41135000] SEQ: 374 | Dist_out: 100 | MRM: 0 | TD_remain: 11
[41245000] SEQ: 375 | Dist_out: 100 | MRM: 0 | TD_remain: 11
[41355000] SEQ: 376 | Dist_out: 100 | MRM: 0 | TD_remain: 11
[41465000] SEQ: 377 | Dist_out: 100 | MRM: 0 | TD_remain: 11
[41575000] SEQ: 378 | Dist_out: 100 | MRM: 0 | TD_remain: 11
[41685000] SEQ: 379 | Dist_out: 100 | MRM: 0 | TD_remain: 11
[41795000] SEQ: 380 | Dist_out: 100 | MRM: 0 | TD_remain: 11
[41905000] SEQ: 381 | Dist_out: 100 | MRM: 0 | TD_remain: 11
[42015000] SEQ: 382 | Dist_out: 100 | MRM: 0 | TD_remain: 11
[42125000] SEQ: 383 | Dist_out: 100 | MRM: 0 | TD_remain: 11
[42235000] SEQ: 384 | Dist_out: 100 | MRM: 0 | TD_remain: 11
[42345000] SEQ: 385 | Dist_out: 100 | MRM: 0 | TD_remain: 11
[42455000] SEQ: 386 | Dist_out: 100 | MRM: 0 | TD_remain: 11
[42565000] SEQ: 387 | Dist_out: 100 | MRM: 0 | TD_remain: 11
[42675000] SEQ: 388 | Dist_out: 100 | MRM: 0 | TD_remain: 11
[42785000] SEQ: 389 | Dist_out: 100 | MRM: 0 | TD_remain: 11
[42895000] SEQ: 390 | Dist_out: 100 | MRM: 0 | TD_remain: 11
[43005000] SEQ: 391 | Dist_out: 100 | MRM: 0 | TD_remain: 11
[43115000] SEQ: 392 | Dist_out: 100 | MRM: 0 | TD_remain: 11
[43225000] SEQ: 393 | Dist_out: 100 | MRM: 0 | TD_remain: 11
[43335000] SEQ: 394 | Dist_out: 100 | MRM: 0 | TD_remain: 11
[43445000] SEQ: 395 | Dist_out: 100 | MRM: 0 | TD_remain: 11
[43555000] SEQ: 396 | Dist_out: 100 | MRM: 0 | TD_remain: 11
[43665000] SEQ: 397 | Dist_out: 100 | MRM: 0 | TD_remain: 11
[43775000] SEQ: 398 | Dist_out: 100 | MRM: 0 | TD_remain: 11
[43885000] SEQ: 399 | Dist_out: 100 | MRM: 0 | TD_remain: 11
[43995000] SEQ: 400 | Dist_out: 100 | MRM: 0 | TD_remain: 11
[44105000] SEQ: 401 | Dist_out: 100 | MRM: 0 | TD_remain: 11
[44215000] SEQ: 402 | Dist_out: 100 | MRM: 0 | TD_remain: 11
[44325000] SEQ: 403 | Dist_out: 100 | MRM: 0 | TD_remain: 11
[44435000] SEQ: 404 | Dist_out: 100 | MRM: 0 | TD_remain: 11
[44545000] SEQ: 405 | Dist_out: 100 | MRM: 0 | TD_remain: 11
[44655000] SEQ: 406 | Dist_out: 100 | MRM: 0 | TD_remain: 11
[44765000] SEQ: 407 | Dist_out: 100 | MRM: 0 | TD_remain: 11
[44875000] SEQ: 408 | Dist_out: 100 | MRM: 0 | TD_remain: 11
[44985000] SEQ: 409 | Dist_out: 100 | MRM: 0 | TD_remain: 11
[45095000] SEQ: 410 | Dist_out: 100 | MRM: 0 | TD_remain: 11
[45205000] SEQ: 411 | Dist_out: 100 | MRM: 0 | TD_remain: 11
[45315000] SEQ: 412 | Dist_out: 100 | MRM: 0 | TD_remain: 11
[45425000] SEQ: 413 | Dist_out: 100 | MRM: 0 | TD_remain: 11
[45535000] SEQ: 414 | Dist_out: 100 | MRM: 0 | TD_remain: 11
[45645000] SEQ: 415 | Dist_out: 100 | MRM: 0 | TD_remain: 11
[45755000] SEQ: 416 | Dist_out: 100 | MRM: 0 | TD_remain: 11
[45865000] SEQ: 417 | Dist_out: 100 | MRM: 0 | TD_remain: 11
[45975000] SEQ: 418 | Dist_out: 100 | MRM: 0 | TD_remain: 11
[46085000] SEQ: 419 | Dist_out: 100 | MRM: 0 | TD_remain: 11
[46195000] SEQ: 420 | Dist_out: 100 | MRM: 0 | TD_remain: 11
[46305000] SEQ: 421 | Dist_out: 100 | MRM: 0 | TD_remain: 11
[46415000] SEQ: 422 | Dist_out: 100 | MRM: 0 | TD_remain: 11
[46525000] SEQ: 423 | Dist_out: 100 | MRM: 0 | TD_remain: 11
[46635000] SEQ: 424 | Dist_out: 100 | MRM: 0 | TD_remain: 11
[46745000] SEQ: 425 | Dist_out: 100 | MRM: 0 | TD_remain: 11
[46855000] SEQ: 426 | Dist_out: 100 | MRM: 0 | TD_remain: 11
[46965000] SEQ: 427 | Dist_out: 100 | MRM: 0 | TD_remain: 11
[47075000] SEQ: 428 | Dist_out: 100 | MRM: 0 | TD_remain: 11
[47185000] SEQ: 429 | Dist_out: 100 | MRM: 0 | TD_remain: 11
[47295000] SEQ: 430 | Dist_out: 100 | MRM: 0 | TD_remain: 11
[47405000] SEQ: 431 | Dist_out: 100 | MRM: 0 | TD_remain: 11
[47515000] SEQ: 432 | Dist_out: 100 | MRM: 0 | TD_remain: 11
[47625000] SEQ: 433 | Dist_out: 100 | MRM: 0 | TD_remain: 11
[47735000] SEQ: 434 | Dist_out: 100 | MRM: 0 | TD_remain: 11
[47845000] SEQ: 435 | Dist_out: 100 | MRM: 0 | TD_remain: 11
[47955000] SEQ: 436 | Dist_out: 100 | MRM: 0 | TD_remain: 11
[48065000] SEQ: 437 | Dist_out: 100 | MRM: 0 | TD_remain: 11
[48175000] SEQ: 438 | Dist_out: 100 | MRM: 0 | TD_remain: 11
[48285000] SEQ: 439 | Dist_out: 100 | MRM: 0 | TD_remain: 11
[48395000] SEQ: 440 | Dist_out: 100 | MRM: 0 | TD_remain: 11
[48505000] SEQ: 441 | Dist_out: 100 | MRM: 0 | TD_remain: 11
[48615000] SEQ: 442 | Dist_out: 100 | MRM: 0 | TD_remain: 11
[48725000] SEQ: 443 | Dist_out: 100 | MRM: 0 | TD_remain: 11
[48835000] SEQ: 444 | Dist_out: 100 | MRM: 0 | TD_remain: 11
[48945000] SEQ: 445 | Dist_out: 100 | MRM: 0 | TD_remain: 11
[49055000] SEQ: 446 | Dist_out: 100 | MRM: 0 | TD_remain: 11
[49165000] SEQ: 447 | Dist_out: 100 | MRM: 0 | TD_remain: 11
[49275000] SEQ: 448 | Dist_out: 100 | MRM: 0 | TD_remain: 11
[49385000] SEQ: 449 | Dist_out: 100 | MRM: 0 | TD_remain: 11
[49495000] SEQ: 450 | Dist_out: 100 | MRM: 0 | TD_remain: 11
[49605000] SEQ: 451 | Dist_out: 100 | MRM: 0 | TD_remain: 11
[49715000] SEQ: 452 | Dist_out: 100 | MRM: 0 | TD_remain: 11
[49825000] SEQ: 453 | Dist_out: 100 | MRM: 0 | TD_remain: 11
[49935000] SEQ: 454 | Dist_out: 100 | MRM: 0 | TD_remain: 11
[50045000] SEQ: 455 | Dist_out: 100 | MRM: 0 | TD_remain: 11
[50155000] SEQ: 456 | Dist_out: 100 | MRM: 0 | TD_remain: 11
[50265000] SEQ: 457 | Dist_out: 100 | MRM: 0 | TD_remain: 11
[50375000] SEQ: 458 | Dist_out: 100 | MRM: 0 | TD_remain: 11
[50485000] SEQ: 459 | Dist_out: 100 | MRM: 0 | TD_remain: 11
[50595000] SEQ: 460 | Dist_out: 100 | MRM: 0 | TD_remain: 11
[50705000] SEQ: 461 | Dist_out: 100 | MRM: 0 | TD_remain: 11
[50815000] SEQ: 462 | Dist_out: 100 | MRM: 0 | TD_remain: 11
[50925000] SEQ: 463 | Dist_out: 100 | MRM: 0 | TD_remain: 11
[51035000] SEQ: 464 | Dist_out: 100 | MRM: 0 | TD_remain: 11
[51145000] SEQ: 465 | Dist_out: 100 | MRM: 0 | TD_remain: 11
[51255000] SEQ: 466 | Dist_out: 100 | MRM: 0 | TD_remain: 11
[51365000] SEQ: 467 | Dist_out: 100 | MRM: 0 | TD_remain: 11
[51475000] SEQ: 468 | Dist_out: 100 | MRM: 0 | TD_remain: 11
[51585000] SEQ: 469 | Dist_out: 100 | MRM: 0 | TD_remain: 11
[51695000] SEQ: 470 | Dist_out: 100 | MRM: 0 | TD_remain: 11
[51805000] SEQ: 471 | Dist_out: 100 | MRM: 0 | TD_remain: 11
[51915000] SEQ: 472 | Dist_out: 100 | MRM: 0 | TD_remain: 11
[52025000] SEQ: 473 | Dist_out: 100 | MRM: 0 | TD_remain: 11
[52135000] SEQ: 474 | Dist_out: 100 | MRM: 0 | TD_remain: 11
[52245000] SEQ: 475 | Dist_out: 100 | MRM: 0 | TD_remain: 11
[52355000] SEQ: 476 | Dist_out: 100 | MRM: 0 | TD_remain: 11
[52465000] SEQ: 477 | Dist_out: 100 | MRM: 0 | TD_remain: 11
[52575000] SEQ: 478 | Dist_out: 100 | MRM: 0 | TD_remain: 11
[52685000] SEQ: 479 | Dist_out: 100 | MRM: 0 | TD_remain: 11
[52795000] SEQ: 480 | Dist_out: 100 | MRM: 0 | TD_remain: 11
[52905000] SEQ: 481 | Dist_out: 100 | MRM: 0 | TD_remain: 11
[53015000] SEQ: 482 | Dist_out: 100 | MRM: 0 | TD_remain: 11
[53125000] SEQ: 483 | Dist_out: 100 | MRM: 0 | TD_remain: 11
[53235000] SEQ: 484 | Dist_out: 100 | MRM: 0 | TD_remain: 11
[53345000] SEQ: 485 | Dist_out: 100 | MRM: 0 | TD_remain: 11
[53455000] SEQ: 486 | Dist_out: 100 | MRM: 0 | TD_remain: 11
[53565000] SEQ: 487 | Dist_out: 100 | MRM: 0 | TD_remain: 11
[53675000] SEQ: 488 | Dist_out: 100 | MRM: 0 | TD_remain: 11
[53785000] SEQ: 489 | Dist_out: 100 | MRM: 0 | TD_remain: 11
[53895000] SEQ: 490 | Dist_out: 100 | MRM: 0 | TD_remain: 11
[54005000] SEQ: 491 | Dist_out: 100 | MRM: 0 | TD_remain: 11
[54115000] SEQ: 492 | Dist_out: 100 | MRM: 0 | TD_remain: 11
[54225000] SEQ: 493 | Dist_out: 100 | MRM: 0 | TD_remain: 11
[54335000] SEQ: 494 | Dist_out: 100 | MRM: 0 | TD_remain: 11
[54445000] SEQ: 495 | Dist_out: 100 | MRM: 0 | TD_remain: 11
[54555000] SEQ: 496 | Dist_out: 100 | MRM: 0 | TD_remain: 11
[54665000] SEQ: 497 | Dist_out: 100 | MRM: 0 | TD_remain: 11
[54775000] SEQ: 498 | Dist_out: 100 | MRM: 0 | TD_remain: 11
[54885000] SEQ: 499 | Dist_out: 100 | MRM: 0 | TD_remain: 11
[54995000] SEQ: 500 | Dist_out: 100 | MRM: 0 | TD_remain: 11
[TB] Simulation Completed!
$finish called at time : 55565 ns : File "C:/Users/jiho0/GitProjects/FPGA-Autonomous-Vehicle-Project/sources_1/tb_core_logic.sv" Line 207
## quit
INFO: [Common 17-206] Exiting xsim at Wed Aug 12 23:37:34 2026...
