Copyright 1986-2022 Xilinx, Inc. All Rights Reserved.
---------------------------------------------------------------------------------------------
| Tool Version : Vivado v.2022.2 (win64) Build 3671981 Fri Oct 14 05:00:03 MDT 2022
| Date         : Fri Aug 14 15:16:07 2026
| Host         : JH_HP running 64-bit major release  (build 9200)
| Command      : report_control_sets -verbose -file design_1_wrapper_control_sets_placed.rpt
| Design       : design_1_wrapper
| Device       : xczu2cg
---------------------------------------------------------------------------------------------

Control Set Information

Table of Contents
-----------------
1. Summary
2. Histogram
3. Flip-Flop Distribution
4. Detailed Control Set Information

1. Summary
----------

+----------------------------------------------------------+-------+
|                          Status                          | Count |
+----------------------------------------------------------+-------+
| Total control sets                                       |   192 |
|    Minimum number of control sets                        |   192 |
|    Addition due to synthesis replication                 |     0 |
|    Addition due to physical synthesis replication        |     0 |
| Unused register locations in slices containing registers |   207 |
+----------------------------------------------------------+-------+
* Control sets can be merged at opt_design using control_set_merge or merge_equivalent_drivers
** Run report_qor_suggestions for automated merging and remapping suggestions


2. Histogram
------------

+--------------------+-------+
|       Fanout       | Count |
+--------------------+-------+
| Total control sets |   192 |
| >= 0 to < 4        |    30 |
| >= 4 to < 6        |    15 |
| >= 6 to < 8        |     7 |
| >= 8 to < 10       |    37 |
| >= 10 to < 12      |     0 |
| >= 12 to < 14      |     0 |
| >= 14 to < 16      |     0 |
| >= 16              |   103 |
+--------------------+-------+
* Control sets can be remapped at either synth_design or opt_design


3. Flip-Flop Distribution
-------------------------

+--------------+-----------------------+------------------------+-----------------+--------------+
| Clock Enable | Synchronous Set/Reset | Asynchronous Set/Reset | Total Registers | Total Slices |
+--------------+-----------------------+------------------------+-----------------+--------------+
| No           | No                    | No                     |             164 |           77 |
| No           | No                    | Yes                    |               0 |            0 |
| No           | Yes                   | No                     |             145 |           64 |
| Yes          | No                    | No                     |             567 |          134 |
| Yes          | No                    | Yes                    |               0 |            0 |
| Yes          | Yes                   | No                     |            5501 |          910 |
+--------------+-----------------------+------------------------+-----------------+--------------+


4. Detailed Control Set Information
-----------------------------------

+--------------------------------------------+-----------------------------------------------------------------------------------------------------------------------------------------------------+------------------------------------------------------------------------------------------------------------------------------------+------------------+----------------+--------------+
|                Clock Signal                |                                                                    Enable Signal                                                                    |                                                          Set/Reset Signal                                                          | Slice Load Count | Bel Load Count | Bels / Slice |
+--------------------------------------------+-----------------------------------------------------------------------------------------------------------------------------------------------------+------------------------------------------------------------------------------------------------------------------------------------+------------------+----------------+--------------+
|  design_1_i/zynq_ultra_ps_e_0/inst/pl_clk0 | design_1_i/top_controller_0/inst/u_sensor_reliability/u_chk_lux/jump_cnt[4]_i_2__9_n_0                                                              | design_1_i/top_controller_0/inst/u_preprocessor/valid_s1_reg_33[0]                                                                 |                1 |              2 |         2.00 |
|  design_1_i/zynq_ultra_ps_e_0/inst/pl_clk0 | design_1_i/ps8_0_axi_periph/s00_couplers/auto_pc/inst/gen_axilite.gen_b2s_conv.axilite_b2s/WR.b_channel_0/bid_fifo_0/cnt_read[1]_i_1_n_0            | design_1_i/ps8_0_axi_periph/s00_couplers/auto_pc/inst/gen_axilite.gen_b2s_conv.axilite_b2s/areset_d1                               |                1 |              2 |         2.00 |
|  design_1_i/zynq_ultra_ps_e_0/inst/pl_clk0 | design_1_i/ps8_0_axi_periph/s00_couplers/auto_pc/inst/gen_axilite.gen_b2s_conv.axilite_b2s/WR.b_channel_0/bid_fifo_0/E[0]                           | design_1_i/ps8_0_axi_periph/s00_couplers/auto_pc/inst/gen_axilite.gen_b2s_conv.axilite_b2s/areset_d1                               |                2 |              2 |         1.00 |
|  design_1_i/zynq_ultra_ps_e_0/inst/pl_clk0 | design_1_i/top_controller_0/inst/u_sensor_reliability/u_chk_distance/stuck_cnt[3]_i_2_n_0                                                           | design_1_i/top_controller_0/inst/u_sensor_reliability/u_chk_distance/stuck_cnt[3]_i_1_n_0                                          |                2 |              2 |         1.00 |
|  design_1_i/zynq_ultra_ps_e_0/inst/pl_clk0 | design_1_i/top_controller_0/inst/u_preprocessor/valid_s1_reg_21                                                                                     | design_1_i/top_controller_0/inst/u_sensor_reliability/u_chk_accel_z/stuck_cnt[3]_i_1__7_n_0                                        |                1 |              2 |         2.00 |
|  design_1_i/zynq_ultra_ps_e_0/inst/pl_clk0 | design_1_i/top_controller_0/inst/u_preprocessor/valid_s1_reg_50                                                                                     | design_1_i/top_controller_0/inst/u_sensor_reliability/u_chk_accel_x/stuck_cnt[3]_i_1__9_n_0                                        |                1 |              2 |         2.00 |
|  design_1_i/zynq_ultra_ps_e_0/inst/pl_clk0 | design_1_i/top_controller_0/inst/u_sensor_reliability/u_chk_gyro_z/jump_cnt[4]_i_2__2_n_0                                                           | design_1_i/top_controller_0/inst/u_sensor_reliability/u_chk_gyro_z/jump_cnt[4]_i_1__3_n_0                                          |                1 |              2 |         2.00 |
|  design_1_i/zynq_ultra_ps_e_0/inst/pl_clk0 | design_1_i/top_controller_0/inst/u_sensor_reliability/u_chk_gyro_y/stuck_cnt[3]_i_2__8_n_0                                                          | design_1_i/top_controller_0/inst/u_sensor_reliability/u_chk_gyro_y/stuck_cnt[3]_i_1__2_n_0                                         |                1 |              2 |         2.00 |
|  design_1_i/zynq_ultra_ps_e_0/inst/pl_clk0 | design_1_i/top_controller_0/inst/u_sensor_reliability/u_chk_gyro_y/jump_cnt[4]_i_2__1_n_0                                                           | design_1_i/top_controller_0/inst/u_sensor_reliability/u_chk_gyro_y/jump_cnt[4]_i_1__2_n_0                                          |                1 |              2 |         2.00 |
|  design_1_i/zynq_ultra_ps_e_0/inst/pl_clk0 | design_1_i/top_controller_0/inst/u_sensor_reliability/u_chk_temperature/jump_cnt[4]_i_2__7_n_0                                                      | design_1_i/top_controller_0/inst/u_sensor_reliability/u_chk_temperature/jump_cnt[4]_i_1__4_n_0                                     |                1 |              2 |         2.00 |
|  design_1_i/zynq_ultra_ps_e_0/inst/pl_clk0 | design_1_i/top_controller_0/inst/u_sensor_reliability/u_chk_distance/jump_cnt[4]_i_2__6_n_0                                                         | design_1_i/top_controller_0/inst/u_sensor_reliability/u_chk_distance/jump_cnt[4]_i_1_n_0                                           |                1 |              2 |         2.00 |
|  design_1_i/zynq_ultra_ps_e_0/inst/pl_clk0 | design_1_i/top_controller_0/inst/u_preprocessor/stuck_cnt_reg[0]                                                                                    | design_1_i/top_controller_0/inst/u_sensor_reliability/u_chk_gyro_x/stuck_cnt[3]_i_1__1_n_0                                         |                1 |              2 |         2.00 |
|  design_1_i/zynq_ultra_ps_e_0/inst/pl_clk0 | design_1_i/top_controller_0/inst/u_sensor_reliability/u_chk_lux/valid_out_rel_reg[0]                                                                | design_1_i/proc_sys_reset_0/U0/peripheral_aresetn[0]                                                                               |                1 |              2 |         2.00 |
|  design_1_i/zynq_ultra_ps_e_0/inst/pl_clk0 | design_1_i/top_controller_0/inst/u_sensor_reliability/u_chk_lux/timeout_cnt[31]_i_2__6_n_0                                                          | design_1_i/proc_sys_reset_0/U0/peripheral_aresetn[0]                                                                               |                1 |              2 |         2.00 |
|  design_1_i/zynq_ultra_ps_e_0/inst/pl_clk0 | design_1_i/top_controller_0/inst/u_sensor_reliability/u_chk_accel_y/jump_cnt[4]_i_2__4_n_0                                                          | design_1_i/top_controller_0/inst/u_sensor_reliability/u_chk_accel_y/jump_cnt[4]_i_1__8_n_0                                         |                1 |              2 |         2.00 |
|  design_1_i/zynq_ultra_ps_e_0/inst/pl_clk0 | design_1_i/top_controller_0/inst/u_sensor_reliability/u_chk_approach_speed/stuck_cnt[3]_i_2__7_n_0                                                  | design_1_i/top_controller_0/inst/u_sensor_reliability/u_chk_approach_speed/stuck_cnt[3]_i_1__0_n_0                                 |                1 |              2 |         2.00 |
|  design_1_i/zynq_ultra_ps_e_0/inst/pl_clk0 | design_1_i/top_controller_0/inst/u_sensor_reliability/u_chk_approach_speed/jump_cnt[4]_i_2_n_0                                                      | design_1_i/top_controller_0/inst/u_sensor_reliability/u_chk_approach_speed/jump_cnt[4]_i_1__0_n_0                                  |                1 |              2 |         2.00 |
|  design_1_i/zynq_ultra_ps_e_0/inst/pl_clk0 | design_1_i/top_controller_0/inst/u_sensor_reliability/u_chk_gyro_x/jump_cnt[4]_i_2__0_n_0                                                           | design_1_i/top_controller_0/inst/u_sensor_reliability/u_chk_gyro_x/jump_cnt[4]_i_1__1_n_0                                          |                1 |              2 |         2.00 |
|  design_1_i/zynq_ultra_ps_e_0/inst/pl_clk0 | design_1_i/top_controller_0/inst/u_sensor_reliability/u_chk_accel_z/valid_out_rel_reg[0]                                                            | design_1_i/proc_sys_reset_0/U0/peripheral_aresetn[0]                                                                               |                1 |              2 |         2.00 |
|  design_1_i/zynq_ultra_ps_e_0/inst/pl_clk0 | design_1_i/top_controller_0/inst/u_sensor_reliability/u_chk_accel_y/valid_out_rel_reg[0]                                                            | design_1_i/proc_sys_reset_0/U0/peripheral_aresetn[0]                                                                               |                1 |              2 |         2.00 |
|  design_1_i/zynq_ultra_ps_e_0/inst/pl_clk0 | design_1_i/top_controller_0/inst/u_sensor_reliability/u_chk_humidity/valid_out_rel_reg[0]                                                           | design_1_i/proc_sys_reset_0/U0/peripheral_aresetn[0]                                                                               |                1 |              2 |         2.00 |
|  design_1_i/zynq_ultra_ps_e_0/inst/pl_clk0 | design_1_i/top_controller_0/inst/u_preprocessor/valid_s1_reg_49                                                                                     | design_1_i/top_controller_0/inst/u_sensor_reliability/u_chk_accel_y/stuck_cnt[3]_i_1__8_n_0                                        |                1 |              2 |         2.00 |
|  design_1_i/zynq_ultra_ps_e_0/inst/pl_clk0 | design_1_i/top_controller_0/inst/u_sensor_reliability/u_chk_accel_z/jump_cnt[4]_i_2__3_n_0                                                          | design_1_i/top_controller_0/inst/u_sensor_reliability/u_chk_accel_z/jump_cnt[4]_i_1__7_n_0                                         |                1 |              2 |         2.00 |
|  design_1_i/zynq_ultra_ps_e_0/inst/pl_clk0 | design_1_i/top_controller_0/inst/u_sensor_reliability/u_chk_humidity/jump_cnt[4]_i_2__8_n_0                                                         | design_1_i/top_controller_0/inst/u_sensor_reliability/u_chk_humidity/jump_cnt[4]_i_1__5_n_0                                        |                1 |              2 |         2.00 |
|  design_1_i/zynq_ultra_ps_e_0/inst/pl_clk0 | design_1_i/top_controller_0/inst/u_sensor_reliability/u_chk_gyro_z/valid_out_rel_reg[0]                                                             | design_1_i/proc_sys_reset_0/U0/peripheral_aresetn[0]                                                                               |                2 |              2 |         1.00 |
|  design_1_i/zynq_ultra_ps_e_0/inst/pl_clk0 | design_1_i/top_controller_0/inst/u_sensor_reliability/u_chk_accel_x/jump_cnt[4]_i_2__5_n_0                                                          | design_1_i/top_controller_0/inst/u_sensor_reliability/u_chk_accel_x/jump_cnt[4]_i_1__9_n_0                                         |                1 |              2 |         2.00 |
|  design_1_i/zynq_ultra_ps_e_0/inst/pl_clk0 | design_1_i/top_controller_0/inst/u_sensor_reliability/u_chk_gyro_z/stuck_cnt[3]_i_2__9_n_0                                                          | design_1_i/top_controller_0/inst/u_sensor_reliability/u_chk_gyro_z/stuck_cnt[3]_i_1__3_n_0                                         |                1 |              2 |         2.00 |
|  design_1_i/zynq_ultra_ps_e_0/inst/pl_clk0 | design_1_i/top_controller_0/inst/u_axi_slave/slv_reg8[26]_i_1_n_0                                                                                   | design_1_i/proc_sys_reset_0/U0/peripheral_aresetn[0]                                                                               |                1 |              3 |         3.00 |
|  design_1_i/zynq_ultra_ps_e_0/inst/pl_clk0 | design_1_i/top_controller_0/inst/u_risk_control/td_invalid_duration                                                                                 | design_1_i/top_controller_0/inst/u_risk_control/td_invalid_duration[2]_i_1_n_0                                                     |                1 |              3 |         3.00 |
|  design_1_i/zynq_ultra_ps_e_0/inst/pl_clk0 | design_1_i/top_controller_0/inst/u_sensor_reliability/u_chk_distance/valid_out_rel_reg[0]                                                           | design_1_i/proc_sys_reset_0/U0/peripheral_aresetn[0]                                                                               |                1 |              3 |         3.00 |
|  design_1_i/zynq_ultra_ps_e_0/inst/pl_clk0 | design_1_i/top_controller_0/inst/u_sensor_reliability/u_chk_humidity/stuck_cnt[3]_i_2__1_n_0                                                        | design_1_i/top_controller_0/inst/u_sensor_reliability/u_chk_humidity/stuck_cnt[3]_i_1__5_n_0                                       |                1 |              4 |         4.00 |
|  design_1_i/zynq_ultra_ps_e_0/inst/pl_clk0 |                                                                                                                                                     | design_1_i/proc_sys_reset_0/U0/EXT_LPF/lpf_int                                                                                     |                2 |              4 |         2.00 |
|  design_1_i/zynq_ultra_ps_e_0/inst/pl_clk0 | design_1_i/top_controller_0/inst/u_axi_slave/slv_reg0[27]_i_1_n_0                                                                                   | design_1_i/proc_sys_reset_0/U0/peripheral_aresetn[0]                                                                               |                1 |              4 |         4.00 |
|  design_1_i/zynq_ultra_ps_e_0/inst/pl_clk0 | design_1_i/top_controller_0/inst/u_axi_slave/slv_reg1[11]_i_1_n_0                                                                                   | design_1_i/proc_sys_reset_0/U0/peripheral_aresetn[0]                                                                               |                1 |              4 |         4.00 |
|  design_1_i/zynq_ultra_ps_e_0/inst/pl_clk0 |                                                                                                                                                     | design_1_i/ps8_0_axi_periph/s00_couplers/auto_pc/inst/gen_axilite.gen_b2s_conv.axilite_b2s/SI_REG/aw.aw_pipe/aresetn_d_reg[0]_1    |                1 |              4 |         4.00 |
|  design_1_i/zynq_ultra_ps_e_0/inst/pl_clk0 |                                                                                                                                                     | design_1_i/ps8_0_axi_periph/s00_couplers/auto_pc/inst/gen_axilite.gen_b2s_conv.axilite_b2s/SI_REG/ar.ar_pipe/aresetn_d_reg_n_0_[1] |                1 |              4 |         4.00 |
|  design_1_i/zynq_ultra_ps_e_0/inst/pl_clk0 | design_1_i/top_controller_0/inst/u_axi_slave/slv_reg0[11]_i_1_n_0                                                                                   | design_1_i/proc_sys_reset_0/U0/peripheral_aresetn[0]                                                                               |                1 |              4 |         4.00 |
|  design_1_i/zynq_ultra_ps_e_0/inst/pl_clk0 | design_1_i/top_controller_0/inst/u_sensor_reliability/u_chk_temperature/stuck_cnt[3]_i_2__2_n_0                                                     | design_1_i/top_controller_0/inst/u_sensor_reliability/u_chk_temperature/stuck_cnt[3]_i_1__4_n_0                                    |                1 |              4 |         4.00 |
|  design_1_i/zynq_ultra_ps_e_0/inst/pl_clk0 | design_1_i/top_controller_0/inst/u_risk_control/td_remain_sec[3]_i_1_n_0                                                                            | design_1_i/top_controller_0/inst/u_risk_control/td_invalid_duration[2]_i_1_n_0                                                     |                1 |              4 |         4.00 |
|  design_1_i/zynq_ultra_ps_e_0/inst/pl_clk0 | design_1_i/top_controller_0/inst/u_axi_slave/axi_awready0                                                                                           | design_1_i/proc_sys_reset_0/U0/peripheral_aresetn[0]                                                                               |                2 |              4 |         2.00 |
|  design_1_i/zynq_ultra_ps_e_0/inst/pl_clk0 | design_1_i/top_controller_0/inst/u_sensor_reliability/u_chk_lux/stuck_cnt[3]_i_2__3_n_0                                                             | design_1_i/top_controller_0/inst/u_sensor_reliability/u_chk_lux/stuck_cnt[3]_i_1__6_n_0                                            |                2 |              4 |         2.00 |
|  design_1_i/zynq_ultra_ps_e_0/inst/pl_clk0 | design_1_i/top_controller_0/inst/u_axi_slave/axi_arready0                                                                                           | design_1_i/proc_sys_reset_0/U0/peripheral_aresetn[0]                                                                               |                2 |              4 |         2.00 |
|  design_1_i/zynq_ultra_ps_e_0/inst/pl_clk0 | design_1_i/top_controller_0/inst/u_preprocessor/valid_s1_reg_41[0]                                                                                  | design_1_i/proc_sys_reset_0/U0/peripheral_aresetn[0]                                                                               |                2 |              4 |         2.00 |
|  design_1_i/zynq_ultra_ps_e_0/inst/pl_clk0 | design_1_i/ps8_0_axi_periph/s00_couplers/auto_pc/inst/gen_axilite.gen_b2s_conv.axilite_b2s/RD.r_channel_0/transaction_fifo_0/cnt_read[4]_i_1__0_n_0 | design_1_i/ps8_0_axi_periph/s00_couplers/auto_pc/inst/gen_axilite.gen_b2s_conv.axilite_b2s/areset_d1                               |                1 |              5 |         5.00 |
|  design_1_i/zynq_ultra_ps_e_0/inst/pl_clk0 | design_1_i/ps8_0_axi_periph/s00_couplers/auto_pc/inst/gen_axilite.gen_b2s_conv.axilite_b2s/RD.r_channel_0/rd_data_fifo_0/cnt_read[4]_i_1_n_0        | design_1_i/ps8_0_axi_periph/s00_couplers/auto_pc/inst/gen_axilite.gen_b2s_conv.axilite_b2s/areset_d1                               |                1 |              5 |         5.00 |
|  design_1_i/zynq_ultra_ps_e_0/inst/pl_clk0 |                                                                                                                                                     | design_1_i/ps8_0_axi_periph/s00_couplers/auto_pc/inst/gen_axilite.gen_b2s_conv.axilite_b2s/areset_d1                               |                3 |              6 |         2.00 |
|  design_1_i/zynq_ultra_ps_e_0/inst/pl_clk0 | design_1_i/ps8_0_axi_periph/s00_couplers/auto_pc/inst/gen_axilite.gen_b2s_conv.axilite_b2s/RD.ar_channel_0/ar_cmd_fsm_0/E[0]                        |                                                                                                                                    |                4 |              6 |         1.50 |
|  design_1_i/zynq_ultra_ps_e_0/inst/pl_clk0 | design_1_i/ps8_0_axi_periph/s00_couplers/auto_pc/inst/gen_axilite.gen_b2s_conv.axilite_b2s/WR.aw_channel_0/aw_cmd_fsm_0/sel_first_reg_1[0]          |                                                                                                                                    |                3 |              6 |         2.00 |
|  design_1_i/zynq_ultra_ps_e_0/inst/pl_clk0 | design_1_i/ps8_0_axi_periph/s00_couplers/auto_pc/inst/gen_axilite.gen_b2s_conv.axilite_b2s/WR.aw_channel_0/aw_cmd_fsm_0/E[0]                        |                                                                                                                                    |                3 |              6 |         2.00 |
|  design_1_i/zynq_ultra_ps_e_0/inst/pl_clk0 | design_1_i/proc_sys_reset_0/U0/SEQ/seq_cnt_en                                                                                                       | design_1_i/proc_sys_reset_0/U0/SEQ/seq_clr                                                                                         |                1 |              6 |         6.00 |
|  design_1_i/zynq_ultra_ps_e_0/inst/pl_clk0 | design_1_i/ps8_0_axi_periph/s00_couplers/auto_pc/inst/gen_axilite.gen_b2s_conv.axilite_b2s/RD.ar_channel_0/ar_cmd_fsm_0/sel_first_reg[0]            |                                                                                                                                    |                2 |              6 |         3.00 |
|  design_1_i/zynq_ultra_ps_e_0/inst/pl_clk0 | design_1_i/top_controller_0/inst/u_axi_slave/slv_reg8[7]_i_1_n_0                                                                                    | design_1_i/proc_sys_reset_0/U0/peripheral_aresetn[0]                                                                               |                3 |              6 |         2.00 |
|  design_1_i/zynq_ultra_ps_e_0/inst/pl_clk0 | design_1_i/top_controller_0/inst/u_axi_slave/slv_reg1[7]_i_1_n_0                                                                                    | design_1_i/proc_sys_reset_0/U0/peripheral_aresetn[0]                                                                               |                4 |              8 |         2.00 |
|  design_1_i/zynq_ultra_ps_e_0/inst/pl_clk0 | design_1_i/top_controller_0/inst/u_axi_slave/slv_reg7[7]_i_1_n_0                                                                                    | design_1_i/proc_sys_reset_0/U0/peripheral_aresetn[0]                                                                               |                2 |              8 |         4.00 |
|  design_1_i/zynq_ultra_ps_e_0/inst/pl_clk0 | design_1_i/top_controller_0/inst/u_axi_slave/slv_reg3[7]_i_1_n_0                                                                                    | design_1_i/proc_sys_reset_0/U0/peripheral_aresetn[0]                                                                               |                5 |              8 |         1.60 |
|  design_1_i/zynq_ultra_ps_e_0/inst/pl_clk0 | design_1_i/top_controller_0/inst/u_axi_slave/p_1_in[14]                                                                                             | design_1_i/proc_sys_reset_0/U0/peripheral_aresetn[0]                                                                               |                3 |              8 |         2.67 |
|  design_1_i/zynq_ultra_ps_e_0/inst/pl_clk0 | design_1_i/top_controller_0/inst/u_axi_slave/slv_reg3[23]_i_1_n_0                                                                                   | design_1_i/proc_sys_reset_0/U0/peripheral_aresetn[0]                                                                               |                5 |              8 |         1.60 |
|  design_1_i/zynq_ultra_ps_e_0/inst/pl_clk0 | design_1_i/top_controller_0/inst/u_axi_slave/slv_reg2[31]_i_1_n_0                                                                                   | design_1_i/proc_sys_reset_0/U0/peripheral_aresetn[0]                                                                               |                3 |              8 |         2.67 |
|  design_1_i/zynq_ultra_ps_e_0/inst/pl_clk0 | design_1_i/top_controller_0/inst/u_axi_slave/p_1_in[23]                                                                                             | design_1_i/proc_sys_reset_0/U0/peripheral_aresetn[0]                                                                               |                3 |              8 |         2.67 |
|  design_1_i/zynq_ultra_ps_e_0/inst/pl_clk0 | design_1_i/top_controller_0/inst/u_axi_slave/slv_reg4[31]_i_1_n_0                                                                                   | design_1_i/proc_sys_reset_0/U0/peripheral_aresetn[0]                                                                               |                2 |              8 |         4.00 |
|  design_1_i/zynq_ultra_ps_e_0/inst/pl_clk0 | design_1_i/top_controller_0/inst/u_axi_slave/slv_reg7[31]_i_1_n_0                                                                                   | design_1_i/proc_sys_reset_0/U0/peripheral_aresetn[0]                                                                               |                4 |              8 |         2.00 |
|  design_1_i/zynq_ultra_ps_e_0/inst/pl_clk0 | design_1_i/top_controller_0/inst/u_axi_slave/slv_reg2[23]_i_1_n_0                                                                                   | design_1_i/proc_sys_reset_0/U0/peripheral_aresetn[0]                                                                               |                3 |              8 |         2.67 |
|  design_1_i/zynq_ultra_ps_e_0/inst/pl_clk0 | design_1_i/top_controller_0/inst/u_axi_slave/p_1_in[24]                                                                                             | design_1_i/proc_sys_reset_0/U0/peripheral_aresetn[0]                                                                               |                4 |              8 |         2.00 |
|  design_1_i/zynq_ultra_ps_e_0/inst/pl_clk0 | design_1_i/top_controller_0/inst/u_axi_slave/slv_reg2[15]_i_1_n_0                                                                                   | design_1_i/proc_sys_reset_0/U0/peripheral_aresetn[0]                                                                               |                2 |              8 |         4.00 |
|  design_1_i/zynq_ultra_ps_e_0/inst/pl_clk0 | design_1_i/top_controller_0/inst/u_axi_slave/p_1_in[7]                                                                                              | design_1_i/proc_sys_reset_0/U0/peripheral_aresetn[0]                                                                               |                2 |              8 |         4.00 |
|  design_1_i/zynq_ultra_ps_e_0/inst/pl_clk0 | design_1_i/ps8_0_axi_periph/s00_couplers/auto_pc/inst/gen_axilite.gen_b2s_conv.axilite_b2s/WR.b_channel_0/mhandshake_r                              | design_1_i/ps8_0_axi_periph/s00_couplers/auto_pc/inst/gen_axilite.gen_b2s_conv.axilite_b2s/WR.b_channel_0/bid_fifo_0/SR[0]         |                2 |              8 |         4.00 |
|  design_1_i/zynq_ultra_ps_e_0/inst/pl_clk0 | design_1_i/top_controller_0/inst/u_axi_slave/slv_reg1[31]_i_1_n_0                                                                                   | design_1_i/proc_sys_reset_0/U0/peripheral_aresetn[0]                                                                               |                3 |              8 |         2.67 |
|  design_1_i/zynq_ultra_ps_e_0/inst/pl_clk0 | design_1_i/top_controller_0/inst/u_axi_slave/slv_reg9[15]_i_1_n_0                                                                                   | design_1_i/proc_sys_reset_0/U0/peripheral_aresetn[0]                                                                               |                5 |              8 |         1.60 |
|  design_1_i/zynq_ultra_ps_e_0/inst/pl_clk0 | design_1_i/top_controller_0/inst/u_axi_slave/slv_reg0[7]_i_1_n_0                                                                                    | design_1_i/proc_sys_reset_0/U0/peripheral_aresetn[0]                                                                               |                3 |              8 |         2.67 |
|  design_1_i/zynq_ultra_ps_e_0/inst/pl_clk0 | design_1_i/top_controller_0/inst/u_axi_slave/slv_reg7[23]_i_1_n_0                                                                                   | design_1_i/proc_sys_reset_0/U0/peripheral_aresetn[0]                                                                               |                4 |              8 |         2.00 |
|  design_1_i/zynq_ultra_ps_e_0/inst/pl_clk0 | design_1_i/top_controller_0/inst/u_axi_slave/CEA1                                                                                                   | design_1_i/top_controller_0/inst/u_preprocessor/win[7]_i_1_n_0                                                                     |                3 |              8 |         2.67 |
|  design_1_i/zynq_ultra_ps_e_0/inst/pl_clk0 | design_1_i/top_controller_0/inst/u_axi_slave/slv_reg4[23]_i_1_n_0                                                                                   | design_1_i/proc_sys_reset_0/U0/peripheral_aresetn[0]                                                                               |                3 |              8 |         2.67 |
|  design_1_i/zynq_ultra_ps_e_0/inst/pl_clk0 | design_1_i/top_controller_0/inst/u_axi_slave/slv_reg2[7]_i_1_n_0                                                                                    | design_1_i/proc_sys_reset_0/U0/peripheral_aresetn[0]                                                                               |                3 |              8 |         2.67 |
|  design_1_i/zynq_ultra_ps_e_0/inst/pl_clk0 | design_1_i/top_controller_0/inst/u_axi_slave/slv_reg4[7]_i_1_n_0                                                                                    | design_1_i/proc_sys_reset_0/U0/peripheral_aresetn[0]                                                                               |                3 |              8 |         2.67 |
|  design_1_i/zynq_ultra_ps_e_0/inst/pl_clk0 | design_1_i/top_controller_0/inst/u_axi_slave/slv_reg6[7]_i_1_n_0                                                                                    | design_1_i/proc_sys_reset_0/U0/peripheral_aresetn[0]                                                                               |                1 |              8 |         8.00 |
|  design_1_i/zynq_ultra_ps_e_0/inst/pl_clk0 | design_1_i/top_controller_0/inst/u_axi_slave/slv_reg8[15]_i_1_n_0                                                                                   | design_1_i/proc_sys_reset_0/U0/peripheral_aresetn[0]                                                                               |                4 |              8 |         2.00 |
|  design_1_i/zynq_ultra_ps_e_0/inst/pl_clk0 | design_1_i/top_controller_0/inst/u_axi_slave/slv_reg7[15]_i_1_n_0                                                                                   | design_1_i/proc_sys_reset_0/U0/peripheral_aresetn[0]                                                                               |                4 |              8 |         2.00 |
|  design_1_i/zynq_ultra_ps_e_0/inst/pl_clk0 | design_1_i/top_controller_0/inst/u_axi_slave/slv_reg6[15]_i_1_n_0                                                                                   | design_1_i/proc_sys_reset_0/U0/peripheral_aresetn[0]                                                                               |                1 |              8 |         8.00 |
|  design_1_i/zynq_ultra_ps_e_0/inst/pl_clk0 | design_1_i/top_controller_0/inst/u_axi_slave/slv_reg8[23]_i_1_n_0                                                                                   | design_1_i/proc_sys_reset_0/U0/peripheral_aresetn[0]                                                                               |                5 |              8 |         1.60 |
|  design_1_i/zynq_ultra_ps_e_0/inst/pl_clk0 | design_1_i/top_controller_0/inst/u_axi_slave/slv_reg3[31]_i_1_n_0                                                                                   | design_1_i/proc_sys_reset_0/U0/peripheral_aresetn[0]                                                                               |                3 |              8 |         2.67 |
|  design_1_i/zynq_ultra_ps_e_0/inst/pl_clk0 | design_1_i/top_controller_0/inst/u_axi_slave/slv_reg0[23]_i_1_n_0                                                                                   | design_1_i/proc_sys_reset_0/U0/peripheral_aresetn[0]                                                                               |                3 |              8 |         2.67 |
|  design_1_i/zynq_ultra_ps_e_0/inst/pl_clk0 | design_1_i/top_controller_0/inst/u_axi_slave/slv_reg9[23]_i_1_n_0                                                                                   | design_1_i/proc_sys_reset_0/U0/peripheral_aresetn[0]                                                                               |                4 |              8 |         2.00 |
|  design_1_i/zynq_ultra_ps_e_0/inst/pl_clk0 | design_1_i/top_controller_0/inst/u_axi_slave/slv_reg4[15]_i_1_n_0                                                                                   | design_1_i/proc_sys_reset_0/U0/peripheral_aresetn[0]                                                                               |                4 |              8 |         2.00 |
|  design_1_i/zynq_ultra_ps_e_0/inst/pl_clk0 | design_1_i/top_controller_0/inst/u_axi_slave/slv_reg9[7]_i_1_n_0                                                                                    | design_1_i/proc_sys_reset_0/U0/peripheral_aresetn[0]                                                                               |                3 |              8 |         2.67 |
|  design_1_i/zynq_ultra_ps_e_0/inst/pl_clk0 | design_1_i/top_controller_0/inst/u_axi_slave/slv_reg6[23]_i_1_n_0                                                                                   | design_1_i/proc_sys_reset_0/U0/peripheral_aresetn[0]                                                                               |                3 |              8 |         2.67 |
|  design_1_i/zynq_ultra_ps_e_0/inst/pl_clk0 | design_1_i/top_controller_0/inst/u_axi_slave/slv_reg9[31]_i_1_n_0                                                                                   | design_1_i/proc_sys_reset_0/U0/peripheral_aresetn[0]                                                                               |                4 |              8 |         2.00 |
|  design_1_i/zynq_ultra_ps_e_0/inst/pl_clk0 | design_1_i/top_controller_0/inst/u_axi_slave/slv_reg3[15]_i_1_n_0                                                                                   | design_1_i/proc_sys_reset_0/U0/peripheral_aresetn[0]                                                                               |                4 |              8 |         2.00 |
|  design_1_i/zynq_ultra_ps_e_0/inst/pl_clk0 | design_1_i/top_controller_0/inst/u_axi_slave/slv_reg1[23]_i_1_n_0                                                                                   | design_1_i/proc_sys_reset_0/U0/peripheral_aresetn[0]                                                                               |                1 |              8 |         8.00 |
|  design_1_i/zynq_ultra_ps_e_0/inst/pl_clk0 | design_1_i/top_controller_0/inst/u_axi_slave/slv_reg6[31]_i_1_n_0                                                                                   | design_1_i/proc_sys_reset_0/U0/peripheral_aresetn[0]                                                                               |                4 |              8 |         2.00 |
|  design_1_i/zynq_ultra_ps_e_0/inst/pl_clk0 | design_1_i/top_controller_0/inst/u_sensor_reliability/u_mask_20s_approach_speed/consistency_mask_20s_approach_speed_cnt[30]_i_1_n_0                 | design_1_i/proc_sys_reset_0/U0/peripheral_aresetn[0]                                                                               |                4 |             16 |         4.00 |
|  design_1_i/zynq_ultra_ps_e_0/inst/pl_clk0 | design_1_i/top_controller_0/inst/u_sensor_reliability/u_mask_20s_approach_speed/stuck_mask_20s_cnt[30]_i_1_n_0                                      | design_1_i/proc_sys_reset_0/U0/peripheral_aresetn[0]                                                                               |                2 |             16 |         8.00 |
|  design_1_i/zynq_ultra_ps_e_0/inst/pl_clk0 | design_1_i/top_controller_0/inst/u_sensor_reliability/u_mask_20s_approach_speed/E[0]                                                                | design_1_i/top_controller_0/inst/u_sensor_reliability/u_chk_approach_speed/S_AXI_ARESETN_0[0]                                      |                5 |             16 |         3.20 |
|  design_1_i/zynq_ultra_ps_e_0/inst/pl_clk0 | design_1_i/top_controller_0/inst/u_sensor_reliability/u_mask_20s_approach_speed/consistency_mask_20s_approach_speed_cnt_reg[12]_0[0]                | design_1_i/top_controller_0/inst/u_sensor_reliability/u_cons_1_approach_speed/SR[0]                                                |                5 |             16 |         3.20 |
|  design_1_i/zynq_ultra_ps_e_0/inst/pl_clk0 | design_1_i/ps8_0_axi_periph/s00_couplers/auto_pc/inst/gen_axilite.gen_b2s_conv.axilite_b2s/SI_REG/b.b_pipe/s_ready_i_reg_0                          |                                                                                                                                    |                3 |             16 |         5.33 |
|  design_1_i/zynq_ultra_ps_e_0/inst/pl_clk0 | design_1_i/ps8_0_axi_periph/s00_couplers/auto_pc/inst/gen_axilite.gen_b2s_conv.axilite_b2s/SI_REG/b.b_pipe/p_1_in                                   |                                                                                                                                    |                3 |             16 |         5.33 |
|  design_1_i/zynq_ultra_ps_e_0/inst/pl_clk0 | design_1_i/top_controller_0/inst/u_sensor_reliability/u_chk_distance/stuck_cnt_reg[3]_8                                                             | design_1_i/proc_sys_reset_0/U0/peripheral_aresetn[0]                                                                               |                5 |             16 |         3.20 |
|  design_1_i/zynq_ultra_ps_e_0/inst/pl_clk0 | design_1_i/top_controller_0/inst/u_sensor_reliability/u_mask_20s_distance/E[0]                                                                      | design_1_i/top_controller_0/inst/u_sensor_reliability/u_chk_distance/S_AXI_ARESETN_0[0]                                            |                5 |             16 |         3.20 |
|  design_1_i/zynq_ultra_ps_e_0/inst/pl_clk0 | design_1_i/top_controller_0/inst/u_preprocessor/E[0]                                                                                                | design_1_i/proc_sys_reset_0/U0/peripheral_aresetn[0]                                                                               |               10 |             16 |         1.60 |
|  design_1_i/zynq_ultra_ps_e_0/inst/pl_clk0 | design_1_i/ps8_0_axi_periph/s00_couplers/auto_pc/inst/gen_axilite.gen_b2s_conv.axilite_b2s/RD.r_channel_0/r_push_r                                  |                                                                                                                                    |                3 |             17 |         5.67 |
|  design_1_i/zynq_ultra_ps_e_0/inst/pl_clk0 | design_1_i/ps8_0_axi_periph/s00_couplers/auto_pc/inst/gen_axilite.gen_b2s_conv.axilite_b2s/WR.aw_channel_0/aw_cmd_fsm_0/m_valid_i_reg[0]            |                                                                                                                                    |                8 |             18 |         2.25 |
|  design_1_i/zynq_ultra_ps_e_0/inst/pl_clk0 | design_1_i/ps8_0_axi_periph/s00_couplers/auto_pc/inst/gen_axilite.gen_b2s_conv.axilite_b2s/RD.ar_channel_0/ar_cmd_fsm_0/m_valid_i_reg[0]            |                                                                                                                                    |                8 |             18 |         2.25 |
|  design_1_i/zynq_ultra_ps_e_0/inst/pl_clk0 | design_1_i/ps8_0_axi_periph/s00_couplers/auto_pc/inst/gen_axilite.gen_b2s_conv.axilite_b2s/WR.aw_channel_0/aw_cmd_fsm_0/cnt_read_reg[0]             |                                                                                                                                    |                2 |             24 |        12.00 |
|  design_1_i/zynq_ultra_ps_e_0/inst/pl_clk0 |                                                                                                                                                     | design_1_i/top_controller_0/inst/u_risk_control/sec_cnt[0]_i_1_n_0                                                                 |                4 |             27 |         6.75 |
|  design_1_i/zynq_ultra_ps_e_0/inst/pl_clk0 | design_1_i/top_controller_0/inst/u_sensor_reliability/u_chk_humidity/delta_history                                                                  | design_1_i/top_controller_0/inst/u_sensor_reliability/u_chk_humidity/stuck_cnt[31]_i_1__2_n_0                                      |                7 |             28 |         4.00 |
|  design_1_i/zynq_ultra_ps_e_0/inst/pl_clk0 | design_1_i/top_controller_0/inst/u_sensor_reliability/u_chk_lux/stuck_cnt                                                                           | design_1_i/top_controller_0/inst/u_sensor_reliability/u_chk_lux/stuck_cnt[31]_i_1__3_n_0                                           |                8 |             28 |         3.50 |
|  design_1_i/zynq_ultra_ps_e_0/inst/pl_clk0 | design_1_i/top_controller_0/inst/u_sensor_reliability/u_chk_temperature/E[0]                                                                        | design_1_i/top_controller_0/inst/u_sensor_reliability/u_chk_temperature/stuck_cnt[31]_i_1__9_n_0                                   |                6 |             28 |         4.67 |
|  design_1_i/zynq_ultra_ps_e_0/inst/pl_clk0 | design_1_i/top_controller_0/inst/u_preprocessor/E[0]                                                                                                | design_1_i/top_controller_0/inst/u_sensor_reliability/u_chk_accel_z/timeout_cnt[31]_i_1__7_n_0                                     |                7 |             30 |         4.29 |
|  design_1_i/zynq_ultra_ps_e_0/inst/pl_clk0 | design_1_i/top_controller_0/inst/u_preprocessor/E[0]                                                                                                | design_1_i/top_controller_0/inst/u_sensor_reliability/u_chk_approach_speed/timeout_cnt[31]_i_1__0_n_0                              |                5 |             30 |         6.00 |
|  design_1_i/zynq_ultra_ps_e_0/inst/pl_clk0 | design_1_i/top_controller_0/inst/u_preprocessor/E[0]                                                                                                | design_1_i/top_controller_0/inst/u_sensor_reliability/u_chk_distance/timeout_cnt[31]_i_1_n_0                                       |                4 |             30 |         7.50 |
|  design_1_i/zynq_ultra_ps_e_0/inst/pl_clk0 | design_1_i/top_controller_0/inst/u_preprocessor/E[0]                                                                                                | design_1_i/top_controller_0/inst/u_sensor_reliability/u_chk_gyro_x/timeout_cnt[31]_i_1__1_n_0                                      |                7 |             30 |         4.29 |
|  design_1_i/zynq_ultra_ps_e_0/inst/pl_clk0 | design_1_i/top_controller_0/inst/u_preprocessor/E[0]                                                                                                | design_1_i/top_controller_0/inst/u_sensor_reliability/u_chk_gyro_y/timeout_cnt[31]_i_1__2_n_0                                      |                7 |             30 |         4.29 |
|  design_1_i/zynq_ultra_ps_e_0/inst/pl_clk0 | design_1_i/top_controller_0/inst/u_preprocessor/E[0]                                                                                                | design_1_i/top_controller_0/inst/u_sensor_reliability/u_chk_gyro_z/timeout_cnt[31]_i_1__3_n_0                                      |                7 |             30 |         4.29 |
|  design_1_i/zynq_ultra_ps_e_0/inst/pl_clk0 | design_1_i/top_controller_0/inst/u_sensor_reliability/u_chk_gyro_y/jump_cnt[31]_i_2__2_n_0                                                          | design_1_i/top_controller_0/inst/u_sensor_reliability/u_chk_gyro_y/jump_cnt[31]_i_1__5_n_0                                         |                4 |             30 |         7.50 |
|  design_1_i/zynq_ultra_ps_e_0/inst/pl_clk0 | design_1_i/top_controller_0/inst/u_preprocessor/processed_data_out_reg[delta_distance][11]_0[0]                                                     | design_1_i/top_controller_0/inst/u_sensor_reliability/u_chk_distance/stuck_cnt[31]_i_1_n_0                                         |                5 |             30 |         6.00 |
|  design_1_i/zynq_ultra_ps_e_0/inst/pl_clk0 | design_1_i/top_controller_0/inst/u_preprocessor/timeout_drop_reg[0]_0[0]                                                                            | design_1_i/top_controller_0/inst/u_sensor_reliability/u_chk_distance/jump_cnt[31]_i_1__3_n_0                                       |                4 |             30 |         7.50 |
|  design_1_i/zynq_ultra_ps_e_0/inst/pl_clk0 | design_1_i/top_controller_0/inst/u_preprocessor/timeout_drop_reg[0]_14[0]                                                                           | design_1_i/top_controller_0/inst/u_sensor_reliability/u_chk_humidity/jump_cnt[31]_i_1__8_n_0                                       |                4 |             30 |         7.50 |
|  design_1_i/zynq_ultra_ps_e_0/inst/pl_clk0 | design_1_i/top_controller_0/inst/u_preprocessor/timeout_drop_reg[0]_16[0]                                                                           | design_1_i/top_controller_0/inst/u_sensor_reliability/u_chk_temperature/jump_cnt[31]_i_1__7_n_0                                    |                4 |             30 |         7.50 |
|  design_1_i/zynq_ultra_ps_e_0/inst/pl_clk0 | design_1_i/top_controller_0/inst/u_preprocessor/timeout_drop_reg[0]_2[0]                                                                            | design_1_i/top_controller_0/inst/u_sensor_reliability/u_chk_approach_speed/jump_cnt[31]_i_1_n_0                                    |                4 |             30 |         7.50 |
|  design_1_i/zynq_ultra_ps_e_0/inst/pl_clk0 | design_1_i/top_controller_0/inst/u_preprocessor/timeout_drop_reg[0]_4[0]                                                                            | design_1_i/top_controller_0/inst/u_sensor_reliability/u_chk_approach_speed/stuck_cnt[31]_i_1__0_n_0                                |                5 |             30 |         6.00 |
|  design_1_i/zynq_ultra_ps_e_0/inst/pl_clk0 | design_1_i/top_controller_0/inst/u_preprocessor/timeout_drop_reg[0]_5[0]                                                                            | design_1_i/top_controller_0/inst/u_sensor_reliability/u_chk_gyro_y/stuck_cnt[31]_i_1__7_n_0                                        |                5 |             30 |         6.00 |
|  design_1_i/zynq_ultra_ps_e_0/inst/pl_clk0 | design_1_i/top_controller_0/inst/u_preprocessor/timeout_drop_reg[0]_6[0]                                                                            | design_1_i/top_controller_0/inst/u_sensor_reliability/u_chk_gyro_z/stuck_cnt[31]_i_1__8_n_0                                        |                5 |             30 |         6.00 |
|  design_1_i/zynq_ultra_ps_e_0/inst/pl_clk0 | design_1_i/top_controller_0/inst/u_preprocessor/valid_s1_reg_14                                                                                     | design_1_i/top_controller_0/inst/u_sensor_reliability/u_chk_accel_x/stuck_cnt[31]_i_1__6_n_0                                       |                5 |             30 |         6.00 |
|  design_1_i/zynq_ultra_ps_e_0/inst/pl_clk0 | design_1_i/top_controller_0/inst/u_preprocessor/valid_s1                                                                                            | design_1_i/top_controller_0/inst/u_sensor_reliability/u_chk_temperature/range_cnt[31]_i_1__3_n_0                                   |                6 |             30 |         5.00 |
|  design_1_i/zynq_ultra_ps_e_0/inst/pl_clk0 | design_1_i/top_controller_0/inst/u_preprocessor/valid_s1                                                                                            | design_1_i/top_controller_0/inst/u_sensor_reliability/u_chk_humidity/range_cnt[31]_i_1__4_n_0                                      |                8 |             30 |         3.75 |
|  design_1_i/zynq_ultra_ps_e_0/inst/pl_clk0 | design_1_i/top_controller_0/inst/u_preprocessor/valid_s1                                                                                            | design_1_i/top_controller_0/inst/u_preprocessor/SR[0]                                                                              |                6 |             30 |         5.00 |
|  design_1_i/zynq_ultra_ps_e_0/inst/pl_clk0 | design_1_i/top_controller_0/inst/u_preprocessor/valid_s1                                                                                            | design_1_i/top_controller_0/inst/u_sensor_reliability/u_chk_distance/range_cnt[31]_i_1_n_0                                         |                6 |             30 |         5.00 |
|  design_1_i/zynq_ultra_ps_e_0/inst/pl_clk0 | design_1_i/top_controller_0/inst/u_preprocessor/valid_s1                                                                                            | design_1_i/top_controller_0/inst/u_sensor_reliability/u_chk_approach_speed/range_cnt[31]_i_1__8_n_0                                |                8 |             30 |         3.75 |
|  design_1_i/zynq_ultra_ps_e_0/inst/pl_clk0 | design_1_i/top_controller_0/inst/u_preprocessor/valid_s1                                                                                            | design_1_i/top_controller_0/inst/u_sensor_reliability/u_chk_accel_z/range_cnt[31]_i_1__5_n_0                                       |                6 |             30 |         5.00 |
|  design_1_i/zynq_ultra_ps_e_0/inst/pl_clk0 | design_1_i/top_controller_0/inst/u_preprocessor/valid_s1                                                                                            | design_1_i/top_controller_0/inst/u_sensor_reliability/u_chk_accel_x/range_cnt[31]_i_1__7_n_0                                       |                9 |             30 |         3.33 |
|  design_1_i/zynq_ultra_ps_e_0/inst/pl_clk0 | design_1_i/top_controller_0/inst/u_preprocessor/valid_s1                                                                                            | design_1_i/top_controller_0/inst/u_preprocessor/valid_s1_reg_5[0]                                                                  |                6 |             30 |         5.00 |
|  design_1_i/zynq_ultra_ps_e_0/inst/pl_clk0 | design_1_i/top_controller_0/inst/u_preprocessor/valid_s1                                                                                            | design_1_i/top_controller_0/inst/u_preprocessor/valid_s1_reg_3[0]                                                                  |                7 |             30 |         4.29 |
|  design_1_i/zynq_ultra_ps_e_0/inst/pl_clk0 | design_1_i/top_controller_0/inst/u_preprocessor/valid_s1                                                                                            | design_1_i/top_controller_0/inst/u_preprocessor/valid_s1_reg_19[0]                                                                 |                6 |             30 |         5.00 |
|  design_1_i/zynq_ultra_ps_e_0/inst/pl_clk0 | design_1_i/top_controller_0/inst/u_preprocessor/valid_s1                                                                                            | design_1_i/top_controller_0/inst/u_sensor_reliability/u_chk_accel_y/range_cnt[31]_i_1__6_n_0                                       |               11 |             30 |         2.73 |
|  design_1_i/zynq_ultra_ps_e_0/inst/pl_clk0 | design_1_i/top_controller_0/inst/u_sensor_reliability/u_chk_gyro_z/jump_cnt[31]_i_2__3_n_0                                                          | design_1_i/top_controller_0/inst/u_sensor_reliability/u_chk_gyro_z/jump_cnt[31]_i_1__6_n_0                                         |                4 |             30 |         7.50 |
|  design_1_i/zynq_ultra_ps_e_0/inst/pl_clk0 | design_1_i/top_controller_0/inst/u_preprocessor/valid_s1_reg_34[0]                                                                                  | design_1_i/top_controller_0/inst/u_sensor_reliability/u_chk_lux/jump_cnt[31]_i_1__9_n_0                                            |                4 |             30 |         7.50 |
|  design_1_i/zynq_ultra_ps_e_0/inst/pl_clk0 | design_1_i/top_controller_0/inst/u_sensor_reliability/u_chk_accel_z/jump_cnt[31]_i_2__7_n_0                                                         | design_1_i/top_controller_0/inst/u_sensor_reliability/u_chk_accel_z/jump_cnt[31]_i_1__0_n_0                                        |                4 |             30 |         7.50 |
|  design_1_i/zynq_ultra_ps_e_0/inst/pl_clk0 | design_1_i/top_controller_0/inst/u_sensor_reliability/u_chk_gyro_x/jump_cnt[31]_i_2__1_n_0                                                          | design_1_i/top_controller_0/inst/u_sensor_reliability/u_chk_gyro_x/jump_cnt[31]_i_1__4_n_0                                         |                4 |             30 |         7.50 |
|  design_1_i/zynq_ultra_ps_e_0/inst/pl_clk0 | design_1_i/top_controller_0/inst/u_sensor_reliability/u_chk_lux/timeout_cnt[31]_i_2__6_n_0                                                          | design_1_i/top_controller_0/inst/u_sensor_reliability/u_chk_lux/timeout_cnt[31]_i_1__4_n_0                                         |                7 |             30 |         4.29 |
|  design_1_i/zynq_ultra_ps_e_0/inst/pl_clk0 | design_1_i/top_controller_0/inst/u_sensor_reliability/u_chk_accel_x/jump_cnt[31]_i_2__9_n_0                                                         | design_1_i/top_controller_0/inst/u_sensor_reliability/u_chk_accel_x/jump_cnt[31]_i_1__2_n_0                                        |                4 |             30 |         7.50 |
|  design_1_i/zynq_ultra_ps_e_0/inst/pl_clk0 | design_1_i/top_controller_0/inst/u_preprocessor/timeout_drop_reg[0]                                                                                 | design_1_i/top_controller_0/inst/u_sensor_reliability/u_chk_gyro_x/stuck_cnt[31]_i_1__1_n_0                                        |                5 |             30 |         6.00 |
|  design_1_i/zynq_ultra_ps_e_0/inst/pl_clk0 | design_1_i/top_controller_0/inst/u_preprocessor/valid_s1_reg_41[0]                                                                                  | design_1_i/top_controller_0/inst/u_sensor_reliability/u_chk_temperature/timeout_cnt[31]_i_1__5_n_0                                 |                6 |             30 |         5.00 |
|  design_1_i/zynq_ultra_ps_e_0/inst/pl_clk0 | design_1_i/top_controller_0/inst/u_preprocessor/valid_s1_reg_41[0]                                                                                  | design_1_i/top_controller_0/inst/u_sensor_reliability/u_chk_humidity/timeout_cnt[31]_i_1__6_n_0                                    |                5 |             30 |         6.00 |
|  design_1_i/zynq_ultra_ps_e_0/inst/pl_clk0 | design_1_i/top_controller_0/inst/u_preprocessor/E[0]                                                                                                | design_1_i/top_controller_0/inst/u_sensor_reliability/u_chk_accel_x/timeout_cnt[31]_i_1__9_n_0                                     |                5 |             30 |         6.00 |
|  design_1_i/zynq_ultra_ps_e_0/inst/pl_clk0 | design_1_i/top_controller_0/inst/u_sensor_reliability/u_chk_accel_y/jump_cnt[31]_i_2__8_n_0                                                         | design_1_i/top_controller_0/inst/u_sensor_reliability/u_chk_accel_y/jump_cnt[31]_i_1__1_n_0                                        |                4 |             30 |         7.50 |
|  design_1_i/zynq_ultra_ps_e_0/inst/pl_clk0 | design_1_i/top_controller_0/inst/u_preprocessor/E[0]                                                                                                | design_1_i/top_controller_0/inst/u_sensor_reliability/u_chk_accel_y/timeout_cnt[31]_i_1__8_n_0                                     |                7 |             30 |         4.29 |
|  design_1_i/zynq_ultra_ps_e_0/inst/pl_clk0 | design_1_i/top_controller_0/inst/u_preprocessor/valid_s1_reg_10                                                                                     | design_1_i/top_controller_0/inst/u_sensor_reliability/u_chk_accel_y/stuck_cnt[31]_i_1__5_n_0                                       |                5 |             30 |         6.00 |
|  design_1_i/zynq_ultra_ps_e_0/inst/pl_clk0 | design_1_i/top_controller_0/inst/u_preprocessor/valid_s1_reg_6                                                                                      | design_1_i/top_controller_0/inst/u_sensor_reliability/u_chk_accel_z/stuck_cnt[31]_i_1__4_n_0                                       |                5 |             30 |         6.00 |
|  design_1_i/zynq_ultra_ps_e_0/inst/pl_clk0 | design_1_i/top_controller_0/inst/u_sensor_reliability/u_chk_approach_speed/consistency_cnt                                                          | design_1_i/top_controller_0/inst/u_sensor_reliability/u_cons_1_approach_speed/consistency_cnt[31]_i_1__14_n_0                      |                6 |             31 |         5.17 |
|  design_1_i/zynq_ultra_ps_e_0/inst/pl_clk0 | design_1_i/top_controller_0/inst/u_sensor_reliability/u_chk_accel_y/stuck_cnt_reg[3]_2                                                              | design_1_i/top_controller_0/inst/u_sensor_reliability/u_cons_3_accel_x/consistency_cnt[31]_i_1__11_n_0                             |                5 |             31 |         6.20 |
|  design_1_i/zynq_ultra_ps_e_0/inst/pl_clk0 | design_1_i/top_controller_0/inst/u_sensor_reliability/u_chk_gyro_x/timeout_drop_reg[0]_4                                                            | design_1_i/top_controller_0/inst/u_sensor_reliability/u_cons_2_gyro_x/consistency_cnt[31]_i_1__5_n_0                               |                5 |             31 |         6.20 |
|  design_1_i/zynq_ultra_ps_e_0/inst/pl_clk0 | design_1_i/top_controller_0/inst/u_preprocessor/sim_data_out_reg[situation][1]_0                                                                    | design_1_i/top_controller_0/inst/u_sensor_reliability/u_cons_2_accel_z/consistency_cnt[31]_i_1__6_n_0                              |                5 |             31 |         6.20 |
|  design_1_i/zynq_ultra_ps_e_0/inst/pl_clk0 | design_1_i/top_controller_0/inst/u_preprocessor/valid_s1_reg_45                                                                                     | design_1_i/top_controller_0/inst/u_sensor_reliability/u_cons_1_accel_z/consistency_cnt[31]_i_1__7_n_0                              |                5 |             31 |         6.20 |
|  design_1_i/zynq_ultra_ps_e_0/inst/pl_clk0 | design_1_i/top_controller_0/inst/u_preprocessor/valid_s1_reg_46                                                                                     | design_1_i/top_controller_0/inst/u_sensor_reliability/u_cons_3_accel_y/consistency_cnt[31]_i_1__8_n_0                              |                5 |             31 |         6.20 |
|  design_1_i/zynq_ultra_ps_e_0/inst/pl_clk0 | design_1_i/top_controller_0/inst/u_preprocessor/timeout_drop_reg[1]_3                                                                               | design_1_i/top_controller_0/inst/u_sensor_reliability/u_cons_3_gyro_z/consistency_cnt[31]_i_1_n_0                                  |                5 |             31 |         6.20 |
|  design_1_i/zynq_ultra_ps_e_0/inst/pl_clk0 | design_1_i/top_controller_0/inst/u_preprocessor/timeout_drop_reg[1]_6                                                                               | design_1_i/top_controller_0/inst/u_sensor_reliability/u_cons_2_gyro_y/consistency_cnt[31]_i_1__2_n_0                               |                4 |             31 |         7.75 |
|  design_1_i/zynq_ultra_ps_e_0/inst/pl_clk0 | design_1_i/top_controller_0/inst/u_preprocessor/timeout_drop_reg[1]_7                                                                               | design_1_i/top_controller_0/inst/u_sensor_reliability/u_cons_1_gyro_y/consistency_cnt[31]_i_1__3_n_0                               |                5 |             31 |         6.20 |
|  design_1_i/zynq_ultra_ps_e_0/inst/pl_clk0 | design_1_i/top_controller_0/inst/u_preprocessor/timeout_drop_reg[1]_5                                                                               | design_1_i/top_controller_0/inst/u_sensor_reliability/u_cons_1_gyro_z/consistency_cnt[31]_i_1__1_n_0                               |                5 |             31 |         6.20 |
|  design_1_i/zynq_ultra_ps_e_0/inst/pl_clk0 | design_1_i/top_controller_0/inst/u_preprocessor/sim_data_out_reg[situation][1]_2                                                                    | design_1_i/top_controller_0/inst/u_sensor_reliability/u_cons_2_accel_x/consistency_cnt[31]_i_1__12_n_0                             |                5 |             31 |         6.20 |
|  design_1_i/zynq_ultra_ps_e_0/inst/pl_clk0 | design_1_i/top_controller_0/inst/u_preprocessor/sim_data_out_reg[situation][1]_1                                                                    | design_1_i/top_controller_0/inst/u_sensor_reliability/u_cons_2_accel_y/consistency_cnt[31]_i_1__9_n_0                              |                5 |             31 |         6.20 |
|  design_1_i/zynq_ultra_ps_e_0/inst/pl_clk0 | design_1_i/top_controller_0/inst/u_preprocessor/timeout_drop_reg[1]_8                                                                               | design_1_i/top_controller_0/inst/u_sensor_reliability/u_cons_1_gyro_x/consistency_cnt[31]_i_1__4_n_0                               |                5 |             31 |         6.20 |
|  design_1_i/zynq_ultra_ps_e_0/inst/pl_clk0 | design_1_i/top_controller_0/inst/u_preprocessor/valid_s1_reg_47                                                                                     | design_1_i/top_controller_0/inst/u_sensor_reliability/u_cons_1_accel_y/consistency_cnt[31]_i_1__10_n_0                             |                5 |             31 |         6.20 |
|  design_1_i/zynq_ultra_ps_e_0/inst/pl_clk0 | design_1_i/top_controller_0/inst/u_preprocessor/valid_s1_reg_48                                                                                     | design_1_i/top_controller_0/inst/u_sensor_reliability/u_cons_1_accel_x/consistency_cnt[31]_i_1__13_n_0                             |                5 |             31 |         6.20 |
|  design_1_i/zynq_ultra_ps_e_0/inst/pl_clk0 | design_1_i/top_controller_0/inst/u_preprocessor/timeout_drop_reg[1]_4                                                                               | design_1_i/top_controller_0/inst/u_sensor_reliability/u_cons_2_gyro_z/consistency_cnt[31]_i_1__0_n_0                               |                5 |             31 |         6.20 |
|  design_1_i/zynq_ultra_ps_e_0/inst/pl_clk0 | design_1_i/top_controller_0/inst/u_sensor_reliability/u_chk_approach_speed/consistency_cnt_0                                                        | design_1_i/top_controller_0/inst/u_sensor_reliability/u_cons_1_distance/consistency_cnt[31]_i_1__15_n_0                            |               10 |             31 |         3.10 |
|  design_1_i/zynq_ultra_ps_e_0/inst/pl_clk0 |                                                                                                                                                     | design_1_i/top_controller_0/inst/u_preprocessor/S_AXI_ARESETN_0                                                                    |                4 |             32 |         8.00 |
|  design_1_i/zynq_ultra_ps_e_0/inst/pl_clk0 | design_1_i/top_controller_0/inst/u_axi_slave/slv_reg_rden                                                                                           | design_1_i/proc_sys_reset_0/U0/peripheral_aresetn[0]                                                                               |               26 |             32 |         1.23 |
|  design_1_i/zynq_ultra_ps_e_0/inst/pl_clk0 | design_1_i/ps8_0_axi_periph/s00_couplers/auto_pc/inst/gen_axilite.gen_b2s_conv.axilite_b2s/RD.r_channel_0/rd_data_fifo_0/wr_en0                     |                                                                                                                                    |                4 |             32 |         8.00 |
|  design_1_i/zynq_ultra_ps_e_0/inst/pl_clk0 | design_1_i/ps8_0_axi_periph/s00_couplers/auto_pc/inst/gen_axilite.gen_b2s_conv.axilite_b2s/WR.aw_channel_0/aw_cmd_fsm_0/m_valid_i_reg_0[0]          |                                                                                                                                    |                9 |             35 |         3.89 |
|  design_1_i/zynq_ultra_ps_e_0/inst/pl_clk0 | design_1_i/ps8_0_axi_periph/s00_couplers/auto_pc/inst/gen_axilite.gen_b2s_conv.axilite_b2s/RD.ar_channel_0/ar_cmd_fsm_0/m_valid_i_reg_0[0]          |                                                                                                                                    |                9 |             35 |         3.89 |
|  design_1_i/zynq_ultra_ps_e_0/inst/pl_clk0 | design_1_i/ps8_0_axi_periph/s00_couplers/auto_pc/inst/gen_axilite.gen_b2s_conv.axilite_b2s/SI_REG/aw.aw_pipe/s_ready_i_reg_0                        |                                                                                                                                    |                9 |             35 |         3.89 |
|  design_1_i/zynq_ultra_ps_e_0/inst/pl_clk0 | design_1_i/ps8_0_axi_periph/s00_couplers/auto_pc/inst/gen_axilite.gen_b2s_conv.axilite_b2s/SI_REG/ar.ar_pipe/s_ready_i_reg_0                        |                                                                                                                                    |               10 |             35 |         3.50 |
|  design_1_i/zynq_ultra_ps_e_0/inst/pl_clk0 | design_1_i/ps8_0_axi_periph/s00_couplers/auto_pc/inst/gen_axilite.gen_b2s_conv.axilite_b2s/SI_REG/r.r_pipe/si_rs_rready                             |                                                                                                                                    |                8 |             49 |         6.12 |
|  design_1_i/zynq_ultra_ps_e_0/inst/pl_clk0 | design_1_i/ps8_0_axi_periph/s00_couplers/auto_pc/inst/gen_axilite.gen_b2s_conv.axilite_b2s/SI_REG/r.r_pipe/p_1_in                                   |                                                                                                                                    |                8 |             49 |         6.12 |
|  design_1_i/zynq_ultra_ps_e_0/inst/pl_clk0 |                                                                                                                                                     | design_1_i/proc_sys_reset_0/U0/peripheral_aresetn[0]                                                                               |               51 |             68 |         1.33 |
|  design_1_i/zynq_ultra_ps_e_0/inst/pl_clk0 | design_1_i/top_controller_0/inst/u_risk_types/sim_data_out_reg[manual_mode]_0[0]                                                                    | design_1_i/proc_sys_reset_0/U0/peripheral_aresetn[0]                                                                               |               43 |             79 |         1.84 |
|  design_1_i/zynq_ultra_ps_e_0/inst/pl_clk0 | design_1_i/top_controller_0/inst/u_preprocessor/valid_s1                                                                                            | design_1_i/proc_sys_reset_0/U0/peripheral_aresetn[0]                                                                               |               50 |             83 |         1.66 |
|  design_1_i/zynq_ultra_ps_e_0/inst/pl_clk0 | design_1_i/top_controller_0/inst/u_preprocessor/S_AXI_ARESETN_1[0]                                                                                  |                                                                                                                                    |               36 |             85 |         2.36 |
|  design_1_i/zynq_ultra_ps_e_0/inst/pl_clk0 | design_1_i/top_controller_0/inst/u_sensor_reliability/u_chk_humidity/delta_history                                                                  | design_1_i/proc_sys_reset_0/U0/peripheral_aresetn[0]                                                                               |               20 |             90 |         4.50 |
|  design_1_i/zynq_ultra_ps_e_0/inst/pl_clk0 | design_1_i/top_controller_0/inst/u_sensor_reliability/u_chk_approach_speed/delta_history                                                            | design_1_i/proc_sys_reset_0/U0/peripheral_aresetn[0]                                                                               |               19 |            120 |         6.32 |
|  design_1_i/zynq_ultra_ps_e_0/inst/pl_clk0 | design_1_i/top_controller_0/inst/u_sensor_reliability/u_chk_temperature/E[0]                                                                        | design_1_i/proc_sys_reset_0/U0/peripheral_aresetn[0]                                                                               |               18 |            130 |         7.22 |
|  design_1_i/zynq_ultra_ps_e_0/inst/pl_clk0 | design_1_i/top_controller_0/inst/u_sensor_reliability/u_chk_accel_z/delta_history                                                                   | design_1_i/proc_sys_reset_0/U0/peripheral_aresetn[0]                                                                               |               24 |            140 |         5.83 |
|  design_1_i/zynq_ultra_ps_e_0/inst/pl_clk0 | design_1_i/top_controller_0/inst/u_sensor_reliability/u_chk_accel_x/delta_history                                                                   | design_1_i/proc_sys_reset_0/U0/peripheral_aresetn[0]                                                                               |               23 |            140 |         6.09 |
|  design_1_i/zynq_ultra_ps_e_0/inst/pl_clk0 | design_1_i/top_controller_0/inst/u_sensor_reliability/u_chk_accel_y/delta_history                                                                   | design_1_i/proc_sys_reset_0/U0/peripheral_aresetn[0]                                                                               |               21 |            140 |         6.67 |
|  design_1_i/zynq_ultra_ps_e_0/inst/pl_clk0 | design_1_i/top_controller_0/inst/u_preprocessor/valid_s1_reg_18[0]                                                                                  |                                                                                                                                    |               66 |            152 |         2.30 |
|  design_1_i/zynq_ultra_ps_e_0/inst/pl_clk0 |                                                                                                                                                     |                                                                                                                                    |               77 |            165 |         2.14 |
|  design_1_i/zynq_ultra_ps_e_0/inst/pl_clk0 | design_1_i/top_controller_0/inst/u_sensor_reliability/u_chk_distance/E[0]                                                                           | design_1_i/proc_sys_reset_0/U0/peripheral_aresetn[0]                                                                               |               25 |            170 |         6.80 |
|  design_1_i/zynq_ultra_ps_e_0/inst/pl_clk0 | design_1_i/top_controller_0/inst/u_sensor_reliability/u_chk_gyro_x/delta_history                                                                    | design_1_i/proc_sys_reset_0/U0/peripheral_aresetn[0]                                                                               |               22 |            180 |         8.18 |
|  design_1_i/zynq_ultra_ps_e_0/inst/pl_clk0 | design_1_i/top_controller_0/inst/u_sensor_reliability/u_chk_gyro_y/delta_history                                                                    | design_1_i/proc_sys_reset_0/U0/peripheral_aresetn[0]                                                                               |               21 |            180 |         8.57 |
|  design_1_i/zynq_ultra_ps_e_0/inst/pl_clk0 | design_1_i/top_controller_0/inst/u_sensor_reliability/u_chk_gyro_z/delta_history                                                                    | design_1_i/proc_sys_reset_0/U0/peripheral_aresetn[0]                                                                               |               22 |            180 |         8.18 |
|  design_1_i/zynq_ultra_ps_e_0/inst/pl_clk0 | design_1_i/top_controller_0/inst/u_sensor_reliability/u_chk_lux/E[0]                                                                                | design_1_i/proc_sys_reset_0/U0/peripheral_aresetn[0]                                                                               |               25 |            200 |         8.00 |
|  design_1_i/zynq_ultra_ps_e_0/inst/pl_clk0 | design_1_i/top_controller_0/inst/u_sensor_reliability/valid_out_rel                                                                                 | design_1_i/proc_sys_reset_0/U0/peripheral_aresetn[0]                                                                               |              110 |            285 |         2.59 |
|  design_1_i/zynq_ultra_ps_e_0/inst/pl_clk0 | design_1_i/top_controller_0/inst/u_axi_slave/CEA1                                                                                                   | design_1_i/proc_sys_reset_0/U0/peripheral_aresetn[0]                                                                               |              195 |            978 |         5.02 |
+--------------------------------------------+-----------------------------------------------------------------------------------------------------------------------------------------------------+------------------------------------------------------------------------------------------------------------------------------------+------------------+----------------+--------------+


