Vivado Simulator v2022.2
Copyright 1986-1999, 2001-2022 Xilinx, Inc. All Rights Reserved.
Running: C:/Xilinx/Vivado/2022.2/bin/unwrapped/win64.o/xelab.exe -debug typical -top tb_top_axi_integration -snapshot tb_top_axi_integration_snap 
Multi-threading is on. Using 10 slave threads.
Starting static elaboration
Pass Through NonSizing Optimizer
WARNING: [VRFC 10-3091] actual bit length 237 differs from formal bit length 264 for port 'prev_processed_data_out' [C:/Users/jiho0/GitProjects/FPGA-Autonomous-Vehicle-Project/sources_1/new/top_controller.sv:162]
WARNING: [VRFC 10-3091] actual bit length 237 differs from formal bit length 264 for port 'prev_processed_data_in' [C:/Users/jiho0/GitProjects/FPGA-Autonomous-Vehicle-Project/sources_1/new/top_controller.sv:184]
Completed static elaboration
Starting simulation data flow analysis
Completed simulation data flow analysis
Time Resolution for simulation is 1ps
Compiling package work.types_pkg
Compiling module work.sensor_input_v1_0_S00_AXI_defaul...
Compiling module work.preprocessor
Compiling module work.mask_20s
Compiling module work.each_sensor_check(WIDTH=16,DW=16...
Compiling module work.each_sensor_check(WIDTH=13,DW=14...
Compiling module work.each_sensor_check(TW=15,NOISE_TH...
Compiling module work.each_sensor_check(WIDTH=16,DW=17...
Compiling module work.each_sensor_check(WIDTH=11,DW=12...
Compiling module work.each_sensor_check(WIDTH=8,DW=8,T...
Compiling module work.each_sensor_check(WIDTH=19,DW=19...
Compiling module work.consistency_check(WIDTH=16,CONSI...
Compiling module work.consistency_check(WIDTH=13,CONSI...
Compiling module work.consistency_check(CONSISTENCY_U=...
Compiling module work.sensor_reliability
Compiling module work.risk_types
Compiling module work.risk_control_2_default
Compiling module work.risk_control
Compiling module work.top_controller
Compiling module work.tb_top_axi_integration
Built simulation snapshot tb_top_axi_integration_snap
