#-----------------------------------------------------------
# xsim v2022.2 (64-bit)
# SW Build 3671981 on Fri Oct 14 05:00:03 MDT 2022
# IP Build 3669848 on Fri Oct 14 08:30:02 MDT 2022
# Start of session at: Wed Aug 12 19:17:16 2026
# Process ID: 32796
# Current directory: C:/Users/jiho0/GitProjects/FPGA-Autonomous-Vehicle-Project/sources_1/awdfsadf
# Command line: xsim.exe -mode tcl -source {xsim.dir/tb_top_axi_integration_snap/xsim_script.tcl}
# Log file: C:/Users/jiho0/GitProjects/FPGA-Autonomous-Vehicle-Project/sources_1/awdfsadf/xsim.log
# Journal file: C:/Users/jiho0/GitProjects/FPGA-Autonomous-Vehicle-Project/sources_1/awdfsadf\xsim.jou
# Running On: JH_HP, OS: Windows, CPU Frequency: 1996 MHz, CPU Physical cores: 12, Host memory: 16697 MB
#-----------------------------------------------------------
source xsim.dir/tb_top_axi_integration_snap/xsim_script.tcl
# xsim {tb_top_axi_integration_snap} -autoloadwcfg -tclbatch {run_sim.tcl}
Time resolution is 1 ps
source run_sim.tcl
## log_wave -recursive *
WARNING: [Simtcl 6-197] One or more HDL objects could not be logged because of object type or size limitations.  To see details please rerun the command with -verbose (-v).
## run all
-----------------------------------------
Starting AXI Top-Level Integration Tests
-----------------------------------------
