#-----------------------------------------------------------
# Vivado v2022.2 (64-bit)
# SW Build 3671981 on Fri Oct 14 05:00:03 MDT 2022
# IP Build 3669848 on Fri Oct 14 08:30:02 MDT 2022
# Start of session at: Thu Aug 13 23:31:41 2026
# Process ID: 38540
# Current directory: C:/Users/jiho0/GitProjects/FPGA-Autonomous-Vehicle-Project
# Command line: vivado.exe -mode batch -source sources_1\verification\continue_implementation_88888mhz.tcl -nojournal -log verification_reports\full_project_88888mhz\continue_all_counters.log
# Log file: C:/Users/jiho0/GitProjects/FPGA-Autonomous-Vehicle-Project/verification_reports/full_project_88888mhz/continue_all_counters.log
# Journal file: 
# Running On: JH_HP, OS: Windows, CPU Frequency: 1996 MHz, CPU Physical cores: 12, Host memory: 16697 MB
#-----------------------------------------------------------
source {sources_1\verification\continue_implementation_88888mhz.tcl}
# set verification_dir [file dirname [file normalize [info script]]]
# set repo_root [file normalize [file join $verification_dir .. ..]]
# set project_file [file join $repo_root FPGA_project FPGA_project.xpr]
# set report_dir [file join $repo_root verification_reports full_project_88888mhz]
# file mkdir $report_dir
# open_project $project_file
Scanning sources...
Finished scanning sources
INFO: [IP_Flow 19-234] Refreshing IP repositories
INFO: [IP_Flow 19-1700] Loaded user IP repository 'c:/Users/jiho0/GitProjects/FPGA-Autonomous-Vehicle-Project'.
WARNING: [IP_Flow 19-3656] If you move the project, the path for repository 'c:/Users/jiho0/GitProjects/FPGA-Autonomous-Vehicle-Project' may become invalid. A better location for the repository would be in a path adjacent to the project. (Current project location is 'c:/Users/jiho0/GitProjects/FPGA-Autonomous-Vehicle-Project/FPGA_project'.)
INFO: [IP_Flow 19-2313] Loaded Vivado IP repository 'C:/Xilinx/Vivado/2022.2/data/ip'.
open_project: Time (s): cpu = 00:00:07 ; elapsed = 00:00:09 . Memory (MB): peak = 468.820 ; gain = 139.746
# set synth_status [get_property STATUS [get_runs synth_1]]
# if {![string match "*Complete*" $synth_status]} {
#     error "Cannot continue: synthesis is not complete ($synth_status)"
# }
# reset_run impl_1
# launch_runs impl_1 -to_step write_bitstream -jobs 4
[Thu Aug 13 23:31:56 2026] Launched impl_1...
Run output will be captured here: C:/Users/jiho0/GitProjects/FPGA-Autonomous-Vehicle-Project/FPGA_project/FPGA_project.runs/impl_1/runme.log
# wait_on_run impl_1
[Thu Aug 13 23:31:57 2026] Waiting for impl_1 to finish...

*** Running vivado
    with args -log design_1_wrapper.vdi -applog -m64 -product Vivado -messageDb vivado.pb -mode batch -source design_1_wrapper.tcl -notrace



****** Vivado v2022.2 (64-bit)
  **** SW Build 3671981 on Fri Oct 14 05:00:03 MDT 2022
  **** IP Build 3669848 on Fri Oct 14 08:30:02 MDT 2022
    ** Copyright 1986-2022 Xilinx, Inc. All Rights Reserved.

source design_1_wrapper.tcl -notrace
INFO: [IP_Flow 19-234] Refreshing IP repositories
INFO: [IP_Flow 19-1700] Loaded user IP repository 'c:/Users/jiho0/GitProjects/FPGA-Autonomous-Vehicle-Project'.
WARNING: [IP_Flow 19-3656] If you move the project, the path for repository 'c:/Users/jiho0/GitProjects/FPGA-Autonomous-Vehicle-Project' may become invalid. A better location for the repository would be in a path adjacent to the project. (Current project location is 'c:/Users/jiho0/GitProjects/FPGA-Autonomous-Vehicle-Project/FPGA_project/FPGA_project.runs/impl_1'.)
INFO: [IP_Flow 19-2313] Loaded Vivado IP repository 'C:/Xilinx/Vivado/2022.2/data/ip'.
WARNING: [IP_Flow 19-4995] The host OS only allows 260 characters in a normal path. The IP cache path is more than 80 characters. If you experience issues with IP caching, please consider changing the IP cache to a location with a shorter path. Alternately consider using the OS subst command to map part of the path to a drive letter. 
Current IP cache path is C:/Users/jiho0/GitProjects/FPGA-Autonomous-Vehicle-Project/FPGA_project/FPGA_project.cache/ip 
Command: link_design -top design_1_wrapper -part xczu2cg-sfvc784-1-e
Design is defaulting to srcset: sources_1
Design is defaulting to constrset: constrs_1
INFO: [Device 21-403] Loading part xczu2cg-sfvc784-1-e
INFO: [Project 1-454] Reading design checkpoint 'c:/Users/jiho0/GitProjects/FPGA-Autonomous-Vehicle-Project/FPGA_project/FPGA_project.gen/sources_1/bd/design_1/ip/design_1_proc_sys_reset_0_0/design_1_proc_sys_reset_0_0.dcp' for cell 'design_1_i/proc_sys_reset_0'
INFO: [Project 1-454] Reading design checkpoint 'c:/Users/jiho0/GitProjects/FPGA-Autonomous-Vehicle-Project/FPGA_project/FPGA_project.gen/sources_1/bd/design_1/ip/design_1_top_controller_0_0/design_1_top_controller_0_0.dcp' for cell 'design_1_i/top_controller_0'
INFO: [Project 1-454] Reading design checkpoint 'c:/Users/jiho0/GitProjects/FPGA-Autonomous-Vehicle-Project/FPGA_project/FPGA_project.gen/sources_1/bd/design_1/ip/design_1_zynq_ultra_ps_e_0_0/design_1_zynq_ultra_ps_e_0_0.dcp' for cell 'design_1_i/zynq_ultra_ps_e_0'
INFO: [Project 1-454] Reading design checkpoint 'c:/Users/jiho0/GitProjects/FPGA-Autonomous-Vehicle-Project/FPGA_project/FPGA_project.gen/sources_1/bd/design_1/ip/design_1_auto_pc_0/design_1_auto_pc_0.dcp' for cell 'design_1_i/ps8_0_axi_periph/s00_couplers/auto_pc'
Netlist sorting complete. Time (s): cpu = 00:00:00 ; elapsed = 00:00:00.133 . Memory (MB): peak = 1370.422 ; gain = 0.000
INFO: [Netlist 29-17] Analyzing 973 Unisim elements for replacement
INFO: [Netlist 29-28] Unisim Transformation completed in 0 CPU seconds
INFO: [Project 1-479] Netlist was created with Vivado 2022.2
INFO: [Project 1-570] Preparing netlist for logic optimization
Parsing XDC File [c:/Users/jiho0/GitProjects/FPGA-Autonomous-Vehicle-Project/FPGA_project/FPGA_project.gen/sources_1/bd/design_1/ip/design_1_zynq_ultra_ps_e_0_0/design_1_zynq_ultra_ps_e_0_0.xdc] for cell 'design_1_i/zynq_ultra_ps_e_0/inst'
Finished Parsing XDC File [c:/Users/jiho0/GitProjects/FPGA-Autonomous-Vehicle-Project/FPGA_project/FPGA_project.gen/sources_1/bd/design_1/ip/design_1_zynq_ultra_ps_e_0_0/design_1_zynq_ultra_ps_e_0_0.xdc] for cell 'design_1_i/zynq_ultra_ps_e_0/inst'
Parsing XDC File [c:/Users/jiho0/GitProjects/FPGA-Autonomous-Vehicle-Project/FPGA_project/FPGA_project.gen/sources_1/bd/design_1/ip/design_1_proc_sys_reset_0_0/design_1_proc_sys_reset_0_0_board.xdc] for cell 'design_1_i/proc_sys_reset_0/U0'
Finished Parsing XDC File [c:/Users/jiho0/GitProjects/FPGA-Autonomous-Vehicle-Project/FPGA_project/FPGA_project.gen/sources_1/bd/design_1/ip/design_1_proc_sys_reset_0_0/design_1_proc_sys_reset_0_0_board.xdc] for cell 'design_1_i/proc_sys_reset_0/U0'
Parsing XDC File [c:/Users/jiho0/GitProjects/FPGA-Autonomous-Vehicle-Project/FPGA_project/FPGA_project.gen/sources_1/bd/design_1/ip/design_1_proc_sys_reset_0_0/design_1_proc_sys_reset_0_0.xdc] for cell 'design_1_i/proc_sys_reset_0/U0'
Finished Parsing XDC File [c:/Users/jiho0/GitProjects/FPGA-Autonomous-Vehicle-Project/FPGA_project/FPGA_project.gen/sources_1/bd/design_1/ip/design_1_proc_sys_reset_0_0/design_1_proc_sys_reset_0_0.xdc] for cell 'design_1_i/proc_sys_reset_0/U0'
INFO: [Opt 31-138] Pushed 0 inverter(s) to 0 load pin(s).
Netlist sorting complete. Time (s): cpu = 00:00:00 ; elapsed = 00:00:00.004 . Memory (MB): peak = 1502.199 ; gain = 0.000
INFO: [Project 1-111] Unisim Transformation Summary:
  A total of 24 instances were transformed.
  DSP48E2 => DSP48E2 (DSP_ALU, DSP_A_B_DATA, DSP_C_DATA, DSP_MULTIPLIER, DSP_M_DATA, DSP_OUTPUT, DSP_PREADD, DSP_PREADD_DATA): 24 instances

14 Infos, 2 Warnings, 0 Critical Warnings and 0 Errors encountered.
link_design completed successfully
link_design: Time (s): cpu = 00:00:15 ; elapsed = 00:00:19 . Memory (MB): peak = 1502.199 ; gain = 1041.566
Command: opt_design
Attempting to get a license for feature 'Implementation' and/or device 'xczu2cg'
INFO: [Common 17-349] Got license for feature 'Implementation' and/or device 'xczu2cg'
Running DRC as a precondition to command opt_design

Starting DRC Task
INFO: [DRC 23-27] Running DRC with 2 threads
INFO: [Project 1-461] DRC finished with 0 Errors
INFO: [Project 1-462] Please refer to the DRC report (report_drc) for more information.

Time (s): cpu = 00:00:03 ; elapsed = 00:00:02 . Memory (MB): peak = 1533.332 ; gain = 31.133

Starting Cache Timing Information Task
INFO: [Timing 38-35] Done setting XDC timing constraints.
Ending Cache Timing Information Task | Checksum: 1984d50e0

Time (s): cpu = 00:00:05 ; elapsed = 00:00:04 . Memory (MB): peak = 1827.203 ; gain = 293.871

Starting Logic Optimization Task

Phase 1 Retarget
INFO: [Opt 31-1287] Pulled Inverter design_1_i/top_controller_0/inst/u_axi_slave/p_0_out__10_i_3 into driver instance design_1_i/top_controller_0/inst/g0_b9__10, which resulted in an inversion of 4 pins
INFO: [Opt 31-1287] Pulled Inverter design_1_i/top_controller_0/inst/u_axi_slave/p_0_out__6_i_3 into driver instance design_1_i/top_controller_0/inst/g0_b9__6, which resulted in an inversion of 4 pins
INFO: [Opt 31-1287] Pulled Inverter design_1_i/top_controller_0/inst/u_preprocessor/val_i_31 into driver instance design_1_i/top_controller_0/inst/u_preprocessor/val_i_48, which resulted in an inversion of 40 pins
INFO: [Opt 31-1287] Pulled Inverter design_1_i/top_controller_0/inst/u_risk_control/last_valid_Ri_collision[1]_i_1 into driver instance design_1_i/top_controller_0/inst/u_risk_control/last_valid_Ri_collision[1]_i_2, which resulted in an inversion of 11 pins
INFO: [Opt 31-1287] Pulled Inverter design_1_i/top_controller_0/inst/u_sensor_reliability/u_chk_approach_speed/last_valid_Ri_collision[0]_i_1 into driver instance design_1_i/top_controller_0/inst/u_sensor_reliability/u_chk_approach_speed/last_valid_Ri_collision[0]_i_2, which resulted in an inversion of 11 pins
INFO: [Opt 31-1287] Pulled Inverter design_1_i/top_controller_0/inst/u_sensor_reliability/u_chk_gyro_x/rel_out[gyro_x][state][1]_i_1 into driver instance design_1_i/top_controller_0/inst/u_sensor_reliability/u_chk_gyro_x/risk_out[Ri_posture_A]_i_2, which resulted in an inversion of 8 pins
INFO: [Opt 31-1287] Pulled Inverter design_1_i/top_controller_0/inst/u_sensor_reliability/u_chk_humidity/rel_out[humidity][state][1]_i_1 into driver instance design_1_i/top_controller_0/inst/u_sensor_reliability/u_chk_humidity/last_valid_Ri_road_A[1]_i_3, which resulted in an inversion of 7 pins
INFO: [Opt 31-1287] Pulled Inverter design_1_i/top_controller_0/inst/u_sensor_reliability/u_chk_temperature/rel_out[temperature][state][1]_i_1 into driver instance design_1_i/top_controller_0/inst/u_sensor_reliability/u_chk_temperature/last_valid_Ri_road_A[1]_i_4, which resulted in an inversion of 7 pins
INFO: [Opt 31-138] Pushed 5 inverter(s) to 3484 load pin(s).
INFO: [Opt 31-49] Retargeted 0 cell(s).
Phase 1 Retarget | Checksum: 1b3760097

Time (s): cpu = 00:00:02 ; elapsed = 00:00:02 . Memory (MB): peak = 2171.117 ; gain = 0.000
INFO: [Opt 31-389] Phase Retarget created 4 cells and removed 285 cells

Phase 2 Constant propagation
INFO: [Opt 31-138] Pushed 0 inverter(s) to 0 load pin(s).
Phase 2 Constant propagation | Checksum: 1093ee28c

Time (s): cpu = 00:00:02 ; elapsed = 00:00:02 . Memory (MB): peak = 2171.117 ; gain = 0.000
INFO: [Opt 31-389] Phase Constant propagation created 20 cells and removed 50 cells

Phase 3 Sweep
Phase 3 Sweep | Checksum: 11f7a089a

Time (s): cpu = 00:00:03 ; elapsed = 00:00:02 . Memory (MB): peak = 2171.117 ; gain = 0.000
INFO: [Opt 31-389] Phase Sweep created 0 cells and removed 349 cells
INFO: [Opt 31-1021] In phase Sweep, 1 netlist objects are constrained preventing optimization. Please run opt_design with -debug_log to get more detail. 

Phase 4 BUFG optimization
INFO: [Opt 31-1077] Phase BUFG optimization inserted 0 global clock buffer(s) for CLOCK_LOW_FANOUT.
Phase 4 BUFG optimization | Checksum: 11f7a089a

Time (s): cpu = 00:00:03 ; elapsed = 00:00:02 . Memory (MB): peak = 2171.117 ; gain = 0.000
INFO: [Opt 31-662] Phase BUFG optimization created 0 cells of which 0 are BUFGs and removed 0 cells.

Phase 5 Shift Register Optimization
INFO: [Opt 31-1064] SRL Remap converted 0 SRLs to 0 registers and converted 0 registers of register chains to 0 SRLs
Phase 5 Shift Register Optimization | Checksum: 11f7a089a

Time (s): cpu = 00:00:03 ; elapsed = 00:00:02 . Memory (MB): peak = 2171.117 ; gain = 0.000
INFO: [Opt 31-389] Phase Shift Register Optimization created 0 cells and removed 0 cells

Phase 6 Post Processing Netlist
Phase 6 Post Processing Netlist | Checksum: 161ec4f0f

Time (s): cpu = 00:00:04 ; elapsed = 00:00:02 . Memory (MB): peak = 2171.117 ; gain = 0.000
INFO: [Opt 31-389] Phase Post Processing Netlist created 0 cells and removed 0 cells
Opt_design Change Summary
=========================


-------------------------------------------------------------------------------------------------------------------------
|  Phase                        |  #Cells created  |  #Cells Removed  |  #Constrained objects preventing optimizations  |
-------------------------------------------------------------------------------------------------------------------------
|  Retarget                     |               4  |             285  |                                              0  |
|  Constant propagation         |              20  |              50  |                                              0  |
|  Sweep                        |               0  |             349  |                                              1  |
|  BUFG optimization            |               0  |               0  |                                              0  |
|  Shift Register Optimization  |               0  |               0  |                                              0  |
|  Post Processing Netlist      |               0  |               0  |                                              0  |
-------------------------------------------------------------------------------------------------------------------------



Starting Connectivity Check Task

Time (s): cpu = 00:00:01 ; elapsed = 00:00:00.064 . Memory (MB): peak = 2171.117 ; gain = 0.000
Ending Logic Optimization Task | Checksum: 1654018f2

Time (s): cpu = 00:00:05 ; elapsed = 00:00:03 . Memory (MB): peak = 2171.117 ; gain = 0.000

Starting Power Optimization Task
INFO: [Pwropt 34-132] Skipping clock gating for clocks with a period < 2.00 ns.
Ending Power Optimization Task | Checksum: 1654018f2

Time (s): cpu = 00:00:00 ; elapsed = 00:00:00.067 . Memory (MB): peak = 2171.117 ; gain = 0.000

Starting Final Cleanup Task
Ending Final Cleanup Task | Checksum: 1654018f2

Time (s): cpu = 00:00:00 ; elapsed = 00:00:00.002 . Memory (MB): peak = 2171.117 ; gain = 0.000

Starting Netlist Obfuscation Task
Netlist sorting complete. Time (s): cpu = 00:00:00 ; elapsed = 00:00:00.005 . Memory (MB): peak = 2171.117 ; gain = 0.000
Ending Netlist Obfuscation Task | Checksum: 1654018f2

Time (s): cpu = 00:00:00 ; elapsed = 00:00:00.007 . Memory (MB): peak = 2171.117 ; gain = 0.000
INFO: [Common 17-83] Releasing license: Implementation
41 Infos, 2 Warnings, 0 Critical Warnings and 0 Errors encountered.
opt_design completed successfully
opt_design: Time (s): cpu = 00:00:16 ; elapsed = 00:00:13 . Memory (MB): peak = 2171.117 ; gain = 668.918
INFO: [Timing 38-480] Writing timing data to binary archive.
INFO: [Common 17-1381] The checkpoint 'C:/Users/jiho0/GitProjects/FPGA-Autonomous-Vehicle-Project/FPGA_project/FPGA_project.runs/impl_1/design_1_wrapper_opt.dcp' has been generated.
INFO: [runtcl-4] Executing : report_drc -file design_1_wrapper_drc_opted.rpt -pb design_1_wrapper_drc_opted.pb -rpx design_1_wrapper_drc_opted.rpx
Command: report_drc -file design_1_wrapper_drc_opted.rpt -pb design_1_wrapper_drc_opted.pb -rpx design_1_wrapper_drc_opted.rpx
INFO: [IP_Flow 19-234] Refreshing IP repositories
INFO: [IP_Flow 19-1700] Loaded user IP repository 'c:/Users/jiho0/GitProjects/FPGA-Autonomous-Vehicle-Project'.
WARNING: [IP_Flow 19-3656] If you move the project, the path for repository 'c:/Users/jiho0/GitProjects/FPGA-Autonomous-Vehicle-Project' may become invalid. A better location for the repository would be in a path adjacent to the project. (Current project location is 'c:/Users/jiho0/GitProjects/FPGA-Autonomous-Vehicle-Project/FPGA_project/FPGA_project.runs/impl_1'.)
INFO: [DRC 23-27] Running DRC with 2 threads
INFO: [Vivado_Tcl 2-168] The results of DRC are in file C:/Users/jiho0/GitProjects/FPGA-Autonomous-Vehicle-Project/FPGA_project/FPGA_project.runs/impl_1/design_1_wrapper_drc_opted.rpt.
report_drc completed successfully
Command: place_design
Attempting to get a license for feature 'Implementation' and/or device 'xczu2cg'
INFO: [Common 17-349] Got license for feature 'Implementation' and/or device 'xczu2cg'
INFO: [DRC 23-27] Running DRC with 2 threads
INFO: [Vivado_Tcl 4-198] DRC finished with 0 Errors
INFO: [Vivado_Tcl 4-199] Please refer to the DRC report (report_drc) for more information.
Running DRC as a precondition to command place_design
INFO: [DRC 23-27] Running DRC with 2 threads
INFO: [Vivado_Tcl 4-198] DRC finished with 0 Errors
INFO: [Vivado_Tcl 4-199] Please refer to the DRC report (report_drc) for more information.

Starting Placer Task
INFO: [Place 30-611] Multithreading enabled for place_design using a maximum of 2 CPUs

Phase 1 Placer Initialization

Phase 1.1 Placer Initialization Netlist Sorting
Netlist sorting complete. Time (s): cpu = 00:00:00 ; elapsed = 00:00:00.007 . Memory (MB): peak = 2171.117 ; gain = 0.000
Phase 1.1 Placer Initialization Netlist Sorting | Checksum: 75fbadb8

Time (s): cpu = 00:00:00 ; elapsed = 00:00:00.026 . Memory (MB): peak = 2171.117 ; gain = 0.000
Netlist sorting complete. Time (s): cpu = 00:00:00 ; elapsed = 00:00:00.005 . Memory (MB): peak = 2171.117 ; gain = 0.000

Phase 1.2 IO Placement/ Clock Placement/ Build Placer Device
INFO: [Timing 38-35] Done setting XDC timing constraints.
Phase 1.2 IO Placement/ Clock Placement/ Build Placer Device | Checksum: f463a626

Time (s): cpu = 00:00:25 ; elapsed = 00:00:26 . Memory (MB): peak = 3637.129 ; gain = 1466.012

Phase 1.3 Build Placer Netlist Model
Phase 1.3 Build Placer Netlist Model | Checksum: 18d877f30

Time (s): cpu = 00:00:33 ; elapsed = 00:00:33 . Memory (MB): peak = 3637.129 ; gain = 1466.012

Phase 1.4 Constrain Clocks/Macros
Phase 1.4 Constrain Clocks/Macros | Checksum: 18d877f30

Time (s): cpu = 00:00:33 ; elapsed = 00:00:33 . Memory (MB): peak = 3637.129 ; gain = 1466.012
Phase 1 Placer Initialization | Checksum: 18d877f30

Time (s): cpu = 00:00:33 ; elapsed = 00:00:33 . Memory (MB): peak = 3637.129 ; gain = 1466.012

Phase 2 Global Placement

Phase 2.1 Floorplanning

Phase 2.1.1 Partition Driven Placement

Phase 2.1.1.1 PBP: Partition Driven Placement
Phase 2.1.1.1 PBP: Partition Driven Placement | Checksum: 17a42ae83

Time (s): cpu = 00:00:39 ; elapsed = 00:00:36 . Memory (MB): peak = 3637.129 ; gain = 1466.012

Phase 2.1.1.2 PBP: Clock Region Placement
Phase 2.1.1.2 PBP: Clock Region Placement | Checksum: 16c674a62

Time (s): cpu = 00:00:39 ; elapsed = 00:00:37 . Memory (MB): peak = 3637.129 ; gain = 1466.012

Phase 2.1.1.3 PBP: Compute Congestion
Phase 2.1.1.3 PBP: Compute Congestion | Checksum: 16c674a62

Time (s): cpu = 00:00:40 ; elapsed = 00:00:37 . Memory (MB): peak = 3637.129 ; gain = 1466.012

Phase 2.1.1.4 PBP: UpdateTiming
Phase 2.1.1.4 PBP: UpdateTiming | Checksum: 1904dad43

Time (s): cpu = 00:00:40 ; elapsed = 00:00:38 . Memory (MB): peak = 3637.129 ; gain = 1466.012

Phase 2.1.1.5 PBP: Add part constraints
Phase 2.1.1.5 PBP: Add part constraints | Checksum: 1904dad43

Time (s): cpu = 00:00:41 ; elapsed = 00:00:38 . Memory (MB): peak = 3637.129 ; gain = 1466.012
Phase 2.1.1 Partition Driven Placement | Checksum: 1904dad43

Time (s): cpu = 00:00:41 ; elapsed = 00:00:38 . Memory (MB): peak = 3637.129 ; gain = 1466.012
Phase 2.1 Floorplanning | Checksum: 14ab95547

Time (s): cpu = 00:00:41 ; elapsed = 00:00:38 . Memory (MB): peak = 3637.129 ; gain = 1466.012

Phase 2.2 Update Timing before SLR Path Opt
Phase 2.2 Update Timing before SLR Path Opt | Checksum: 14ab95547

Time (s): cpu = 00:00:41 ; elapsed = 00:00:38 . Memory (MB): peak = 3637.129 ; gain = 1466.012

Phase 2.3 Post-Processing in Floorplanning
Phase 2.3 Post-Processing in Floorplanning | Checksum: 11e36d310

Time (s): cpu = 00:00:41 ; elapsed = 00:00:38 . Memory (MB): peak = 3637.129 ; gain = 1466.012

Phase 2.4 Global Placement Core

Phase 2.4.1 UpdateTiming Before Physical Synthesis
Phase 2.4.1 UpdateTiming Before Physical Synthesis | Checksum: 1a6a2606f

Time (s): cpu = 00:00:55 ; elapsed = 00:00:47 . Memory (MB): peak = 3637.129 ; gain = 1466.012

Phase 2.4.2 Physical Synthesis In Placer
INFO: [Physopt 32-1035] Found 11 LUTNM shape to break, 493 LUT instances to create LUTNM shape
INFO: [Physopt 32-1044] Break lutnm for timing: one critical 5, two critical 6, total 11, new lutff created 0
INFO: [Physopt 32-1138] End 1 Pass. Optimized 243 nets or LUTs. Breaked 11 LUTs, combined 232 existing LUTs and moved 0 existing LUT
INFO: [Physopt 32-69] No nets found for rewiring optimization.
INFO: [Physopt 32-661] Optimized 0 net.  Re-placed 0 instance.
INFO: [Physopt 32-775] End 1 Pass. Optimized 0 net or cell. Created 0 new cell, deleted 0 existing cell and moved 0 existing cell
INFO: [Physopt 32-65] No nets found for high-fanout optimization.
INFO: [Physopt 32-232] Optimized 0 net. Created 0 new instance.
INFO: [Physopt 32-775] End 1 Pass. Optimized 0 net or cell. Created 0 new cell, deleted 0 existing cell and moved 0 existing cell
INFO: [Physopt 32-456] No candidate cells for DSP register optimization found in the design.
INFO: [Physopt 32-775] End 2 Pass. Optimized 0 net or cell. Created 0 new cell, deleted 0 existing cell and moved 0 existing cell
INFO: [Physopt 32-1123] No candidate cells found for Shift Register to Pipeline optimization
INFO: [Physopt 32-775] End 2 Pass. Optimized 0 net or cell. Created 0 new cell, deleted 0 existing cell and moved 0 existing cell
INFO: [Physopt 32-677] No candidate cells for Shift Register optimization found in the design
INFO: [Physopt 32-775] End 1 Pass. Optimized 0 net or cell. Created 0 new cell, deleted 0 existing cell and moved 0 existing cell
INFO: [Physopt 32-526] No candidate cells for BRAM register optimization found in the design
INFO: [Physopt 32-775] End 1 Pass. Optimized 0 net or cell. Created 0 new cell, deleted 0 existing cell and moved 0 existing cell
INFO: [Physopt 32-846] No candidate cells for URAM register optimization found in the design
INFO: [Physopt 32-775] End 2 Pass. Optimized 0 net or cell. Created 0 new cell, deleted 0 existing cell and moved 0 existing cell
INFO: [Physopt 32-949] No candidate nets found for dynamic/static region interface net replication
INFO: [Physopt 32-775] End 1 Pass. Optimized 0 net or cell. Created 0 new cell, deleted 0 existing cell and moved 0 existing cell
Netlist sorting complete. Time (s): cpu = 00:00:00 ; elapsed = 00:00:00.005 . Memory (MB): peak = 3637.129 ; gain = 0.000

Summary of Physical Synthesis Optimizations
============================================


-----------------------------------------------------------------------------------------------------------------------------------------------------------
|  Optimization                                     |  Added Cells  |  Removed Cells  |  Optimized Cells/Nets  |  Dont Touch  |  Iterations  |  Elapsed   |
-----------------------------------------------------------------------------------------------------------------------------------------------------------
|  LUT Combining                                    |           11  |            232  |                   243  |           0  |           1  |  00:00:00  |
|  Retime                                           |            0  |              0  |                     0  |           0  |           1  |  00:00:00  |
|  Equivalent Driver Rewiring                       |            0  |              0  |                     0  |           0  |           1  |  00:00:00  |
|  Very High Fanout                                 |            0  |              0  |                     0  |           0  |           1  |  00:00:00  |
|  DSP Register                                     |            0  |              0  |                     0  |           0  |           1  |  00:00:00  |
|  Shift Register to Pipeline                       |            0  |              0  |                     0  |           0  |           1  |  00:00:00  |
|  Shift Register                                   |            0  |              0  |                     0  |           0  |           1  |  00:00:00  |
|  BRAM Register                                    |            0  |              0  |                     0  |           0  |           1  |  00:00:00  |
|  URAM Register                                    |            0  |              0  |                     0  |           0  |           1  |  00:00:00  |
|  Dynamic/Static Region Interface Net Replication  |            0  |              0  |                     0  |           0  |           1  |  00:00:00  |
|  Total                                            |           11  |            232  |                   243  |           0  |          10  |  00:00:01  |
-----------------------------------------------------------------------------------------------------------------------------------------------------------


Phase 2.4.2 Physical Synthesis In Placer | Checksum: 1aa10adc0

Time (s): cpu = 00:00:57 ; elapsed = 00:00:49 . Memory (MB): peak = 3637.129 ; gain = 1466.012
Phase 2.4 Global Placement Core | Checksum: 14efcf02e

Time (s): cpu = 00:00:59 ; elapsed = 00:00:50 . Memory (MB): peak = 3637.129 ; gain = 1466.012
Phase 2 Global Placement | Checksum: 14efcf02e

Time (s): cpu = 00:00:59 ; elapsed = 00:00:50 . Memory (MB): peak = 3637.129 ; gain = 1466.012

Phase 3 Detail Placement

Phase 3.1 Commit Multi Column Macros
Phase 3.1 Commit Multi Column Macros | Checksum: 14d8b2984

Time (s): cpu = 00:01:00 ; elapsed = 00:00:51 . Memory (MB): peak = 3637.129 ; gain = 1466.012

Phase 3.2 Commit Most Macros & LUTRAMs
Phase 3.2 Commit Most Macros & LUTRAMs | Checksum: 1acd274b7

Time (s): cpu = 00:01:02 ; elapsed = 00:00:53 . Memory (MB): peak = 3637.129 ; gain = 1466.012

Phase 3.3 Small Shape DP

Phase 3.3.1 Small Shape Clustering
Phase 3.3.1 Small Shape Clustering | Checksum: 193dec638

Time (s): cpu = 00:01:07 ; elapsed = 00:00:56 . Memory (MB): peak = 3637.129 ; gain = 1466.012

Phase 3.3.2 Flow Legalize Slice Clusters
Phase 3.3.2 Flow Legalize Slice Clusters | Checksum: 1dc1a7bb5

Time (s): cpu = 00:01:07 ; elapsed = 00:00:57 . Memory (MB): peak = 3637.129 ; gain = 1466.012

Phase 3.3.3 Slice Area Swap

Phase 3.3.3.1 Slice Area Swap Initial
Phase 3.3.3.1 Slice Area Swap Initial | Checksum: 1f2fb57ff

Time (s): cpu = 00:01:08 ; elapsed = 00:00:59 . Memory (MB): peak = 3637.129 ; gain = 1466.012
Phase 3.3.3 Slice Area Swap | Checksum: 1f2fb57ff

Time (s): cpu = 00:01:08 ; elapsed = 00:00:59 . Memory (MB): peak = 3637.129 ; gain = 1466.012
Phase 3.3 Small Shape DP | Checksum: 154e03ec5

Time (s): cpu = 00:01:12 ; elapsed = 00:01:01 . Memory (MB): peak = 3637.129 ; gain = 1466.012

Phase 3.4 Re-assign LUT pins
Phase 3.4 Re-assign LUT pins | Checksum: 2107278d9

Time (s): cpu = 00:01:13 ; elapsed = 00:01:03 . Memory (MB): peak = 3637.129 ; gain = 1466.012

Phase 3.5 Pipeline Register Optimization
Phase 3.5 Pipeline Register Optimization | Checksum: 1640c0c73

Time (s): cpu = 00:01:13 ; elapsed = 00:01:03 . Memory (MB): peak = 3637.129 ; gain = 1466.012

Phase 3.6 Fast Optimization
Phase 3.6 Fast Optimization | Checksum: af31161e

Time (s): cpu = 00:01:19 ; elapsed = 00:01:06 . Memory (MB): peak = 3637.129 ; gain = 1466.012
Phase 3 Detail Placement | Checksum: af31161e

Time (s): cpu = 00:01:19 ; elapsed = 00:01:06 . Memory (MB): peak = 3637.129 ; gain = 1466.012

Phase 4 Post Placement Optimization and Clean-Up

Phase 4.1 Post Commit Optimization
INFO: [Timing 38-35] Done setting XDC timing constraints.

Phase 4.1.1 Post Placement Optimization
Post Placement Optimization Initialization | Checksum: 8dc839c0

Phase 4.1.1.1 BUFG Insertion

Starting Physical Synthesis Task

Phase 1 Physical Synthesis Initialization
INFO: [Physopt 32-721] Multithreading enabled for phys_opt_design using a maximum of 2 CPUs
INFO: [Physopt 32-619] Estimated Timing Summary | WNS=0.177 | TNS=0.000 |
Phase 1 Physical Synthesis Initialization | Checksum: 16430a71b

Time (s): cpu = 00:00:00 ; elapsed = 00:00:00.336 . Memory (MB): peak = 3637.129 ; gain = 0.000
INFO: [Place 46-35] Processed net design_1_i/proc_sys_reset_0/U0/peripheral_aresetn[0], inserted BUFG to drive 3470 loads.
INFO: [Place 46-45] Replicated bufg driver design_1_i/proc_sys_reset_0/U0/ACTIVE_LOW_PR_OUT_DFF[0].FDRE_PER_N_replica
INFO: [Place 46-56] BUFG insertion identified 1 candidate nets. Inserted BUFG: 1, Replicated BUFG Driver: 1, Skipped due to Placement/Routing Conflicts: 0, Skipped due to Timing Degradation: 0, Skipped due to Illegal Netlist: 0.
Ending Physical Synthesis Task | Checksum: 160ee7bf2

Time (s): cpu = 00:00:01 ; elapsed = 00:00:01 . Memory (MB): peak = 3637.129 ; gain = 0.000
Phase 4.1.1.1 BUFG Insertion | Checksum: 12282f62f

Time (s): cpu = 00:01:28 ; elapsed = 00:01:14 . Memory (MB): peak = 3637.129 ; gain = 1466.012

Phase 4.1.1.2 Post Placement Timing Optimization
INFO: [Place 30-746] Post Placement Timing Summary WNS=0.515. For the most accurate timing information please run report_timing.
Phase 4.1.1.2 Post Placement Timing Optimization | Checksum: 132564fac

Time (s): cpu = 00:01:36 ; elapsed = 00:01:24 . Memory (MB): peak = 3637.129 ; gain = 1466.012

Time (s): cpu = 00:01:36 ; elapsed = 00:01:24 . Memory (MB): peak = 3637.129 ; gain = 1466.012
Phase 4.1 Post Commit Optimization | Checksum: 132564fac

Time (s): cpu = 00:01:36 ; elapsed = 00:01:24 . Memory (MB): peak = 3637.129 ; gain = 1466.012
Netlist sorting complete. Time (s): cpu = 00:00:00 ; elapsed = 00:00:00.073 . Memory (MB): peak = 3637.129 ; gain = 0.000

Phase 4.2 Post Placement Cleanup
Phase 4.2 Post Placement Cleanup | Checksum: 1e1045a71

Time (s): cpu = 00:01:38 ; elapsed = 00:01:26 . Memory (MB): peak = 3637.129 ; gain = 1466.012

Phase 4.3 Placer Reporting

Phase 4.3.1 Print Estimated Congestion
INFO: [Place 30-612] Post-Placement Estimated Congestion 
 ________________________________________________________________________
|           | Global Congestion | Long Congestion   | Short Congestion  |
| Direction | Region Size       | Region Size       | Region Size       |
|___________|___________________|___________________|___________________|
|      North|                1x1|                1x1|                2x2|
|___________|___________________|___________________|___________________|
|      South|                1x1|                1x1|                2x2|
|___________|___________________|___________________|___________________|
|       East|                1x1|                1x1|                2x2|
|___________|___________________|___________________|___________________|
|       West|                1x1|                1x1|                2x2|
|___________|___________________|___________________|___________________|

Phase 4.3.1 Print Estimated Congestion | Checksum: 1e1045a71

Time (s): cpu = 00:01:38 ; elapsed = 00:01:26 . Memory (MB): peak = 3637.129 ; gain = 1466.012
Phase 4.3 Placer Reporting | Checksum: 1e1045a71

Time (s): cpu = 00:01:38 ; elapsed = 00:01:26 . Memory (MB): peak = 3637.129 ; gain = 1466.012

Phase 4.4 Final Placement Cleanup
Netlist sorting complete. Time (s): cpu = 00:00:00 ; elapsed = 00:00:00.004 . Memory (MB): peak = 3637.129 ; gain = 0.000

Time (s): cpu = 00:01:38 ; elapsed = 00:01:26 . Memory (MB): peak = 3637.129 ; gain = 1466.012
Phase 4 Post Placement Optimization and Clean-Up | Checksum: 237529675

Time (s): cpu = 00:01:38 ; elapsed = 00:01:26 . Memory (MB): peak = 3637.129 ; gain = 1466.012
Ending Placer Task | Checksum: 212348200

Time (s): cpu = 00:01:38 ; elapsed = 00:01:26 . Memory (MB): peak = 3637.129 ; gain = 1466.012
INFO: [Common 17-83] Releasing license: Implementation
87 Infos, 3 Warnings, 0 Critical Warnings and 0 Errors encountered.
place_design completed successfully
place_design: Time (s): cpu = 00:01:43 ; elapsed = 00:01:29 . Memory (MB): peak = 3637.129 ; gain = 1466.012
INFO: [Timing 38-480] Writing timing data to binary archive.
Writing XDEF routing.
Writing XDEF routing logical nets.
Writing XDEF routing special nets.
Write XDEF Complete: Time (s): cpu = 00:00:05 ; elapsed = 00:00:03 . Memory (MB): peak = 3637.129 ; gain = 0.000
INFO: [Common 17-1381] The checkpoint 'C:/Users/jiho0/GitProjects/FPGA-Autonomous-Vehicle-Project/FPGA_project/FPGA_project.runs/impl_1/design_1_wrapper_placed.dcp' has been generated.
write_checkpoint: Time (s): cpu = 00:00:08 ; elapsed = 00:00:06 . Memory (MB): peak = 3637.129 ; gain = 0.000
INFO: [runtcl-4] Executing : report_io -file design_1_wrapper_io_placed.rpt
report_io: Time (s): cpu = 00:00:00 ; elapsed = 00:00:00.078 . Memory (MB): peak = 3637.129 ; gain = 0.000
INFO: [runtcl-4] Executing : report_utilization -file design_1_wrapper_utilization_placed.rpt -pb design_1_wrapper_utilization_placed.pb
INFO: [runtcl-4] Executing : report_control_sets -verbose -file design_1_wrapper_control_sets_placed.rpt
report_control_sets: Time (s): cpu = 00:00:00 ; elapsed = 00:00:00.026 . Memory (MB): peak = 3637.129 ; gain = 0.000
Command: phys_opt_design
Attempting to get a license for feature 'Implementation' and/or device 'xczu2cg'
INFO: [Common 17-349] Got license for feature 'Implementation' and/or device 'xczu2cg'

Starting Initial Update Timing Task

Time (s): cpu = 00:00:06 ; elapsed = 00:00:04 . Memory (MB): peak = 3637.129 ; gain = 0.000
INFO: [Vivado_Tcl 4-383] Design worst setup slack (WNS) is greater than or equal to 0.000 ns. Skipping all physical synthesis optimizations.
INFO: [Vivado_Tcl 4-232] No setup violation found. The netlist was not modified.
INFO: [Common 17-83] Releasing license: Implementation
96 Infos, 3 Warnings, 0 Critical Warnings and 0 Errors encountered.
phys_opt_design completed successfully
INFO: [Timing 38-480] Writing timing data to binary archive.
Writing XDEF routing.
Writing XDEF routing logical nets.
Writing XDEF routing special nets.
Write XDEF Complete: Time (s): cpu = 00:00:04 ; elapsed = 00:00:02 . Memory (MB): peak = 3637.129 ; gain = 0.000
INFO: [Common 17-1381] The checkpoint 'C:/Users/jiho0/GitProjects/FPGA-Autonomous-Vehicle-Project/FPGA_project/FPGA_project.runs/impl_1/design_1_wrapper_physopt.dcp' has been generated.
Command: route_design
Attempting to get a license for feature 'Implementation' and/or device 'xczu2cg'
INFO: [Common 17-349] Got license for feature 'Implementation' and/or device 'xczu2cg'
Running DRC as a precondition to command route_design
INFO: [DRC 23-27] Running DRC with 2 threads
INFO: [Vivado_Tcl 4-198] DRC finished with 0 Errors
INFO: [Vivado_Tcl 4-199] Please refer to the DRC report (report_drc) for more information.


Starting Routing Task
INFO: [Route 35-254] Multithreading enabled for route_design using a maximum of 2 CPUs

Phase 1 Build RT Design
Checksum: PlaceDB: b5da3d2f ConstDB: 0 ShapeSum: adac3a0c RouteDB: aeae0ac5
Nodegraph reading from file.  Time (s): cpu = 00:00:01 ; elapsed = 00:00:00.516 . Memory (MB): peak = 3637.129 ; gain = 0.000
Post Restoration Checksum: NetGraph: 7440cff9 NumContArr: 5f9564dd Constraints: cfb28b68 Timing: 0
Phase 1 Build RT Design | Checksum: 1a388c03e

Time (s): cpu = 00:00:08 ; elapsed = 00:00:06 . Memory (MB): peak = 3637.129 ; gain = 0.000

Phase 2 Router Initialization

Phase 2.1 Fix Topology Constraints
Phase 2.1 Fix Topology Constraints | Checksum: 1a388c03e

Time (s): cpu = 00:00:08 ; elapsed = 00:00:06 . Memory (MB): peak = 3637.129 ; gain = 0.000

Phase 2.2 Pre Route Cleanup
Phase 2.2 Pre Route Cleanup | Checksum: 1a388c03e

Time (s): cpu = 00:00:08 ; elapsed = 00:00:06 . Memory (MB): peak = 3637.129 ; gain = 0.000

Phase 2.3 Global Clock Net Routing
 Number of Nodes with overlaps = 0
Phase 2.3 Global Clock Net Routing | Checksum: 2169d85da

Time (s): cpu = 00:00:09 ; elapsed = 00:00:06 . Memory (MB): peak = 3637.129 ; gain = 0.000

Phase 2.4 Update Timing
Phase 2.4 Update Timing | Checksum: 213328b9d

Time (s): cpu = 00:00:13 ; elapsed = 00:00:09 . Memory (MB): peak = 3637.129 ; gain = 0.000
INFO: [Route 35-416] Intermediate Timing Summary | WNS=0.782  | TNS=0.000  | WHS=-0.058 | THS=-0.572 |


Router Utilization Summary
  Global Vertical Routing Utilization    = 0 %
  Global Horizontal Routing Utilization  = 0 %
  Routable Net Status*
  *Does not include unroutable nets such as driverless and loadless.
  Run report_route_status for detailed report.
  Number of Failed Nets               = 14518
    (Failed Nets is the sum of unrouted and partially routed nets)
  Number of Unrouted Nets             = 12526
  Number of Partially Routed Nets     = 1992
  Number of Node Overlaps             = 0

Phase 2 Router Initialization | Checksum: 21e311a55

Time (s): cpu = 00:00:20 ; elapsed = 00:00:14 . Memory (MB): peak = 3637.129 ; gain = 0.000

Phase 3 Initial Routing

Phase 3.1 Global Routing
Phase 3.1 Global Routing | Checksum: 21e311a55

Time (s): cpu = 00:00:20 ; elapsed = 00:00:14 . Memory (MB): peak = 3637.129 ; gain = 0.000
Phase 3 Initial Routing | Checksum: 20af98dae

Time (s): cpu = 00:00:25 ; elapsed = 00:00:18 . Memory (MB): peak = 3637.129 ; gain = 0.000

Phase 4 Rip-up And Reroute

Phase 4.1 Global Iteration 0
 Number of Nodes with overlaps = 2630
 Number of Nodes with overlaps = 435
 Number of Nodes with overlaps = 139
 Number of Nodes with overlaps = 41
 Number of Nodes with overlaps = 19
 Number of Nodes with overlaps = 7
 Number of Nodes with overlaps = 5
 Number of Nodes with overlaps = 2
 Number of Nodes with overlaps = 3
 Number of Nodes with overlaps = 1
 Number of Nodes with overlaps = 1
 Number of Nodes with overlaps = 0
INFO: [Route 35-416] Intermediate Timing Summary | WNS=0.229  | TNS=0.000  | WHS=-0.009 | THS=-0.009 |

Phase 4.1 Global Iteration 0 | Checksum: 154e2860a

Time (s): cpu = 00:01:06 ; elapsed = 00:00:47 . Memory (MB): peak = 3637.129 ; gain = 0.000

Phase 4.2 Additional Iteration for Hold
Phase 4.2 Additional Iteration for Hold | Checksum: 1b6e68d98

Time (s): cpu = 00:01:06 ; elapsed = 00:00:47 . Memory (MB): peak = 3637.129 ; gain = 0.000
Phase 4 Rip-up And Reroute | Checksum: 1b6e68d98

Time (s): cpu = 00:01:06 ; elapsed = 00:00:47 . Memory (MB): peak = 3637.129 ; gain = 0.000

Phase 5 Delay and Skew Optimization

Phase 5.1 Delay CleanUp

Phase 5.1.1 Update Timing
Phase 5.1.1 Update Timing | Checksum: 19a291f32

Time (s): cpu = 00:01:09 ; elapsed = 00:00:49 . Memory (MB): peak = 3637.129 ; gain = 0.000
INFO: [Route 35-416] Intermediate Timing Summary | WNS=0.229  | TNS=0.000  | WHS=0.015  | THS=0.000  |


Phase 5.1.2 Update Timing
Phase 5.1.2 Update Timing | Checksum: 21b3305ce

Time (s): cpu = 00:01:12 ; elapsed = 00:00:51 . Memory (MB): peak = 3637.129 ; gain = 0.000
INFO: [Route 35-416] Intermediate Timing Summary | WNS=0.229  | TNS=0.000  | WHS=0.015  | THS=0.000  |

Phase 5.1 Delay CleanUp | Checksum: 21b3305ce

Time (s): cpu = 00:01:12 ; elapsed = 00:00:51 . Memory (MB): peak = 3637.129 ; gain = 0.000

Phase 5.2 Clock Skew Optimization
Phase 5.2 Clock Skew Optimization | Checksum: 21b3305ce

Time (s): cpu = 00:01:12 ; elapsed = 00:00:51 . Memory (MB): peak = 3637.129 ; gain = 0.000
Phase 5 Delay and Skew Optimization | Checksum: 21b3305ce

Time (s): cpu = 00:01:12 ; elapsed = 00:00:51 . Memory (MB): peak = 3637.129 ; gain = 0.000

Phase 6 Post Hold Fix

Phase 6.1 Hold Fix Iter

Phase 6.1.1 Update Timing
Phase 6.1.1 Update Timing | Checksum: 22076b557

Time (s): cpu = 00:01:15 ; elapsed = 00:00:53 . Memory (MB): peak = 3637.129 ; gain = 0.000
INFO: [Route 35-416] Intermediate Timing Summary | WNS=0.229  | TNS=0.000  | WHS=0.015  | THS=0.000  |

Phase 6.1 Hold Fix Iter | Checksum: 1a6d7fa9d

Time (s): cpu = 00:01:15 ; elapsed = 00:00:53 . Memory (MB): peak = 3637.129 ; gain = 0.000
Phase 6 Post Hold Fix | Checksum: 1a6d7fa9d

Time (s): cpu = 00:01:15 ; elapsed = 00:00:53 . Memory (MB): peak = 3637.129 ; gain = 0.000

Phase 7 Route finalize

Router Utilization Summary
  Global Vertical Routing Utilization    = 1.74094 %
  Global Horizontal Routing Utilization  = 2.42891 %
  Routable Net Status*
  *Does not include unroutable nets such as driverless and loadless.
  Run report_route_status for detailed report.
  Number of Failed Nets               = 0
    (Failed Nets is the sum of unrouted and partially routed nets)
  Number of Unrouted Nets             = 0
  Number of Partially Routed Nets     = 0
  Number of Node Overlaps             = 0

Phase 7 Route finalize | Checksum: 273062460

Time (s): cpu = 00:01:15 ; elapsed = 00:00:53 . Memory (MB): peak = 3637.129 ; gain = 0.000

Phase 8 Verifying routed nets

 Verification completed successfully
Phase 8 Verifying routed nets | Checksum: 273062460

Time (s): cpu = 00:01:15 ; elapsed = 00:00:53 . Memory (MB): peak = 3637.129 ; gain = 0.000

Phase 9 Depositing Routes
Phase 9 Depositing Routes | Checksum: 273062460

Time (s): cpu = 00:01:17 ; elapsed = 00:00:56 . Memory (MB): peak = 3637.129 ; gain = 0.000

Phase 10 Resolve XTalk
Phase 10 Resolve XTalk | Checksum: 273062460

Time (s): cpu = 00:01:17 ; elapsed = 00:00:56 . Memory (MB): peak = 3637.129 ; gain = 0.000

Phase 11 Post Router Timing
INFO: [Route 35-57] Estimated Timing Summary | WNS=0.229  | TNS=0.000  | WHS=0.015  | THS=0.000  |

INFO: [Route 35-327] The final timing numbers are based on the router estimated timing analysis. For a complete and accurate timing signoff, please run report_timing_summary.
Phase 11 Post Router Timing | Checksum: 273062460

Time (s): cpu = 00:01:18 ; elapsed = 00:00:56 . Memory (MB): peak = 3637.129 ; gain = 0.000
INFO: [Route 35-16] Router Completed Successfully

Time (s): cpu = 00:01:18 ; elapsed = 00:00:56 . Memory (MB): peak = 3637.129 ; gain = 0.000

Routing Is Done.
INFO: [Common 17-83] Releasing license: Implementation
112 Infos, 3 Warnings, 0 Critical Warnings and 0 Errors encountered.
route_design completed successfully
route_design: Time (s): cpu = 00:01:23 ; elapsed = 00:00:59 . Memory (MB): peak = 3637.129 ; gain = 0.000
INFO: [Timing 38-480] Writing timing data to binary archive.
Writing XDEF routing.
Writing XDEF routing logical nets.
Writing XDEF routing special nets.
Write XDEF Complete: Time (s): cpu = 00:00:04 ; elapsed = 00:00:02 . Memory (MB): peak = 3637.129 ; gain = 0.000
INFO: [Common 17-1381] The checkpoint 'C:/Users/jiho0/GitProjects/FPGA-Autonomous-Vehicle-Project/FPGA_project/FPGA_project.runs/impl_1/design_1_wrapper_routed.dcp' has been generated.
write_checkpoint: Time (s): cpu = 00:00:07 ; elapsed = 00:00:06 . Memory (MB): peak = 3637.129 ; gain = 0.000
INFO: [runtcl-4] Executing : report_drc -file design_1_wrapper_drc_routed.rpt -pb design_1_wrapper_drc_routed.pb -rpx design_1_wrapper_drc_routed.rpx
Command: report_drc -file design_1_wrapper_drc_routed.rpt -pb design_1_wrapper_drc_routed.pb -rpx design_1_wrapper_drc_routed.rpx
INFO: [IP_Flow 19-1839] IP Catalog is up to date.
INFO: [DRC 23-27] Running DRC with 2 threads
INFO: [Vivado_Tcl 2-168] The results of DRC are in file C:/Users/jiho0/GitProjects/FPGA-Autonomous-Vehicle-Project/FPGA_project/FPGA_project.runs/impl_1/design_1_wrapper_drc_routed.rpt.
report_drc completed successfully
INFO: [runtcl-4] Executing : report_methodology -file design_1_wrapper_methodology_drc_routed.rpt -pb design_1_wrapper_methodology_drc_routed.pb -rpx design_1_wrapper_methodology_drc_routed.rpx
Command: report_methodology -file design_1_wrapper_methodology_drc_routed.rpt -pb design_1_wrapper_methodology_drc_routed.pb -rpx design_1_wrapper_methodology_drc_routed.rpx
INFO: [Timing 38-35] Done setting XDC timing constraints.
INFO: [DRC 23-133] Running Methodology with 2 threads
INFO: [Vivado_Tcl 2-1520] The results of Report Methodology are in file C:/Users/jiho0/GitProjects/FPGA-Autonomous-Vehicle-Project/FPGA_project/FPGA_project.runs/impl_1/design_1_wrapper_methodology_drc_routed.rpt.
report_methodology completed successfully
report_methodology: Time (s): cpu = 00:00:13 ; elapsed = 00:00:07 . Memory (MB): peak = 3637.129 ; gain = 0.000
INFO: [runtcl-4] Executing : report_power -file design_1_wrapper_power_routed.rpt -pb design_1_wrapper_power_summary_routed.pb -rpx design_1_wrapper_power_routed.rpx
Command: report_power -file design_1_wrapper_power_routed.rpt -pb design_1_wrapper_power_summary_routed.pb -rpx design_1_wrapper_power_routed.rpx
INFO: [Timing 38-35] Done setting XDC timing constraints.
Running Vector-less Activity Propagation...

Finished Running Vector-less Activity Propagation
124 Infos, 3 Warnings, 0 Critical Warnings and 0 Errors encountered.
report_power completed successfully
report_power: Time (s): cpu = 00:00:10 ; elapsed = 00:00:06 . Memory (MB): peak = 3637.129 ; gain = 0.000
INFO: [runtcl-4] Executing : report_route_status -file design_1_wrapper_route_status.rpt -pb design_1_wrapper_route_status.pb
INFO: [runtcl-4] Executing : report_timing_summary -max_paths 10 -report_unconstrained -file design_1_wrapper_timing_summary_routed.rpt -pb design_1_wrapper_timing_summary_routed.pb -rpx design_1_wrapper_timing_summary_routed.rpx -warn_on_violation 
INFO: [Timing 38-91] UpdateTimingParams: Speed grade: -1, Temperature grade: E, Delay Type: min_max.
INFO: [Timing 38-191] Multithreading enabled for timing update using a maximum of 2 CPUs
INFO: [runtcl-4] Executing : report_incremental_reuse -file design_1_wrapper_incremental_reuse_routed.rpt
INFO: [Vivado_Tcl 4-1062] Incremental flow is disabled. No incremental reuse Info to report.
INFO: [runtcl-4] Executing : report_clock_utilization -file design_1_wrapper_clock_utilization_routed.rpt
INFO: [runtcl-4] Executing : report_bus_skew -warn_on_violation -file design_1_wrapper_bus_skew_routed.rpt -pb design_1_wrapper_bus_skew_routed.pb -rpx design_1_wrapper_bus_skew_routed.rpx
INFO: [Timing 38-91] UpdateTimingParams: Speed grade: -1, Temperature grade: E, Delay Type: min_max.
INFO: [Timing 38-191] Multithreading enabled for timing update using a maximum of 2 CPUs
Command: write_bitstream -force design_1_wrapper.bit
Attempting to get a license for feature 'Implementation' and/or device 'xczu2cg'
INFO: [Common 17-349] Got license for feature 'Implementation' and/or device 'xczu2cg'
Running DRC as a precondition to command write_bitstream
INFO: [IP_Flow 19-1839] IP Catalog is up to date.
INFO: [DRC 23-27] Running DRC with 2 threads
WARNING: [DRC DPIP-2] Input pipelining: DSP design_1_i/top_controller_0/inst/u_preprocessor/p_0_out input design_1_i/top_controller_0/inst/u_preprocessor/p_0_out/A[29:0] is not pipelined. Pipelining DSP48 input will improve performance.
WARNING: [DRC DPIP-2] Input pipelining: DSP design_1_i/top_controller_0/inst/u_preprocessor/p_0_out__0 input design_1_i/top_controller_0/inst/u_preprocessor/p_0_out__0/A[29:0] is not pipelined. Pipelining DSP48 input will improve performance.
WARNING: [DRC DPIP-2] Input pipelining: DSP design_1_i/top_controller_0/inst/u_preprocessor/p_0_out__0 input design_1_i/top_controller_0/inst/u_preprocessor/p_0_out__0/B[17:0] is not pipelined. Pipelining DSP48 input will improve performance.
WARNING: [DRC DPIP-2] Input pipelining: DSP design_1_i/top_controller_0/inst/u_preprocessor/p_0_out__1 input design_1_i/top_controller_0/inst/u_preprocessor/p_0_out__1/A[29:0] is not pipelined. Pipelining DSP48 input will improve performance.
WARNING: [DRC DPIP-2] Input pipelining: DSP design_1_i/top_controller_0/inst/u_preprocessor/p_0_out__10 input design_1_i/top_controller_0/inst/u_preprocessor/p_0_out__10/A[29:0] is not pipelined. Pipelining DSP48 input will improve performance.
WARNING: [DRC DPIP-2] Input pipelining: DSP design_1_i/top_controller_0/inst/u_preprocessor/p_0_out__11 input design_1_i/top_controller_0/inst/u_preprocessor/p_0_out__11/A[29:0] is not pipelined. Pipelining DSP48 input will improve performance.
WARNING: [DRC DPIP-2] Input pipelining: DSP design_1_i/top_controller_0/inst/u_preprocessor/p_0_out__11 input design_1_i/top_controller_0/inst/u_preprocessor/p_0_out__11/B[17:0] is not pipelined. Pipelining DSP48 input will improve performance.
WARNING: [DRC DPIP-2] Input pipelining: DSP design_1_i/top_controller_0/inst/u_preprocessor/p_0_out__12 input design_1_i/top_controller_0/inst/u_preprocessor/p_0_out__12/B[17:0] is not pipelined. Pipelining DSP48 input will improve performance.
WARNING: [DRC DPIP-2] Input pipelining: DSP design_1_i/top_controller_0/inst/u_preprocessor/p_0_out__2 input design_1_i/top_controller_0/inst/u_preprocessor/p_0_out__2/A[29:0] is not pipelined. Pipelining DSP48 input will improve performance.
WARNING: [DRC DPIP-2] Input pipelining: DSP design_1_i/top_controller_0/inst/u_preprocessor/p_0_out__2 input design_1_i/top_controller_0/inst/u_preprocessor/p_0_out__2/B[17:0] is not pipelined. Pipelining DSP48 input will improve performance.
WARNING: [DRC DPIP-2] Input pipelining: DSP design_1_i/top_controller_0/inst/u_preprocessor/p_0_out__3 input design_1_i/top_controller_0/inst/u_preprocessor/p_0_out__3/A[29:0] is not pipelined. Pipelining DSP48 input will improve performance.
WARNING: [DRC DPIP-2] Input pipelining: DSP design_1_i/top_controller_0/inst/u_preprocessor/p_0_out__3 input design_1_i/top_controller_0/inst/u_preprocessor/p_0_out__3/B[17:0] is not pipelined. Pipelining DSP48 input will improve performance.
WARNING: [DRC DPIP-2] Input pipelining: DSP design_1_i/top_controller_0/inst/u_preprocessor/p_0_out__4 input design_1_i/top_controller_0/inst/u_preprocessor/p_0_out__4/A[29:0] is not pipelined. Pipelining DSP48 input will improve performance.
WARNING: [DRC DPIP-2] Input pipelining: DSP design_1_i/top_controller_0/inst/u_preprocessor/p_0_out__5 input design_1_i/top_controller_0/inst/u_preprocessor/p_0_out__5/A[29:0] is not pipelined. Pipelining DSP48 input will improve performance.
WARNING: [DRC DPIP-2] Input pipelining: DSP design_1_i/top_controller_0/inst/u_preprocessor/p_0_out__5 input design_1_i/top_controller_0/inst/u_preprocessor/p_0_out__5/B[17:0] is not pipelined. Pipelining DSP48 input will improve performance.
WARNING: [DRC DPIP-2] Input pipelining: DSP design_1_i/top_controller_0/inst/u_preprocessor/p_0_out__6 input design_1_i/top_controller_0/inst/u_preprocessor/p_0_out__6/A[29:0] is not pipelined. Pipelining DSP48 input will improve performance.
WARNING: [DRC DPIP-2] Input pipelining: DSP design_1_i/top_controller_0/inst/u_preprocessor/p_0_out__6 input design_1_i/top_controller_0/inst/u_preprocessor/p_0_out__6/B[17:0] is not pipelined. Pipelining DSP48 input will improve performance.
WARNING: [DRC DPIP-2] Input pipelining: DSP design_1_i/top_controller_0/inst/u_preprocessor/p_0_out__7 input design_1_i/top_controller_0/inst/u_preprocessor/p_0_out__7/A[29:0] is not pipelined. Pipelining DSP48 input will improve performance.
WARNING: [DRC DPIP-2] Input pipelining: DSP design_1_i/top_controller_0/inst/u_preprocessor/p_0_out__7 input design_1_i/top_controller_0/inst/u_preprocessor/p_0_out__7/B[17:0] is not pipelined. Pipelining DSP48 input will improve performance.
WARNING: [DRC DPIP-2] Input pipelining: DSP design_1_i/top_controller_0/inst/u_preprocessor/p_0_out__8 input design_1_i/top_controller_0/inst/u_preprocessor/p_0_out__8/A[29:0] is not pipelined. Pipelining DSP48 input will improve performance.
WARNING: [DRC DPIP-2] Input pipelining: DSP design_1_i/top_controller_0/inst/u_preprocessor/p_0_out__8 input design_1_i/top_controller_0/inst/u_preprocessor/p_0_out__8/B[17:0] is not pipelined. Pipelining DSP48 input will improve performance.
WARNING: [DRC DPIP-2] Input pipelining: DSP design_1_i/top_controller_0/inst/u_preprocessor/p_0_out__9 input design_1_i/top_controller_0/inst/u_preprocessor/p_0_out__9/A[29:0] is not pipelined. Pipelining DSP48 input will improve performance.
WARNING: [DRC DPIP-2] Input pipelining: DSP design_1_i/top_controller_0/inst/u_preprocessor/p_0_out__9 input design_1_i/top_controller_0/inst/u_preprocessor/p_0_out__9/B[17:0] is not pipelined. Pipelining DSP48 input will improve performance.
WARNING: [DRC DPIP-2] Input pipelining: DSP design_1_i/top_controller_0/inst/u_preprocessor/pred_data_out_reg[pred_accel_x_3] input design_1_i/top_controller_0/inst/u_preprocessor/pred_data_out_reg[pred_accel_x_3]/A[29:0] is not pipelined. Pipelining DSP48 input will improve performance.
WARNING: [DRC DPIP-2] Input pipelining: DSP design_1_i/top_controller_0/inst/u_preprocessor/pred_data_out_reg[pred_accel_x_3] input design_1_i/top_controller_0/inst/u_preprocessor/pred_data_out_reg[pred_accel_x_3]/B[17:0] is not pipelined. Pipelining DSP48 input will improve performance.
WARNING: [DRC DPIP-2] Input pipelining: DSP design_1_i/top_controller_0/inst/u_preprocessor/pred_data_out_reg[pred_approach_speed] input design_1_i/top_controller_0/inst/u_preprocessor/pred_data_out_reg[pred_approach_speed]/A[29:0] is not pipelined. Pipelining DSP48 input will improve performance.
WARNING: [DRC DPOP-3] PREG Output pipelining: DSP design_1_i/top_controller_0/inst/u_preprocessor/p_0_out output design_1_i/top_controller_0/inst/u_preprocessor/p_0_out/P[47:0] is not pipelined (PREG=0). Pipelining the DSP48 output will improve performance and often saves power so it is suggested whenever possible to fully pipeline this function.  If this DSP48 function was inferred, it is suggested to describe an additional register stage after this function.  If the DSP48 was instantiated in the design, it is suggested to set the PREG attribute to 1.
WARNING: [DRC DPOP-3] PREG Output pipelining: DSP design_1_i/top_controller_0/inst/u_preprocessor/p_0_out__0 output design_1_i/top_controller_0/inst/u_preprocessor/p_0_out__0/P[47:0] is not pipelined (PREG=0). Pipelining the DSP48 output will improve performance and often saves power so it is suggested whenever possible to fully pipeline this function.  If this DSP48 function was inferred, it is suggested to describe an additional register stage after this function.  If the DSP48 was instantiated in the design, it is suggested to set the PREG attribute to 1.
WARNING: [DRC DPOP-3] PREG Output pipelining: DSP design_1_i/top_controller_0/inst/u_preprocessor/p_0_out__1 output design_1_i/top_controller_0/inst/u_preprocessor/p_0_out__1/P[47:0] is not pipelined (PREG=0). Pipelining the DSP48 output will improve performance and often saves power so it is suggested whenever possible to fully pipeline this function.  If this DSP48 function was inferred, it is suggested to describe an additional register stage after this function.  If the DSP48 was instantiated in the design, it is suggested to set the PREG attribute to 1.
WARNING: [DRC DPOP-3] PREG Output pipelining: DSP design_1_i/top_controller_0/inst/u_preprocessor/p_0_out__10 output design_1_i/top_controller_0/inst/u_preprocessor/p_0_out__10/P[47:0] is not pipelined (PREG=0). Pipelining the DSP48 output will improve performance and often saves power so it is suggested whenever possible to fully pipeline this function.  If this DSP48 function was inferred, it is suggested to describe an additional register stage after this function.  If the DSP48 was instantiated in the design, it is suggested to set the PREG attribute to 1.
WARNING: [DRC DPOP-3] PREG Output pipelining: DSP design_1_i/top_controller_0/inst/u_preprocessor/p_0_out__11 output design_1_i/top_controller_0/inst/u_preprocessor/p_0_out__11/P[47:0] is not pipelined (PREG=0). Pipelining the DSP48 output will improve performance and often saves power so it is suggested whenever possible to fully pipeline this function.  If this DSP48 function was inferred, it is suggested to describe an additional register stage after this function.  If the DSP48 was instantiated in the design, it is suggested to set the PREG attribute to 1.
WARNING: [DRC DPOP-3] PREG Output pipelining: DSP design_1_i/top_controller_0/inst/u_preprocessor/p_0_out__2 output design_1_i/top_controller_0/inst/u_preprocessor/p_0_out__2/P[47:0] is not pipelined (PREG=0). Pipelining the DSP48 output will improve performance and often saves power so it is suggested whenever possible to fully pipeline this function.  If this DSP48 function was inferred, it is suggested to describe an additional register stage after this function.  If the DSP48 was instantiated in the design, it is suggested to set the PREG attribute to 1.
WARNING: [DRC DPOP-3] PREG Output pipelining: DSP design_1_i/top_controller_0/inst/u_preprocessor/p_0_out__3 output design_1_i/top_controller_0/inst/u_preprocessor/p_0_out__3/P[47:0] is not pipelined (PREG=0). Pipelining the DSP48 output will improve performance and often saves power so it is suggested whenever possible to fully pipeline this function.  If this DSP48 function was inferred, it is suggested to describe an additional register stage after this function.  If the DSP48 was instantiated in the design, it is suggested to set the PREG attribute to 1.
WARNING: [DRC DPOP-3] PREG Output pipelining: DSP design_1_i/top_controller_0/inst/u_preprocessor/p_0_out__4 output design_1_i/top_controller_0/inst/u_preprocessor/p_0_out__4/P[47:0] is not pipelined (PREG=0). Pipelining the DSP48 output will improve performance and often saves power so it is suggested whenever possible to fully pipeline this function.  If this DSP48 function was inferred, it is suggested to describe an additional register stage after this function.  If the DSP48 was instantiated in the design, it is suggested to set the PREG attribute to 1.
WARNING: [DRC DPOP-3] PREG Output pipelining: DSP design_1_i/top_controller_0/inst/u_preprocessor/p_0_out__5 output design_1_i/top_controller_0/inst/u_preprocessor/p_0_out__5/P[47:0] is not pipelined (PREG=0). Pipelining the DSP48 output will improve performance and often saves power so it is suggested whenever possible to fully pipeline this function.  If this DSP48 function was inferred, it is suggested to describe an additional register stage after this function.  If the DSP48 was instantiated in the design, it is suggested to set the PREG attribute to 1.
WARNING: [DRC DPOP-3] PREG Output pipelining: DSP design_1_i/top_controller_0/inst/u_preprocessor/p_0_out__6 output design_1_i/top_controller_0/inst/u_preprocessor/p_0_out__6/P[47:0] is not pipelined (PREG=0). Pipelining the DSP48 output will improve performance and often saves power so it is suggested whenever possible to fully pipeline this function.  If this DSP48 function was inferred, it is suggested to describe an additional register stage after this function.  If the DSP48 was instantiated in the design, it is suggested to set the PREG attribute to 1.
WARNING: [DRC DPOP-3] PREG Output pipelining: DSP design_1_i/top_controller_0/inst/u_preprocessor/p_0_out__7 output design_1_i/top_controller_0/inst/u_preprocessor/p_0_out__7/P[47:0] is not pipelined (PREG=0). Pipelining the DSP48 output will improve performance and often saves power so it is suggested whenever possible to fully pipeline this function.  If this DSP48 function was inferred, it is suggested to describe an additional register stage after this function.  If the DSP48 was instantiated in the design, it is suggested to set the PREG attribute to 1.
WARNING: [DRC DPOP-3] PREG Output pipelining: DSP design_1_i/top_controller_0/inst/u_preprocessor/p_0_out__9 output design_1_i/top_controller_0/inst/u_preprocessor/p_0_out__9/P[47:0] is not pipelined (PREG=0). Pipelining the DSP48 output will improve performance and often saves power so it is suggested whenever possible to fully pipeline this function.  If this DSP48 function was inferred, it is suggested to describe an additional register stage after this function.  If the DSP48 was instantiated in the design, it is suggested to set the PREG attribute to 1.
WARNING: [DRC DPOP-3] PREG Output pipelining: DSP design_1_i/top_controller_0/inst/u_risk_control/p_0_out output design_1_i/top_controller_0/inst/u_risk_control/p_0_out/P[47:0] is not pipelined (PREG=0). Pipelining the DSP48 output will improve performance and often saves power so it is suggested whenever possible to fully pipeline this function.  If this DSP48 function was inferred, it is suggested to describe an additional register stage after this function.  If the DSP48 was instantiated in the design, it is suggested to set the PREG attribute to 1.
WARNING: [DRC DPOP-3] PREG Output pipelining: DSP design_1_i/top_controller_0/inst/u_risk_control/p_0_out__0 output design_1_i/top_controller_0/inst/u_risk_control/p_0_out__0/P[47:0] is not pipelined (PREG=0). Pipelining the DSP48 output will improve performance and often saves power so it is suggested whenever possible to fully pipeline this function.  If this DSP48 function was inferred, it is suggested to describe an additional register stage after this function.  If the DSP48 was instantiated in the design, it is suggested to set the PREG attribute to 1.
WARNING: [DRC DPOP-3] PREG Output pipelining: DSP design_1_i/top_controller_0/inst/u_risk_control/p_0_out__1 output design_1_i/top_controller_0/inst/u_risk_control/p_0_out__1/P[47:0] is not pipelined (PREG=0). Pipelining the DSP48 output will improve performance and often saves power so it is suggested whenever possible to fully pipeline this function.  If this DSP48 function was inferred, it is suggested to describe an additional register stage after this function.  If the DSP48 was instantiated in the design, it is suggested to set the PREG attribute to 1.
WARNING: [DRC DPOP-3] PREG Output pipelining: DSP design_1_i/top_controller_0/inst/u_risk_control/p_0_out__2 output design_1_i/top_controller_0/inst/u_risk_control/p_0_out__2/P[47:0] is not pipelined (PREG=0). Pipelining the DSP48 output will improve performance and often saves power so it is suggested whenever possible to fully pipeline this function.  If this DSP48 function was inferred, it is suggested to describe an additional register stage after this function.  If the DSP48 was instantiated in the design, it is suggested to set the PREG attribute to 1.
WARNING: [DRC DPOP-3] PREG Output pipelining: DSP design_1_i/top_controller_0/inst/u_sensor_reliability/u_cons_1_distance/val output design_1_i/top_controller_0/inst/u_sensor_reliability/u_cons_1_distance/val/P[47:0] is not pipelined (PREG=0). Pipelining the DSP48 output will improve performance and often saves power so it is suggested whenever possible to fully pipeline this function.  If this DSP48 function was inferred, it is suggested to describe an additional register stage after this function.  If the DSP48 was instantiated in the design, it is suggested to set the PREG attribute to 1.
WARNING: [DRC DPOP-4] MREG Output pipelining: DSP design_1_i/top_controller_0/inst/u_preprocessor/p_0_out multiplier stage design_1_i/top_controller_0/inst/u_preprocessor/p_0_out/P[47:0] is not pipelined (MREG=0). Pipelining the multiplier function will improve performance and will save significant power so it is suggested whenever possible to fully pipeline this function.  If this multiplier was inferred, it is suggested to describe an additional register stage after this function.  If there is no registered adder/accumulator following the multiply function, two pipeline stages are suggested to allow both the MREG and PREG registers to be used.  If the DSP48 was instantiated in the design, it is suggested to set both the MREG and PREG attributes to 1 when performing multiply functions.
WARNING: [DRC DPOP-4] MREG Output pipelining: DSP design_1_i/top_controller_0/inst/u_preprocessor/p_0_out__0 multiplier stage design_1_i/top_controller_0/inst/u_preprocessor/p_0_out__0/P[47:0] is not pipelined (MREG=0). Pipelining the multiplier function will improve performance and will save significant power so it is suggested whenever possible to fully pipeline this function.  If this multiplier was inferred, it is suggested to describe an additional register stage after this function.  If there is no registered adder/accumulator following the multiply function, two pipeline stages are suggested to allow both the MREG and PREG registers to be used.  If the DSP48 was instantiated in the design, it is suggested to set both the MREG and PREG attributes to 1 when performing multiply functions.
WARNING: [DRC DPOP-4] MREG Output pipelining: DSP design_1_i/top_controller_0/inst/u_preprocessor/p_0_out__1 multiplier stage design_1_i/top_controller_0/inst/u_preprocessor/p_0_out__1/P[47:0] is not pipelined (MREG=0). Pipelining the multiplier function will improve performance and will save significant power so it is suggested whenever possible to fully pipeline this function.  If this multiplier was inferred, it is suggested to describe an additional register stage after this function.  If there is no registered adder/accumulator following the multiply function, two pipeline stages are suggested to allow both the MREG and PREG registers to be used.  If the DSP48 was instantiated in the design, it is suggested to set both the MREG and PREG attributes to 1 when performing multiply functions.
WARNING: [DRC DPOP-4] MREG Output pipelining: DSP design_1_i/top_controller_0/inst/u_preprocessor/p_0_out__10 multiplier stage design_1_i/top_controller_0/inst/u_preprocessor/p_0_out__10/P[47:0] is not pipelined (MREG=0). Pipelining the multiplier function will improve performance and will save significant power so it is suggested whenever possible to fully pipeline this function.  If this multiplier was inferred, it is suggested to describe an additional register stage after this function.  If there is no registered adder/accumulator following the multiply function, two pipeline stages are suggested to allow both the MREG and PREG registers to be used.  If the DSP48 was instantiated in the design, it is suggested to set both the MREG and PREG attributes to 1 when performing multiply functions.
WARNING: [DRC DPOP-4] MREG Output pipelining: DSP design_1_i/top_controller_0/inst/u_preprocessor/p_0_out__11 multiplier stage design_1_i/top_controller_0/inst/u_preprocessor/p_0_out__11/P[47:0] is not pipelined (MREG=0). Pipelining the multiplier function will improve performance and will save significant power so it is suggested whenever possible to fully pipeline this function.  If this multiplier was inferred, it is suggested to describe an additional register stage after this function.  If there is no registered adder/accumulator following the multiply function, two pipeline stages are suggested to allow both the MREG and PREG registers to be used.  If the DSP48 was instantiated in the design, it is suggested to set both the MREG and PREG attributes to 1 when performing multiply functions.
WARNING: [DRC DPOP-4] MREG Output pipelining: DSP design_1_i/top_controller_0/inst/u_preprocessor/p_0_out__12 multiplier stage design_1_i/top_controller_0/inst/u_preprocessor/p_0_out__12/P[47:0] is not pipelined (MREG=0). Pipelining the multiplier function will improve performance and will save significant power so it is suggested whenever possible to fully pipeline this function.  If this multiplier was inferred, it is suggested to describe an additional register stage after this function.  If there is no registered adder/accumulator following the multiply function, two pipeline stages are suggested to allow both the MREG and PREG registers to be used.  If the DSP48 was instantiated in the design, it is suggested to set both the MREG and PREG attributes to 1 when performing multiply functions.
WARNING: [DRC DPOP-4] MREG Output pipelining: DSP design_1_i/top_controller_0/inst/u_preprocessor/p_0_out__2 multiplier stage design_1_i/top_controller_0/inst/u_preprocessor/p_0_out__2/P[47:0] is not pipelined (MREG=0). Pipelining the multiplier function will improve performance and will save significant power so it is suggested whenever possible to fully pipeline this function.  If this multiplier was inferred, it is suggested to describe an additional register stage after this function.  If there is no registered adder/accumulator following the multiply function, two pipeline stages are suggested to allow both the MREG and PREG registers to be used.  If the DSP48 was instantiated in the design, it is suggested to set both the MREG and PREG attributes to 1 when performing multiply functions.
WARNING: [DRC DPOP-4] MREG Output pipelining: DSP design_1_i/top_controller_0/inst/u_preprocessor/p_0_out__3 multiplier stage design_1_i/top_controller_0/inst/u_preprocessor/p_0_out__3/P[47:0] is not pipelined (MREG=0). Pipelining the multiplier function will improve performance and will save significant power so it is suggested whenever possible to fully pipeline this function.  If this multiplier was inferred, it is suggested to describe an additional register stage after this function.  If there is no registered adder/accumulator following the multiply function, two pipeline stages are suggested to allow both the MREG and PREG registers to be used.  If the DSP48 was instantiated in the design, it is suggested to set both the MREG and PREG attributes to 1 when performing multiply functions.
WARNING: [DRC DPOP-4] MREG Output pipelining: DSP design_1_i/top_controller_0/inst/u_preprocessor/p_0_out__4 multiplier stage design_1_i/top_controller_0/inst/u_preprocessor/p_0_out__4/P[47:0] is not pipelined (MREG=0). Pipelining the multiplier function will improve performance and will save significant power so it is suggested whenever possible to fully pipeline this function.  If this multiplier was inferred, it is suggested to describe an additional register stage after this function.  If there is no registered adder/accumulator following the multiply function, two pipeline stages are suggested to allow both the MREG and PREG registers to be used.  If the DSP48 was instantiated in the design, it is suggested to set both the MREG and PREG attributes to 1 when performing multiply functions.
WARNING: [DRC DPOP-4] MREG Output pipelining: DSP design_1_i/top_controller_0/inst/u_preprocessor/p_0_out__5 multiplier stage design_1_i/top_controller_0/inst/u_preprocessor/p_0_out__5/P[47:0] is not pipelined (MREG=0). Pipelining the multiplier function will improve performance and will save significant power so it is suggested whenever possible to fully pipeline this function.  If this multiplier was inferred, it is suggested to describe an additional register stage after this function.  If there is no registered adder/accumulator following the multiply function, two pipeline stages are suggested to allow both the MREG and PREG registers to be used.  If the DSP48 was instantiated in the design, it is suggested to set both the MREG and PREG attributes to 1 when performing multiply functions.
WARNING: [DRC DPOP-4] MREG Output pipelining: DSP design_1_i/top_controller_0/inst/u_preprocessor/p_0_out__6 multiplier stage design_1_i/top_controller_0/inst/u_preprocessor/p_0_out__6/P[47:0] is not pipelined (MREG=0). Pipelining the multiplier function will improve performance and will save significant power so it is suggested whenever possible to fully pipeline this function.  If this multiplier was inferred, it is suggested to describe an additional register stage after this function.  If there is no registered adder/accumulator following the multiply function, two pipeline stages are suggested to allow both the MREG and PREG registers to be used.  If the DSP48 was instantiated in the design, it is suggested to set both the MREG and PREG attributes to 1 when performing multiply functions.
WARNING: [DRC DPOP-4] MREG Output pipelining: DSP design_1_i/top_controller_0/inst/u_preprocessor/p_0_out__7 multiplier stage design_1_i/top_controller_0/inst/u_preprocessor/p_0_out__7/P[47:0] is not pipelined (MREG=0). Pipelining the multiplier function will improve performance and will save significant power so it is suggested whenever possible to fully pipeline this function.  If this multiplier was inferred, it is suggested to describe an additional register stage after this function.  If there is no registered adder/accumulator following the multiply function, two pipeline stages are suggested to allow both the MREG and PREG registers to be used.  If the DSP48 was instantiated in the design, it is suggested to set both the MREG and PREG attributes to 1 when performing multiply functions.
WARNING: [DRC DPOP-4] MREG Output pipelining: DSP design_1_i/top_controller_0/inst/u_preprocessor/p_0_out__8 multiplier stage design_1_i/top_controller_0/inst/u_preprocessor/p_0_out__8/P[47:0] is not pipelined (MREG=0). Pipelining the multiplier function will improve performance and will save significant power so it is suggested whenever possible to fully pipeline this function.  If this multiplier was inferred, it is suggested to describe an additional register stage after this function.  If there is no registered adder/accumulator following the multiply function, two pipeline stages are suggested to allow both the MREG and PREG registers to be used.  If the DSP48 was instantiated in the design, it is suggested to set both the MREG and PREG attributes to 1 when performing multiply functions.
WARNING: [DRC DPOP-4] MREG Output pipelining: DSP design_1_i/top_controller_0/inst/u_preprocessor/p_0_out__9 multiplier stage design_1_i/top_controller_0/inst/u_preprocessor/p_0_out__9/P[47:0] is not pipelined (MREG=0). Pipelining the multiplier function will improve performance and will save significant power so it is suggested whenever possible to fully pipeline this function.  If this multiplier was inferred, it is suggested to describe an additional register stage after this function.  If there is no registered adder/accumulator following the multiply function, two pipeline stages are suggested to allow both the MREG and PREG registers to be used.  If the DSP48 was instantiated in the design, it is suggested to set both the MREG and PREG attributes to 1 when performing multiply functions.
WARNING: [DRC DPOP-4] MREG Output pipelining: DSP design_1_i/top_controller_0/inst/u_preprocessor/pred_data_out_reg[pred_accel_x_3] multiplier stage design_1_i/top_controller_0/inst/u_preprocessor/pred_data_out_reg[pred_accel_x_3]/P[47:0] is not pipelined (MREG=0). Pipelining the multiplier function will improve performance and will save significant power so it is suggested whenever possible to fully pipeline this function.  If this multiplier was inferred, it is suggested to describe an additional register stage after this function.  If there is no registered adder/accumulator following the multiply function, two pipeline stages are suggested to allow both the MREG and PREG registers to be used.  If the DSP48 was instantiated in the design, it is suggested to set both the MREG and PREG attributes to 1 when performing multiply functions.
WARNING: [DRC DPOP-4] MREG Output pipelining: DSP design_1_i/top_controller_0/inst/u_preprocessor/pred_data_out_reg[pred_approach_speed] multiplier stage design_1_i/top_controller_0/inst/u_preprocessor/pred_data_out_reg[pred_approach_speed]/P[47:0] is not pipelined (MREG=0). Pipelining the multiplier function will improve performance and will save significant power so it is suggested whenever possible to fully pipeline this function.  If this multiplier was inferred, it is suggested to describe an additional register stage after this function.  If there is no registered adder/accumulator following the multiply function, two pipeline stages are suggested to allow both the MREG and PREG registers to be used.  If the DSP48 was instantiated in the design, it is suggested to set both the MREG and PREG attributes to 1 when performing multiply functions.
WARNING: [DRC DPOP-4] MREG Output pipelining: DSP design_1_i/top_controller_0/inst/u_preprocessor/pred_data_out_reg[pred_gyro_x_1] multiplier stage design_1_i/top_controller_0/inst/u_preprocessor/pred_data_out_reg[pred_gyro_x_1]/P[47:0] is not pipelined (MREG=0). Pipelining the multiplier function will improve performance and will save significant power so it is suggested whenever possible to fully pipeline this function.  If this multiplier was inferred, it is suggested to describe an additional register stage after this function.  If there is no registered adder/accumulator following the multiply function, two pipeline stages are suggested to allow both the MREG and PREG registers to be used.  If the DSP48 was instantiated in the design, it is suggested to set both the MREG and PREG attributes to 1 when performing multiply functions.
WARNING: [DRC DPOP-4] MREG Output pipelining: DSP design_1_i/top_controller_0/inst/u_preprocessor/pred_data_out_reg[pred_gyro_y_1] multiplier stage design_1_i/top_controller_0/inst/u_preprocessor/pred_data_out_reg[pred_gyro_y_1]/P[47:0] is not pipelined (MREG=0). Pipelining the multiplier function will improve performance and will save significant power so it is suggested whenever possible to fully pipeline this function.  If this multiplier was inferred, it is suggested to describe an additional register stage after this function.  If there is no registered adder/accumulator following the multiply function, two pipeline stages are suggested to allow both the MREG and PREG registers to be used.  If the DSP48 was instantiated in the design, it is suggested to set both the MREG and PREG attributes to 1 when performing multiply functions.
WARNING: [DRC DPOP-4] MREG Output pipelining: DSP design_1_i/top_controller_0/inst/u_preprocessor/pred_data_out_reg[pred_gyro_z_1] multiplier stage design_1_i/top_controller_0/inst/u_preprocessor/pred_data_out_reg[pred_gyro_z_1]/P[47:0] is not pipelined (MREG=0). Pipelining the multiplier function will improve performance and will save significant power so it is suggested whenever possible to fully pipeline this function.  If this multiplier was inferred, it is suggested to describe an additional register stage after this function.  If there is no registered adder/accumulator following the multiply function, two pipeline stages are suggested to allow both the MREG and PREG registers to be used.  If the DSP48 was instantiated in the design, it is suggested to set both the MREG and PREG attributes to 1 when performing multiply functions.
WARNING: [DRC DPOP-4] MREG Output pipelining: DSP design_1_i/top_controller_0/inst/u_risk_control/p_0_out multiplier stage design_1_i/top_controller_0/inst/u_risk_control/p_0_out/P[47:0] is not pipelined (MREG=0). Pipelining the multiplier function will improve performance and will save significant power so it is suggested whenever possible to fully pipeline this function.  If this multiplier was inferred, it is suggested to describe an additional register stage after this function.  If there is no registered adder/accumulator following the multiply function, two pipeline stages are suggested to allow both the MREG and PREG registers to be used.  If the DSP48 was instantiated in the design, it is suggested to set both the MREG and PREG attributes to 1 when performing multiply functions.
WARNING: [DRC DPOP-4] MREG Output pipelining: DSP design_1_i/top_controller_0/inst/u_risk_control/p_0_out__0 multiplier stage design_1_i/top_controller_0/inst/u_risk_control/p_0_out__0/P[47:0] is not pipelined (MREG=0). Pipelining the multiplier function will improve performance and will save significant power so it is suggested whenever possible to fully pipeline this function.  If this multiplier was inferred, it is suggested to describe an additional register stage after this function.  If there is no registered adder/accumulator following the multiply function, two pipeline stages are suggested to allow both the MREG and PREG registers to be used.  If the DSP48 was instantiated in the design, it is suggested to set both the MREG and PREG attributes to 1 when performing multiply functions.
WARNING: [DRC DPOP-4] MREG Output pipelining: DSP design_1_i/top_controller_0/inst/u_risk_control/p_0_out__1 multiplier stage design_1_i/top_controller_0/inst/u_risk_control/p_0_out__1/P[47:0] is not pipelined (MREG=0). Pipelining the multiplier function will improve performance and will save significant power so it is suggested whenever possible to fully pipeline this function.  If this multiplier was inferred, it is suggested to describe an additional register stage after this function.  If there is no registered adder/accumulator following the multiply function, two pipeline stages are suggested to allow both the MREG and PREG registers to be used.  If the DSP48 was instantiated in the design, it is suggested to set both the MREG and PREG attributes to 1 when performing multiply functions.
WARNING: [DRC DPOP-4] MREG Output pipelining: DSP design_1_i/top_controller_0/inst/u_risk_control/p_0_out__2 multiplier stage design_1_i/top_controller_0/inst/u_risk_control/p_0_out__2/P[47:0] is not pipelined (MREG=0). Pipelining the multiplier function will improve performance and will save significant power so it is suggested whenever possible to fully pipeline this function.  If this multiplier was inferred, it is suggested to describe an additional register stage after this function.  If there is no registered adder/accumulator following the multiply function, two pipeline stages are suggested to allow both the MREG and PREG registers to be used.  If the DSP48 was instantiated in the design, it is suggested to set both the MREG and PREG attributes to 1 when performing multiply functions.
WARNING: [DRC DPOP-4] MREG Output pipelining: DSP design_1_i/top_controller_0/inst/u_sensor_reliability/u_cons_1_distance/val multiplier stage design_1_i/top_controller_0/inst/u_sensor_reliability/u_cons_1_distance/val/P[47:0] is not pipelined (MREG=0). Pipelining the multiplier function will improve performance and will save significant power so it is suggested whenever possible to fully pipeline this function.  If this multiplier was inferred, it is suggested to describe an additional register stage after this function.  If there is no registered adder/accumulator following the multiply function, two pipeline stages are suggested to allow both the MREG and PREG registers to be used.  If the DSP48 was instantiated in the design, it is suggested to set both the MREG and PREG attributes to 1 when performing multiply functions.
INFO: [Vivado 12-3199] DRC finished with 0 Errors, 67 Warnings
INFO: [Vivado 12-3200] Please refer to the DRC report (report_drc) for more information.
INFO: [Designutils 20-2272] Running write_bitstream with 2 threads.
Loading data files...
Loading site data...
Loading route data...
Processing options...
Creating bitmap...
Creating bitstream...
Writing bitstream ./design_1_wrapper.bit...
INFO: [Vivado 12-1842] Bitgen Completed Successfully.
INFO: [Project 1-1876] WebTalk data collection is mandatory when using a ULT device. To see the specific WebTalk data collected for your design, open the usage_statistics_webtalk.html or usage_statistics_webtalk.xml file in the implementation directory.
INFO: [Common 17-83] Releasing license: Implementation
12 Infos, 67 Warnings, 0 Critical Warnings and 0 Errors encountered.
write_bitstream completed successfully
write_bitstream: Time (s): cpu = 00:00:22 ; elapsed = 00:00:18 . Memory (MB): peak = 3637.129 ; gain = 0.000
INFO: [Common 17-206] Exiting Vivado at Thu Aug 13 23:36:16 2026...
[Thu Aug 13 23:36:18 2026] impl_1 finished
wait_on_runs: Time (s): cpu = 00:00:01 ; elapsed = 00:04:22 . Memory (MB): peak = 468.820 ; gain = 0.000
# set impl_status [get_property STATUS [get_runs impl_1]]
# if {![string match "*Complete*" $impl_status]} {
#     error "Implementation did not complete: $impl_status"
# }
# open_run impl_1
INFO: [Device 21-403] Loading part xczu2cg-sfvc784-1-e
Netlist sorting complete. Time (s): cpu = 00:00:00 ; elapsed = 00:00:00.123 . Memory (MB): peak = 1381.062 ; gain = 0.000
INFO: [Netlist 29-17] Analyzing 971 Unisim elements for replacement
INFO: [Netlist 29-28] Unisim Transformation completed in 1 CPU seconds
INFO: [Project 1-479] Netlist was created with Vivado 2022.2
INFO: [Project 1-570] Preparing netlist for logic optimization
INFO: [Timing 38-478] Restoring timing data from binary archive.
INFO: [Timing 38-479] Binary timing data restore complete.
INFO: [Project 1-856] Restoring constraints from binary archive.
INFO: [Project 1-853] Binary constraint restore complete.
Reading XDEF placement.
Reading placer database...
Reading XDEF routing.
Read XDEF Files: Time (s): cpu = 00:00:03 ; elapsed = 00:00:03 . Memory (MB): peak = 1855.855 ; gain = 52.684
Restored from archive | CPU: 3.000000 secs | Memory: 0.000000 MB |
Finished XDEF File Restore: Time (s): cpu = 00:00:03 ; elapsed = 00:00:03 . Memory (MB): peak = 1855.855 ; gain = 52.684
Netlist sorting complete. Time (s): cpu = 00:00:00 ; elapsed = 00:00:00.004 . Memory (MB): peak = 2298.789 ; gain = 0.000
INFO: [Project 1-111] Unisim Transformation Summary:
  A total of 24 instances were transformed.
  DSP48E2 => DSP48E2 (DSP_ALU, DSP_A_B_DATA, DSP_C_DATA, DSP_MULTIPLIER, DSP_M_DATA, DSP_OUTPUT, DSP_PREADD, DSP_PREADD_DATA): 12 instances
  DSP48E2 => DSP48E2 (inverted pins: RSTA) (DSP_ALU, DSP_A_B_DATA, DSP_C_DATA, DSP_MULTIPLIER, DSP_M_DATA, DSP_OUTPUT, DSP_PREADD, DSP_PREADD_DATA): 4 instances
  DSP48E2 => DSP48E2 (inverted pins: RSTA, RSTC) (DSP_ALU, DSP_A_B_DATA, DSP_C_DATA, DSP_MULTIPLIER, DSP_M_DATA, DSP_OUTPUT, DSP_PREADD, DSP_PREADD_DATA): 1 instance 
  DSP48E2 => DSP48E2 (inverted pins: RSTA, RSTP) (DSP_ALU, DSP_A_B_DATA, DSP_C_DATA, DSP_MULTIPLIER, DSP_M_DATA, DSP_OUTPUT, DSP_PREADD, DSP_PREADD_DATA): 4 instances
  DSP48E2 => DSP48E2 (inverted pins: RSTP) (DSP_ALU, DSP_A_B_DATA, DSP_C_DATA, DSP_MULTIPLIER, DSP_M_DATA, DSP_OUTPUT, DSP_PREADD, DSP_PREADD_DATA): 3 instances

open_run: Time (s): cpu = 00:00:23 ; elapsed = 00:00:25 . Memory (MB): peak = 2298.789 ; gain = 1829.969
# report_timing_summary -delay_type min_max -max_paths 20 \
#     -file [file join $report_dir implemented_timing_summary.rpt]
INFO: [Timing 38-91] UpdateTimingParams: Speed grade: -1, Temperature grade: E, Delay Type: min_max.
INFO: [Timing 38-191] Multithreading enabled for timing update using a maximum of 2 CPUs
report_timing_summary: Time (s): cpu = 00:00:08 ; elapsed = 00:00:05 . Memory (MB): peak = 2373.930 ; gain = 75.141
# report_utilization -file [file join $report_dir implemented_utilization.rpt]
# report_drc -file [file join $report_dir implemented_drc.rpt]
Command: report_drc -file C:/Users/jiho0/GitProjects/FPGA-Autonomous-Vehicle-Project/verification_reports/full_project_88888mhz/implemented_drc.rpt
INFO: [IP_Flow 19-1839] IP Catalog is up to date.
INFO: [DRC 23-27] Running DRC with 2 threads
INFO: [Vivado_Tcl 2-168] The results of DRC are in file C:/Users/jiho0/GitProjects/FPGA-Autonomous-Vehicle-Project/verification_reports/full_project_88888mhz/implemented_drc.rpt.
report_drc completed successfully
# set bit_file [file join $repo_root FPGA_project FPGA_project.runs impl_1 design_1_wrapper.bit]
# if {![file exists $bit_file]} {
#     error "Bitstream was not created: $bit_file"
# }
# write_hw_platform -fixed -include_bit -force \
#     -file [file join $repo_root FPGA_project design_1_wrapper.xsa]
INFO: [Project 1-1918] Creating Hardware Platform: C:/Users/jiho0/GitProjects/FPGA-Autonomous-Vehicle-Project/FPGA_project/design_1_wrapper.xsa ...
INFO: [Project 1-1943] The Hardware Platform can be used for Hardware
INFO: [Project 1-1941] Successfully created Hardware Platform: C:/Users/jiho0/GitProjects/FPGA-Autonomous-Vehicle-Project/FPGA_project/design_1_wrapper.xsa
INFO: [Hsi 55-2053] elapsed time for repository (C:/Xilinx/Vivado/2022.2/data/embeddedsw) loading 0 seconds
write_hw_platform: Time (s): cpu = 00:00:07 ; elapsed = 00:00:08 . Memory (MB): peak = 2646.719 ; gain = 115.117
# close_project
# exit
INFO: [Common 17-206] Exiting Vivado at Thu Aug 13 23:37:02 2026...
