Copyright 1986-2022 Xilinx, Inc. All Rights Reserved.
------------------------------------------------------------------------------------------------------------------------------------------------------------------------------
| Tool Version      : Vivado v.2022.2 (win64) Build 3671981 Fri Oct 14 05:00:03 MDT 2022
| Date              : Sat Aug 15 02:55:52 2026
| Host              : JH_HP running 64-bit major release  (build 9200)
| Command           : report_timing_summary -file C:/Users/jiho0/GitProjects/FPGA-Autonomous-Vehicle-Project/verification_reports/full_project_88888mhz/post_synth_timing.rpt
| Design            : design_1_wrapper
| Device            : xczu2cg-sfvc784
| Speed File        : -1  PRODUCTION 1.30 05-15-2022
| Temperature Grade : E
------------------------------------------------------------------------------------------------------------------------------------------------------------------------------

Timing Summary Report

------------------------------------------------------------------------------------------------
| Timer Settings
| --------------
------------------------------------------------------------------------------------------------

  Enable Multi Corner Analysis               :  Yes
  Enable Pessimism Removal                   :  Yes
  Pessimism Removal Resolution               :  Nearest Common Node
  Enable Input Delay Default Clock           :  No
  Enable Preset / Clear Arcs                 :  No
  Disable Flight Delays                      :  No
  Ignore I/O Paths                           :  No
  Timing Early Launch at Borrowing Latches   :  No
  Borrow Time for Max Delay Exceptions       :  Yes
  Merge Timing Exceptions                    :  Yes

  Corner  Analyze    Analyze    
  Name    Max Paths  Min Paths  
  ------  ---------  ---------  
  Slow    Yes        Yes        
  Fast    Yes        Yes        


------------------------------------------------------------------------------------------------
| Report Methodology
| ------------------
------------------------------------------------------------------------------------------------

No report available as report_methodology has not been run prior. Run report_methodology on the current design for the summary of methodology violations.



check_timing report

Table of Contents
-----------------
1. checking no_clock (8)
2. checking constant_clock (0)
3. checking pulse_width_clock (0)
4. checking unconstrained_internal_endpoints (0)
5. checking no_input_delay (0)
6. checking no_output_delay (0)
7. checking multiple_clock (0)
8. checking generated_clocks (0)
9. checking loops (0)
10. checking partial_input_delay (0)
11. checking partial_output_delay (0)
12. checking latch_loops (0)

1. checking no_clock (8)
------------------------
 There are 8 register/latch pins with no clock (HIGH)


2. checking constant_clock (0)
------------------------------
 There are 0 register/latch pins with constant_clock.


3. checking pulse_width_clock (0)
---------------------------------
 There are 0 register/latch pins which need pulse_width check


4. checking unconstrained_internal_endpoints (0)
------------------------------------------------
 There are 0 pins that are not constrained for maximum delay.

 There are 0 pins that are not constrained for maximum delay due to constant clock.


5. checking no_input_delay (0)
------------------------------
 There are 0 input ports with no input delay specified.

 There are 0 input ports with no input delay but user has a false path constraint.


6. checking no_output_delay (0)
-------------------------------
 There are 0 ports with no output delay specified.

 There are 0 ports with no output delay but user has a false path constraint

 There are 0 ports with no output delay but with a timing clock defined on it or propagating through it


7. checking multiple_clock (0)
------------------------------
 There are 0 register/latch pins with multiple clocks.


8. checking generated_clocks (0)
--------------------------------
 There are 0 generated clocks that are not connected to a clock source.


9. checking loops (0)
---------------------
 There are 0 combinational loops in the design.


10. checking partial_input_delay (0)
------------------------------------
 There are 0 input ports with partial input delay specified.


11. checking partial_output_delay (0)
-------------------------------------
 There are 0 ports with partial output delay specified.


12. checking latch_loops (0)
----------------------------
 There are 0 combinational latch loops in the design through latch input



------------------------------------------------------------------------------------------------
| Design Timing Summary
| ---------------------
------------------------------------------------------------------------------------------------

    WNS(ns)      TNS(ns)  TNS Failing Endpoints  TNS Total Endpoints      WHS(ns)      THS(ns)  THS Failing Endpoints  THS Total Endpoints     WPWS(ns)     TPWS(ns)  TPWS Failing Endpoints  TPWS Total Endpoints  
    -------      -------  ---------------------  -------------------      -------      -------  ---------------------  -------------------     --------     --------  ----------------------  --------------------  
     -0.533       -4.803                     17                19215       -0.079     -258.403                   5342                19215        4.125        0.000                       0                  6676  


Timing constraints are not met.


------------------------------------------------------------------------------------------------
| Clock Summary
| -------------
------------------------------------------------------------------------------------------------

Clock     Waveform(ns)       Period(ns)      Frequency(MHz)
-----     ------------       ----------      --------------
clk_pl_0  {0.000 5.625}      11.250          88.889          


------------------------------------------------------------------------------------------------
| Intra Clock Table
| -----------------
------------------------------------------------------------------------------------------------

Clock             WNS(ns)      TNS(ns)  TNS Failing Endpoints  TNS Total Endpoints      WHS(ns)      THS(ns)  THS Failing Endpoints  THS Total Endpoints     WPWS(ns)     TPWS(ns)  TPWS Failing Endpoints  TPWS Total Endpoints  
-----             -------      -------  ---------------------  -------------------      -------      -------  ---------------------  -------------------     --------     --------  ----------------------  --------------------  
clk_pl_0           -0.533       -4.803                     17                19215       -0.079     -258.403                   5342                19215        4.125        0.000                       0                  6676  


------------------------------------------------------------------------------------------------
| Inter Clock Table
| -----------------
------------------------------------------------------------------------------------------------

From Clock    To Clock          WNS(ns)      TNS(ns)  TNS Failing Endpoints  TNS Total Endpoints      WHS(ns)      THS(ns)  THS Failing Endpoints  THS Total Endpoints  
----------    --------          -------      -------  ---------------------  -------------------      -------      -------  ---------------------  -------------------  


------------------------------------------------------------------------------------------------
| Other Path Groups Table
| -----------------------
------------------------------------------------------------------------------------------------

Path Group    From Clock    To Clock          WNS(ns)      TNS(ns)  TNS Failing Endpoints  TNS Total Endpoints      WHS(ns)      THS(ns)  THS Failing Endpoints  THS Total Endpoints  
----------    ----------    --------          -------      -------  ---------------------  -------------------      -------      -------  ---------------------  -------------------  


------------------------------------------------------------------------------------------------
| Timing Details
| --------------
------------------------------------------------------------------------------------------------


---------------------------------------------------------------------------------------------------
From Clock:  clk_pl_0
  To Clock:  clk_pl_0

Setup :           17  Failing Endpoints,  Worst Slack       -0.533ns,  Total Violation       -4.803ns
Hold  :         5342  Failing Endpoints,  Worst Slack       -0.079ns,  Total Violation     -258.403ns
PW    :            0  Failing Endpoints,  Worst Slack        4.125ns,  Total Violation        0.000ns
---------------------------------------------------------------------------------------------------


Max Delay Paths
--------------------------------------------------------------------------------------
Slack (VIOLATED) :        -0.533ns  (required time - arrival time)
  Source:                 design_1_i/top_controller_0/inst/u_axi_slave/slv_reg3_reg[5]/C
                            (rising edge-triggered cell FDRE clocked by clk_pl_0  {rise@0.000ns fall@5.625ns period=11.250ns})
  Destination:            design_1_i/top_controller_0/inst/u_preprocessor/pred_data_out_reg[pred_accel_y_1][11]/D
                            (rising edge-triggered cell FDRE clocked by clk_pl_0  {rise@0.000ns fall@5.625ns period=11.250ns})
  Path Group:             clk_pl_0
  Path Type:              Setup (Max at Slow Process Corner)
  Requirement:            11.250ns  (clk_pl_0 rise@11.250ns - clk_pl_0 rise@0.000ns)
  Data Path Delay:        11.483ns  (logic 7.491ns (65.236%)  route 3.992ns (34.764%))
  Logic Levels:           35  (CARRY8=4 DSP_A_B_DATA=3 DSP_ALU=3 DSP_M_DATA=3 DSP_MULTIPLIER=3 DSP_OUTPUT=3 DSP_PREADD_DATA=3 LUT4=1 LUT5=2 LUT6=10)
  Clock Path Skew:        -0.145ns (DCD - SCD + CPR)
    Destination Clock Delay (DCD):    2.606ns = ( 13.856 - 11.250 ) 
    Source Clock Delay      (SCD):    2.791ns
    Clock Pessimism Removal (CPR):    0.040ns
  Clock Uncertainty:      0.182ns  ((TSJ^2 + DJ^2)^1/2) / 2 + PE
    Total System Jitter     (TSJ):    0.071ns
    Discrete Jitter          (DJ):    0.356ns
    Phase Error              (PE):    0.000ns

    Location             Delay type                Incr(ns)  Path(ns)    Netlist Resource(s)
  -------------------------------------------------------------------    -------------------
                         (clock clk_pl_0 rise edge)
                                                      0.000     0.000 r  
                         PS8                          0.000     0.000 r  design_1_i/zynq_ultra_ps_e_0/inst/PS8_i/PLCLK[0]
                         net (fo=1, unplaced)         0.178     0.178    design_1_i/zynq_ultra_ps_e_0/inst/pl_clk_unbuffered[0]
                         BUFG_PS (Prop_BUFG_PS_I_O)
                                                      0.029     0.207 r  design_1_i/zynq_ultra_ps_e_0/inst/buffer_pl_clk_0.PL_CLK_0_BUFG/O
                         net (fo=6732, unplaced)      2.584     2.791    design_1_i/top_controller_0/inst/u_axi_slave/S_AXI_ACLK
                         FDRE                                         r  design_1_i/top_controller_0/inst/u_axi_slave/slv_reg3_reg[5]/C
  -------------------------------------------------------------------    -------------------
                         FDRE (Prop_FDRE_C_Q)         0.093     2.884 f  design_1_i/top_controller_0/inst/u_axi_slave/slv_reg3_reg[5]/Q
                         net (fo=11, unplaced)        0.212     3.096    design_1_i/top_controller_0/inst/u_axi_slave/Q[5]
                         LUT6 (Prop_LUT6_I0_O)        0.179     3.275 f  design_1_i/top_controller_0/inst/u_axi_slave/g0_b0__3_i_6/O
                         net (fo=6, unplaced)         0.236     3.511    design_1_i/top_controller_0/inst/u_axi_slave/g0_b0__3_i_6_n_0
                         LUT6 (Prop_LUT6_I3_O)        0.040     3.551 f  design_1_i/top_controller_0/inst/u_axi_slave/g0_b0__3_i_10/O
                         net (fo=4, unplaced)         0.226     3.777    design_1_i/top_controller_0/inst/u_axi_slave/g0_b0__3_i_10_n_0
                         LUT6 (Prop_LUT6_I2_O)        0.040     3.817 r  design_1_i/top_controller_0/inst/u_axi_slave/consistency_cnt[31]_i_18__10/O
                         net (fo=2, unplaced)         0.159     3.976    design_1_i/top_controller_0/inst/u_axi_slave/consistency_cnt[31]_i_18__10_n_0
                         LUT6 (Prop_LUT6_I0_O)        0.100     4.076 r  design_1_i/top_controller_0/inst/u_axi_slave/g0_b0__3_i_7/O
                         net (fo=11, unplaced)        0.249     4.325    design_1_i/top_controller_0/inst/u_axi_slave/g0_b0__3_i_7_n_0
                         LUT5 (Prop_LUT5_I4_O)        0.040     4.365 r  design_1_i/top_controller_0/inst/u_axi_slave/g0_b0__3_i_1/O
                         net (fo=81, unplaced)        0.242     4.607    design_1_i/top_controller_0/inst/u_axi_slave_n_604
                         LUT5 (Prop_LUT5_I0_O)        0.171     4.778 r  design_1_i/top_controller_0/inst/g0_b1__3/O
                         net (fo=6, unplaced)         0.236     5.014    design_1_i/top_controller_0/inst/g0_b1__3_n_0
                         LUT6 (Prop_LUT6_I5_O)        0.039     5.053 r  design_1_i/top_controller_0/inst/g0_b1__4__0/O
                         net (fo=1, unplaced)         0.025     5.078    design_1_i/top_controller_0/inst/u_axi_slave/DSP_A_B_DATA_INST_8[1]
                         CARRY8 (Prop_CARRY8_S[1]_CO[7])
                                                      0.245     5.323 r  design_1_i/top_controller_0/inst/u_axi_slave/p_0_out__3_i_9/CO[7]
                         net (fo=1, unplaced)         0.007     5.330    design_1_i/top_controller_0/inst/u_axi_slave/p_0_out__3_i_9_n_0
                         CARRY8 (Prop_CARRY8_CI_O[0])
                                                      0.072     5.402 f  design_1_i/top_controller_0/inst/u_axi_slave/p_0_out__3_i_8/O[0]
                         net (fo=1, unplaced)         0.262     5.664    design_1_i/top_controller_0/inst/u_preprocessor/p_0_out__3/A[8]
                         DSP_A_B_DATA (Prop_DSP_A_B_DATA_A[8]_A2_DATA[8])
                                                      0.241     5.905 r  design_1_i/top_controller_0/inst/u_preprocessor/p_0_out__3/DSP_A_B_DATA_INST/A2_DATA[8]
                         net (fo=1, unplaced)         0.000     5.905    design_1_i/top_controller_0/inst/u_preprocessor/p_0_out__3/DSP_A_B_DATA.A2_DATA<8>
                         DSP_PREADD_DATA (Prop_DSP_PREADD_DATA_A2_DATA[8]_A2A1[8])
                                                      0.098     6.003 r  design_1_i/top_controller_0/inst/u_preprocessor/p_0_out__3/DSP_PREADD_DATA_INST/A2A1[8]
                         net (fo=1, unplaced)         0.000     6.003    design_1_i/top_controller_0/inst/u_preprocessor/p_0_out__3/DSP_PREADD_DATA.A2A1<8>
                         DSP_MULTIPLIER (Prop_DSP_MULTIPLIER_A2A1[8]_U[9])
                                                      0.647     6.650 f  design_1_i/top_controller_0/inst/u_preprocessor/p_0_out__3/DSP_MULTIPLIER_INST/U[9]
                         net (fo=1, unplaced)         0.000     6.650    design_1_i/top_controller_0/inst/u_preprocessor/p_0_out__3/DSP_MULTIPLIER.U<9>
                         DSP_M_DATA (Prop_DSP_M_DATA_U[9]_U_DATA[9])
                                                      0.059     6.709 r  design_1_i/top_controller_0/inst/u_preprocessor/p_0_out__3/DSP_M_DATA_INST/U_DATA[9]
                         net (fo=1, unplaced)         0.000     6.709    design_1_i/top_controller_0/inst/u_preprocessor/p_0_out__3/DSP_M_DATA.U_DATA<9>
                         DSP_ALU (Prop_DSP_ALU_U_DATA[9]_ALU_OUT[9])
                                                      0.699     7.408 f  design_1_i/top_controller_0/inst/u_preprocessor/p_0_out__3/DSP_ALU_INST/ALU_OUT[9]
                         net (fo=1, unplaced)         0.000     7.408    design_1_i/top_controller_0/inst/u_preprocessor/p_0_out__3/DSP_ALU.ALU_OUT<9>
                         DSP_OUTPUT (Prop_DSP_OUTPUT_ALU_OUT[9]_P[9])
                                                      0.141     7.549 r  design_1_i/top_controller_0/inst/u_preprocessor/p_0_out__3/DSP_OUTPUT_INST/P[9]
                         net (fo=3, unplaced)         0.265     7.814    design_1_i/top_controller_0/inst/u_axi_slave/p_0_out__4_i_8_0[2]
                         LUT6 (Prop_LUT6_I1_O)        0.179     7.993 r  design_1_i/top_controller_0/inst/u_axi_slave/p_0_out__4_i_22/O
                         net (fo=7, unplaced)         0.239     8.232    design_1_i/top_controller_0/inst/u_axi_slave/p_0_out__4_i_22_n_0
                         LUT6 (Prop_LUT6_I5_O)        0.040     8.272 r  design_1_i/top_controller_0/inst/u_axi_slave/p_0_out__4_i_18/O
                         net (fo=4, unplaced)         0.226     8.498    design_1_i/top_controller_0/inst/u_axi_slave/p_0_out__4_i_18_n_0
                         LUT6 (Prop_LUT6_I5_O)        0.040     8.538 f  design_1_i/top_controller_0/inst/u_axi_slave/p_0_out__4_i_16/O
                         net (fo=3, unplaced)         0.220     8.758    design_1_i/top_controller_0/inst/u_axi_slave/p_0_out__4_i_16_n_0
                         LUT6 (Prop_LUT6_I1_O)        0.040     8.798 r  design_1_i/top_controller_0/inst/u_axi_slave/p_0_out__4_i_14/O
                         net (fo=2, unplaced)         0.214     9.012    design_1_i/top_controller_0/inst/u_axi_slave/p_0_out__4_i_14_n_0
                         LUT4 (Prop_LUT4_I3_O)        0.040     9.052 f  design_1_i/top_controller_0/inst/u_axi_slave/p_0_out__4_i_1/O
                         net (fo=19, unplaced)        0.300     9.352    design_1_i/top_controller_0/inst/u_preprocessor/p_0_out__4/A[16]
                         DSP_A_B_DATA (Prop_DSP_A_B_DATA_A[16]_A2_DATA[16])
                                                      0.241     9.593 r  design_1_i/top_controller_0/inst/u_preprocessor/p_0_out__4/DSP_A_B_DATA_INST/A2_DATA[16]
                         net (fo=1, unplaced)         0.000     9.593    design_1_i/top_controller_0/inst/u_preprocessor/p_0_out__4/DSP_A_B_DATA.A2_DATA<16>
                         DSP_PREADD_DATA (Prop_DSP_PREADD_DATA_A2_DATA[16]_A2A1[16])
                                                      0.098     9.691 r  design_1_i/top_controller_0/inst/u_preprocessor/p_0_out__4/DSP_PREADD_DATA_INST/A2A1[16]
                         net (fo=1, unplaced)         0.000     9.691    design_1_i/top_controller_0/inst/u_preprocessor/p_0_out__4/DSP_PREADD_DATA.A2A1<16>
                         DSP_MULTIPLIER (Prop_DSP_MULTIPLIER_A2A1[16]_U[22])
                                                      0.647    10.338 f  design_1_i/top_controller_0/inst/u_preprocessor/p_0_out__4/DSP_MULTIPLIER_INST/U[22]
                         net (fo=1, unplaced)         0.000    10.338    design_1_i/top_controller_0/inst/u_preprocessor/p_0_out__4/DSP_MULTIPLIER.U<22>
                         DSP_M_DATA (Prop_DSP_M_DATA_U[22]_U_DATA[22])
                                                      0.059    10.397 r  design_1_i/top_controller_0/inst/u_preprocessor/p_0_out__4/DSP_M_DATA_INST/U_DATA[22]
                         net (fo=1, unplaced)         0.000    10.397    design_1_i/top_controller_0/inst/u_preprocessor/p_0_out__4/DSP_M_DATA.U_DATA<22>
                         DSP_ALU (Prop_DSP_ALU_U_DATA[22]_ALU_OUT[22])
                                                      0.699    11.096 r  design_1_i/top_controller_0/inst/u_preprocessor/p_0_out__4/DSP_ALU_INST/ALU_OUT[22]
                         net (fo=1, unplaced)         0.000    11.096    design_1_i/top_controller_0/inst/u_preprocessor/p_0_out__4/DSP_ALU.ALU_OUT<22>
                         DSP_OUTPUT (Prop_DSP_OUTPUT_ALU_OUT[22]_P[22])
                                                      0.141    11.237 f  design_1_i/top_controller_0/inst/u_preprocessor/p_0_out__4/DSP_OUTPUT_INST/P[22]
                         net (fo=8, unplaced)         0.316    11.553    design_1_i/top_controller_0/inst/u_preprocessor/p_0_out__6/A[24]
                         DSP_A_B_DATA (Prop_DSP_A_B_DATA_A[24]_A2_DATA[24])
                                                      0.241    11.794 r  design_1_i/top_controller_0/inst/u_preprocessor/p_0_out__6/DSP_A_B_DATA_INST/A2_DATA[24]
                         net (fo=1, unplaced)         0.000    11.794    design_1_i/top_controller_0/inst/u_preprocessor/p_0_out__6/DSP_A_B_DATA.A2_DATA<24>
                         DSP_PREADD_DATA (Prop_DSP_PREADD_DATA_A2_DATA[24]_A2A1[24])
                                                      0.098    11.892 r  design_1_i/top_controller_0/inst/u_preprocessor/p_0_out__6/DSP_PREADD_DATA_INST/A2A1[24]
                         net (fo=1, unplaced)         0.000    11.892    design_1_i/top_controller_0/inst/u_preprocessor/p_0_out__6/DSP_PREADD_DATA.A2A1<24>
                         DSP_MULTIPLIER (Prop_DSP_MULTIPLIER_A2A1[24]_V[24])
                                                      0.648    12.540 f  design_1_i/top_controller_0/inst/u_preprocessor/p_0_out__6/DSP_MULTIPLIER_INST/V[24]
                         net (fo=1, unplaced)         0.000    12.540    design_1_i/top_controller_0/inst/u_preprocessor/p_0_out__6/DSP_MULTIPLIER.V<24>
                         DSP_M_DATA (Prop_DSP_M_DATA_V[24]_V_DATA[24])
                                                      0.057    12.597 r  design_1_i/top_controller_0/inst/u_preprocessor/p_0_out__6/DSP_M_DATA_INST/V_DATA[24]
                         net (fo=1, unplaced)         0.000    12.597    design_1_i/top_controller_0/inst/u_preprocessor/p_0_out__6/DSP_M_DATA.V_DATA<24>
                         DSP_ALU (Prop_DSP_ALU_V_DATA[24]_ALU_OUT[24])
                                                      0.688    13.285 f  design_1_i/top_controller_0/inst/u_preprocessor/p_0_out__6/DSP_ALU_INST/ALU_OUT[24]
                         net (fo=1, unplaced)         0.000    13.285    design_1_i/top_controller_0/inst/u_preprocessor/p_0_out__6/DSP_ALU.ALU_OUT<24>
                         DSP_OUTPUT (Prop_DSP_OUTPUT_ALU_OUT[24]_P[24])
                                                      0.141    13.426 r  design_1_i/top_controller_0/inst/u_preprocessor/p_0_out__6/DSP_OUTPUT_INST/P[24]
                         net (fo=4, unplaced)         0.288    13.714    design_1_i/top_controller_0/inst/u_preprocessor/grav_y[4]
                         LUT6 (Prop_LUT6_I1_O)        0.177    13.891 r  design_1_i/top_controller_0/inst/u_preprocessor/pred_data_out[pred_accel_y_1][7]_i_11/O
                         net (fo=1, unplaced)         0.031    13.922    design_1_i/top_controller_0/inst/u_preprocessor/pred_data_out[pred_accel_y_1][7]_i_11_n_0
                         CARRY8 (Prop_CARRY8_S[5]_CO[7])
                                                      0.209    14.131 r  design_1_i/top_controller_0/inst/u_preprocessor/pred_data_out_reg[pred_accel_y_1][7]_i_1/CO[7]
                         net (fo=1, unplaced)         0.007    14.138    design_1_i/top_controller_0/inst/u_preprocessor/pred_data_out_reg[pred_accel_y_1][7]_i_1_n_0
                         CARRY8 (Prop_CARRY8_CI_O[3])
                                                      0.104    14.242 r  design_1_i/top_controller_0/inst/u_preprocessor/pred_data_out_reg[pred_accel_y_1][11]_i_1/O[3]
                         net (fo=1, unplaced)         0.032    14.274    design_1_i/top_controller_0/inst/u_preprocessor/pred_data_out_reg[pred_accel_y_1][11]_i_1_n_12
                         FDRE                                         r  design_1_i/top_controller_0/inst/u_preprocessor/pred_data_out_reg[pred_accel_y_1][11]/D
  -------------------------------------------------------------------    -------------------

                         (clock clk_pl_0 rise edge)
                                                     11.250    11.250 r  
                         PS8                          0.000    11.250 r  design_1_i/zynq_ultra_ps_e_0/inst/PS8_i/PLCLK[0]
                         net (fo=1, unplaced)         0.140    11.390    design_1_i/zynq_ultra_ps_e_0/inst/pl_clk_unbuffered[0]
                         BUFG_PS (Prop_BUFG_PS_I_O)
                                                      0.027    11.417 r  design_1_i/zynq_ultra_ps_e_0/inst/buffer_pl_clk_0.PL_CLK_0_BUFG/O
                         net (fo=6732, unplaced)      2.439    13.856    design_1_i/top_controller_0/inst/u_preprocessor/S_AXI_ACLK
                         FDRE                                         r  design_1_i/top_controller_0/inst/u_preprocessor/pred_data_out_reg[pred_accel_y_1][11]/C
                         clock pessimism              0.040    13.896    
                         clock uncertainty           -0.182    13.714    
                         FDRE (Setup_FDRE_C_D)        0.027    13.741    design_1_i/top_controller_0/inst/u_preprocessor/pred_data_out_reg[pred_accel_y_1][11]
  -------------------------------------------------------------------
                         required time                         13.741    
                         arrival time                         -14.274    
  -------------------------------------------------------------------
                         slack                                 -0.533    





Min Delay Paths
--------------------------------------------------------------------------------------
Slack (VIOLATED) :        -0.079ns  (arrival time - required time)
  Source:                 design_1_i/top_controller_0/inst/u_axi_slave/axi_rdata_reg[0]/C
                            (rising edge-triggered cell FDRE clocked by clk_pl_0  {rise@0.000ns fall@5.625ns period=11.250ns})
  Destination:            design_1_i/ps8_0_axi_periph/s00_couplers/auto_pc/inst/gen_axilite.gen_b2s_conv.axilite_b2s/RD.r_channel_0/rd_data_fifo_0/memory_reg[31][0]_srl32/D
                            (rising edge-triggered cell SRLC32E clocked by clk_pl_0  {rise@0.000ns fall@5.625ns period=11.250ns})
  Path Group:             clk_pl_0
  Path Type:              Hold (Min at Fast Process Corner)
  Requirement:            0.000ns  (clk_pl_0 rise@0.000ns - clk_pl_0 rise@0.000ns)
  Data Path Delay:        0.112ns  (logic 0.038ns (33.929%)  route 0.074ns (66.071%))
  Logic Levels:           0  
  Clock Path Skew:        0.145ns (DCD - SCD - CPR)
    Destination Clock Delay (DCD):    1.397ns
    Source Clock Delay      (SCD):    1.225ns
    Clock Pessimism Removal (CPR):    0.027ns

    Location             Delay type                Incr(ns)  Path(ns)    Netlist Resource(s)
  -------------------------------------------------------------------    -------------------
                         (clock clk_pl_0 rise edge)
                                                      0.000     0.000 r  
                         PS8                          0.000     0.000 r  design_1_i/zynq_ultra_ps_e_0/inst/PS8_i/PLCLK[0]
                         net (fo=1, unplaced)         0.094     0.094    design_1_i/zynq_ultra_ps_e_0/inst/pl_clk_unbuffered[0]
                         BUFG_PS (Prop_BUFG_PS_I_O)
                                                      0.017     0.111 r  design_1_i/zynq_ultra_ps_e_0/inst/buffer_pl_clk_0.PL_CLK_0_BUFG/O
                         net (fo=6732, unplaced)      1.114     1.225    design_1_i/top_controller_0/inst/u_axi_slave/S_AXI_ACLK
                         FDRE                                         r  design_1_i/top_controller_0/inst/u_axi_slave/axi_rdata_reg[0]/C
  -------------------------------------------------------------------    -------------------
                         FDRE (Prop_FDRE_C_Q)         0.038     1.263 r  design_1_i/top_controller_0/inst/u_axi_slave/axi_rdata_reg[0]/Q
                         net (fo=1, unplaced)         0.074     1.337    design_1_i/ps8_0_axi_periph/s00_couplers/auto_pc/inst/gen_axilite.gen_b2s_conv.axilite_b2s/RD.r_channel_0/rd_data_fifo_0/in[0]
                         SRLC32E                                      r  design_1_i/ps8_0_axi_periph/s00_couplers/auto_pc/inst/gen_axilite.gen_b2s_conv.axilite_b2s/RD.r_channel_0/rd_data_fifo_0/memory_reg[31][0]_srl32/D
  -------------------------------------------------------------------    -------------------

                         (clock clk_pl_0 rise edge)
                                                      0.000     0.000 r  
                         PS8                          0.000     0.000 r  design_1_i/zynq_ultra_ps_e_0/inst/PS8_i/PLCLK[0]
                         net (fo=1, unplaced)         0.120     0.120    design_1_i/zynq_ultra_ps_e_0/inst/pl_clk_unbuffered[0]
                         BUFG_PS (Prop_BUFG_PS_I_O)
                                                      0.018     0.138 r  design_1_i/zynq_ultra_ps_e_0/inst/buffer_pl_clk_0.PL_CLK_0_BUFG/O
                         net (fo=6732, unplaced)      1.259     1.397    design_1_i/ps8_0_axi_periph/s00_couplers/auto_pc/inst/gen_axilite.gen_b2s_conv.axilite_b2s/RD.r_channel_0/rd_data_fifo_0/aclk
                         SRLC32E                                      r  design_1_i/ps8_0_axi_periph/s00_couplers/auto_pc/inst/gen_axilite.gen_b2s_conv.axilite_b2s/RD.r_channel_0/rd_data_fifo_0/memory_reg[31][0]_srl32/CLK
                         clock pessimism             -0.027     1.370    
                         SRLC32E (Hold_SRLC32E_CLK_D)
                                                      0.046     1.416    design_1_i/ps8_0_axi_periph/s00_couplers/auto_pc/inst/gen_axilite.gen_b2s_conv.axilite_b2s/RD.r_channel_0/rd_data_fifo_0/memory_reg[31][0]_srl32
  -------------------------------------------------------------------
                         required time                         -1.416    
                         arrival time                           1.337    
  -------------------------------------------------------------------
                         slack                                 -0.079    





Pulse Width Checks
--------------------------------------------------------------------------------------
Clock Name:         clk_pl_0
Waveform(ns):       { 0.000 5.625 }
Period(ns):         11.250
Sources:            { design_1_i/zynq_ultra_ps_e_0/inst/PS8_i/PLCLK[0] }

Check Type        Corner  Lib Pin          Reference Pin  Required(ns)  Actual(ns)  Slack(ns)  Location  Pin
Min Period        n/a     PS8/MAXIGP2ACLK  n/a            3.000         11.250      8.250                design_1_i/zynq_ultra_ps_e_0/inst/PS8_i/MAXIGP2ACLK
Low Pulse Width   Slow    PS8/MAXIGP2ACLK  n/a            1.500         5.625       4.125                design_1_i/zynq_ultra_ps_e_0/inst/PS8_i/MAXIGP2ACLK
High Pulse Width  Slow    PS8/MAXIGP2ACLK  n/a            1.500         5.625       4.125                design_1_i/zynq_ultra_ps_e_0/inst/PS8_i/MAXIGP2ACLK



