Vivado Simulator v2022.2
Copyright 1986-1999, 2001-2022 Xilinx, Inc. All Rights Reserved.
Running: C:/Xilinx/Vivado/2022.2/bin/unwrapped/win64.o/xelab.exe --incr --debug typical --relax --mt 2 -L xil_defaultlib -L uvm -L unisims_ver -L unimacro_ver -L secureip --snapshot tb_distance_pipeline_debug_behav xil_defaultlib.tb_distance_pipeline_debug xil_defaultlib.glbl -log elaborate.log 
Using 2 slave threads.
Starting static elaboration
Pass Through NonSizing Optimizer
Completed static elaboration
Starting simulation data flow analysis
Completed simulation data flow analysis
Time Resolution for simulation is 1ps
Compiling package xil_defaultlib.types_pkg
Compiling module xil_defaultlib.preprocessor
Compiling module xil_defaultlib.mask_20s(CLK_FREQ=32'b0111110100...
Compiling module xil_defaultlib.each_sensor_check(WIDTH=16,DW=16...
Compiling module xil_defaultlib.each_sensor_check(WIDTH=13,DW=14...
Compiling module xil_defaultlib.each_sensor_check(TW=15,UPDATE_C...
Compiling module xil_defaultlib.each_sensor_check(WIDTH=16,DW=17...
Compiling module xil_defaultlib.each_sensor_check(WIDTH=11,DW=12...
Compiling module xil_defaultlib.each_sensor_check(WIDTH=8,DW=8,T...
Compiling module xil_defaultlib.each_sensor_check(WIDTH=19,DW=19...
Compiling module xil_defaultlib.consistency_check(WIDTH=21,CONSI...
Compiling module xil_defaultlib.consistency_check(WIDTH=13,CONSI...
Compiling module xil_defaultlib.consistency_check(CONSISTENCY_U=...
Compiling module xil_defaultlib.consistency_check(WIDTH=16,CONSI...
Compiling module xil_defaultlib.sensor_reliability(CLK_FREQ_HZ=3...
Compiling module xil_defaultlib.tb_distance_pipeline_debug
Compiling module xil_defaultlib.glbl
Built simulation snapshot tb_distance_pipeline_debug_behav
