==========================================================
[1/4] Offline regression gate
==========================================================
==========================================================
[1/3] RTL self-checking regressions
==========================================================
  OK   tb_pl_full_verification
  OK   tb_carla_axi_replay
  OK   tb_risk_reliability_matrix

==========================================================
[2/3] Golden model vs RTL simulation
==========================================================
  OK   golden-vs-rtl turn
  OK   golden-vs-rtl straight
  OK   golden-vs-rtl brake_ice

==========================================================
[3/3] Python verification
==========================================================
  OK   verify_sensor_noise
  OK   test_scenario_pl_alignment

==========================================================
OVERALL: PASS
==========================================================

==========================================================
[2/4] Rebuild bitstream and XSA
==========================================================
ABORT: build failed, see board_build.log 
