INFO: [VRFC 10-2263] Analyzing SystemVerilog file "C:/Users/jiho0/GitProjects/FPGA-Autonomous-Vehicle-Project/sources_1/new/types_pkg.sv" into library work
INFO: [VRFC 10-2263] Analyzing SystemVerilog file "C:/Users/jiho0/GitProjects/FPGA-Autonomous-Vehicle-Project/sources_1/new/preprocessor.sv" into library work
INFO: [VRFC 10-311] analyzing module preprocessor
INFO: [VRFC 10-2263] Analyzing SystemVerilog file "C:/Users/jiho0/GitProjects/FPGA-Autonomous-Vehicle-Project/sources_1/new/consistency_checker.sv" into library work
INFO: [VRFC 10-311] analyzing module consistency_check
INFO: [VRFC 10-2263] Analyzing SystemVerilog file "C:/Users/jiho0/GitProjects/FPGA-Autonomous-Vehicle-Project/sources_1/new/mask_20s.sv" into library work
INFO: [VRFC 10-311] analyzing module mask_20s
INFO: [VRFC 10-2263] Analyzing SystemVerilog file "C:/Users/jiho0/GitProjects/FPGA-Autonomous-Vehicle-Project/sources_1/new/sensor_checker.sv" into library work
INFO: [VRFC 10-311] analyzing module each_sensor_check
INFO: [VRFC 10-2263] Analyzing SystemVerilog file "C:/Users/jiho0/GitProjects/FPGA-Autonomous-Vehicle-Project/sources_1/new/sensor_reliability.sv" into library work
INFO: [VRFC 10-311] analyzing module sensor_reliability
INFO: [VRFC 10-2263] Analyzing SystemVerilog file "C:/Users/jiho0/GitProjects/FPGA-Autonomous-Vehicle-Project/sources_1/new/risk_types.sv" into library work
INFO: [VRFC 10-311] analyzing module risk_types
INFO: [VRFC 10-2263] Analyzing SystemVerilog file "C:/Users/jiho0/GitProjects/FPGA-Autonomous-Vehicle-Project/sources_1/new/risk_control.sv" into library work
INFO: [VRFC 10-311] analyzing module risk_control_2
INFO: [VRFC 10-2263] Analyzing SystemVerilog file "C:/Users/jiho0/GitProjects/FPGA-Autonomous-Vehicle-Project/sources_1/ip/sensor_input_1_0/hdl/sensor_input_v1_0_S00_AXI.v" into library work
INFO: [VRFC 10-311] analyzing module sensor_input_v1_0_S00_AXI
INFO: [VRFC 10-2263] Analyzing SystemVerilog file "C:/Users/jiho0/GitProjects/FPGA-Autonomous-Vehicle-Project/sources_1/new/top_controller.sv" into library work
INFO: [VRFC 10-311] analyzing module top_controller
INFO: [VRFC 10-2263] Analyzing SystemVerilog file "C:/Users/jiho0/AppData/Local/Temp/fpga_av_carla_axi_replay/tb_carla_axi_replay.sv" into library work
INFO: [VRFC 10-311] analyzing module tb_carla_axi_replay
Vivado Simulator v2022.2
Copyright 1986-1999, 2001-2022 Xilinx, Inc. All Rights Reserved.
Running: C:/Xilinx/Vivado/2022.2/bin/unwrapped/win64.o/xelab.exe -debug typical -top tb_carla_axi_replay -snapshot tb_carla_axi_replay_snap 
Multi-threading is on. Using 10 slave threads.
Starting static elaboration
Pass Through NonSizing Optimizer
Completed static elaboration
Starting simulation data flow analysis
Completed simulation data flow analysis
Time Resolution for simulation is 1ps
Compiling package work.types_pkg
Compiling module work.sensor_input_v1_0_S00_AXI_defaul...
Compiling module work.preprocessor
Compiling module work.mask_20s(CLK_FREQ=32'b0111110100...
Compiling module work.each_sensor_check(WIDTH=16,DW=16...
Compiling module work.each_sensor_check(WIDTH=13,DW=14...
Compiling module work.each_sensor_check(TW=15,UPDATE_C...
Compiling module work.each_sensor_check(WIDTH=16,DW=17...
Compiling module work.each_sensor_check(WIDTH=11,DW=12...
Compiling module work.each_sensor_check(WIDTH=8,DW=8,T...
Compiling module work.each_sensor_check(WIDTH=19,DW=19...
Compiling module work.consistency_check(WIDTH=16,CONSI...
Compiling module work.consistency_check(WIDTH=13,CONSI...
Compiling module work.consistency_check(CONSISTENCY_U=...
Compiling module work.sensor_reliability(CLK_FREQ_HZ=3...
Compiling module work.risk_types
Compiling module work.risk_control_2(CLK_FREQ=2000)
Compiling module work.top_controller(CLK_FREQ_HZ=2000)
Compiling module work.tb_carla_axi_replay
Built simulation snapshot tb_carla_axi_replay_snap

****** xsim v2022.2 (64-bit)
  **** SW Build 3671981 on Fri Oct 14 05:00:03 MDT 2022
  **** IP Build 3669848 on Fri Oct 14 08:30:02 MDT 2022
    ** Copyright 1986-2022 Xilinx, Inc. All Rights Reserved.

source xsim.dir/tb_carla_axi_replay_snap/xsim_script.tcl
# xsim {tb_carla_axi_replay_snap} -autoloadwcfg -tclbatch {run_carla_axi_replay.tcl}
Time resolution is 1 ps
source run_carla_axi_replay.tcl
## run all
CARLA AXI REPLAY RESULT: SAMPLES=1045 FAIL=0
$finish called at time : 1101636 ns : File "C:/Users/jiho0/AppData/Local/Temp/fpga_av_carla_axi_replay/tb_carla_axi_replay.sv" Line 274
## set failures [get_value /tb_carla_axi_replay/fail_count]
## if {$failures != "0"} {
##     puts "ERROR: CARLA AXI replay reported $failures failures"
##     quit 1
## }
## quit 0
INFO: [Common 17-206] Exiting xsim at Thu Aug 13 18:03:03 2026...
Result: C:\Users\jiho0\GitProjects\FPGA-Autonomous-Vehicle-Project\sources_1\verification\..\..\verification_reports\pl_replay_results.csv
