#-----------------------------------------------------------
# Vivado v2022.2 (64-bit)
# SW Build 3671981 on Fri Oct 14 05:00:03 MDT 2022
# IP Build 3669848 on Fri Oct 14 08:30:02 MDT 2022
# Start of session at: Thu Aug 13 21:35:00 2026
# Process ID: 32460
# Current directory: C:/Users/jiho0/GitProjects/FPGA-Autonomous-Vehicle-Project
# Command line: vivado.exe -mode batch -source sources_1/verification/run_distance_debug.tcl -nojournal -log verification_reports/distance_debug.log
# Log file: C:/Users/jiho0/GitProjects/FPGA-Autonomous-Vehicle-Project/verification_reports/distance_debug.log
# Journal file: 
# Running On: JH_HP, OS: Windows, CPU Frequency: 1996 MHz, CPU Physical cores: 12, Host memory: 16697 MB
#-----------------------------------------------------------
source sources_1/verification/run_distance_debug.tcl
# set d [file normalize [file dirname [info script]]]
# set s [file normalize [file join $d .. new]]
# create_project -in_memory -part xczu2cg-sfvc784-1-e
create_project: Time (s): cpu = 00:00:07 ; elapsed = 00:00:08 . Memory (MB): peak = 379.680 ; gain = 65.902
# read_verilog -sv [list \
#     [file join $s types_pkg.sv] \
#     [file join $s consistency_checker.sv] \
#     [file join $s mask_20s.sv] \
#     [file join $s sensor_checker.sv] \
#     [file join $s sensor_reliability.sv] \
#     [file join $d tb_distance_debug.sv]]
# set_property top tb_distance_debug [current_fileset -simset]
# launch_simulation
ERROR: [Common 17-53] User Exception: No open project. Please use Save Project As to save your work and re-do this operation.

INFO: [Common 17-206] Exiting Vivado at Thu Aug 13 21:35:11 2026...
