#-----------------------------------------------------------
# Vivado v2022.2 (64-bit)
# SW Build 3671981 on Fri Oct 14 05:00:03 MDT 2022
# IP Build 3669848 on Fri Oct 14 08:30:02 MDT 2022
# Start of session at: Thu Aug 13 21:35:25 2026
# Process ID: 30600
# Current directory: C:/Users/jiho0/GitProjects/FPGA-Autonomous-Vehicle-Project
# Command line: vivado.exe -mode batch -source sources_1/verification/run_distance_debug.tcl -nojournal -log verification_reports/distance_debug.log
# Log file: C:/Users/jiho0/GitProjects/FPGA-Autonomous-Vehicle-Project/verification_reports/distance_debug.log
# Journal file: 
# Running On: JH_HP, OS: Windows, CPU Frequency: 1996 MHz, CPU Physical cores: 12, Host memory: 16697 MB
#-----------------------------------------------------------
source sources_1/verification/run_distance_debug.tcl
# set d [file normalize [file dirname [info script]]]
# set s [file normalize [file join $d .. new]]
# create_project distance_debug [file normalize [file join $d .. .. verification_reports distance_debug_proj]] -force -part xczu2cg-sfvc784-1-e
create_project: Time (s): cpu = 00:00:07 ; elapsed = 00:00:12 . Memory (MB): peak = 380.586 ; gain = 65.176
# read_verilog -sv [list \
#     [file join $s types_pkg.sv] \
#     [file join $s consistency_checker.sv] \
#     [file join $s mask_20s.sv] \
#     [file join $s sensor_checker.sv] \
#     [file join $s sensor_reliability.sv] \
#     [file join $d tb_distance_debug.sv]]
# set_property top tb_distance_debug [current_fileset -simset]
# launch_simulation
Command: launch_simulation 
INFO: [Vivado 12-12493] Simulation top is 'tb_distance_debug'
WARNING: [Vivado 12-13340] Unable to auto find GCC executables from simulator install path! (path not set)
WARNING: [Vivado 12-13277] Compiled library path does not exist: ''
INFO: [Vivado 12-5682] Launching behavioral simulation in 'C:/Users/jiho0/GitProjects/FPGA-Autonomous-Vehicle-Project/verification_reports/distance_debug_proj/distance_debug.sim/sim_1/behav/xsim'
INFO: [SIM-utils-51] Simulation object is 'sim_1'
INFO: [SIM-utils-72] Using boost library from 'C:/Xilinx/Vivado/2022.2/tps/boost_1_72_0'
INFO: [SIM-utils-54] Inspecting design source files for 'tb_distance_debug' in fileset 'sim_1'...
INFO: [USF-XSim-97] Finding global include files...
INFO: [USF-XSim-98] Fetching design files from 'sim_1'...
INFO: [USF-XSim-2] XSim::Compile design
INFO: [USF-XSim-61] Executing 'COMPILE and ANALYZE' step in 'C:/Users/jiho0/GitProjects/FPGA-Autonomous-Vehicle-Project/verification_reports/distance_debug_proj/distance_debug.sim/sim_1/behav/xsim'
"xvlog --incr --relax -L uvm -prj tb_distance_debug_vlog.prj"
INFO: [VRFC 10-2263] Analyzing SystemVerilog file "C:/Users/jiho0/GitProjects/FPGA-Autonomous-Vehicle-Project/sources_1/new/types_pkg.sv" into library xil_defaultlib
INFO: [VRFC 10-2263] Analyzing SystemVerilog file "C:/Users/jiho0/GitProjects/FPGA-Autonomous-Vehicle-Project/sources_1/new/consistency_checker.sv" into library xil_defaultlib
INFO: [VRFC 10-311] analyzing module consistency_check
INFO: [VRFC 10-2263] Analyzing SystemVerilog file "C:/Users/jiho0/GitProjects/FPGA-Autonomous-Vehicle-Project/sources_1/new/mask_20s.sv" into library xil_defaultlib
INFO: [VRFC 10-311] analyzing module mask_20s
INFO: [VRFC 10-2263] Analyzing SystemVerilog file "C:/Users/jiho0/GitProjects/FPGA-Autonomous-Vehicle-Project/sources_1/new/sensor_checker.sv" into library xil_defaultlib
INFO: [VRFC 10-311] analyzing module each_sensor_check
INFO: [VRFC 10-2263] Analyzing SystemVerilog file "C:/Users/jiho0/GitProjects/FPGA-Autonomous-Vehicle-Project/sources_1/new/sensor_reliability.sv" into library xil_defaultlib
INFO: [VRFC 10-311] analyzing module sensor_reliability
INFO: [VRFC 10-2263] Analyzing SystemVerilog file "C:/Users/jiho0/GitProjects/FPGA-Autonomous-Vehicle-Project/sources_1/verification/tb_distance_debug.sv" into library xil_defaultlib
INFO: [VRFC 10-311] analyzing module tb_distance_debug
INFO: [VRFC 10-2263] Analyzing Verilog file "C:/Users/jiho0/GitProjects/FPGA-Autonomous-Vehicle-Project/verification_reports/distance_debug_proj/distance_debug.sim/sim_1/behav/xsim/glbl.v" into library xil_defaultlib
INFO: [VRFC 10-311] analyzing module glbl
INFO: [USF-XSim-69] 'compile' step finished in '2' seconds
INFO: [USF-XSim-3] XSim::Elaborate design
INFO: [USF-XSim-61] Executing 'ELABORATE' step in 'C:/Users/jiho0/GitProjects/FPGA-Autonomous-Vehicle-Project/verification_reports/distance_debug_proj/distance_debug.sim/sim_1/behav/xsim'
"xelab --incr --debug typical --relax --mt 2 -L xil_defaultlib -L uvm -L unisims_ver -L unimacro_ver -L secureip --snapshot tb_distance_debug_behav xil_defaultlib.tb_distance_debug xil_defaultlib.glbl -log elaborate.log"
Vivado Simulator v2022.2
Copyright 1986-1999, 2001-2022 Xilinx, Inc. All Rights Reserved.
Running: C:/Xilinx/Vivado/2022.2/bin/unwrapped/win64.o/xelab.exe --incr --debug typical --relax --mt 2 -L xil_defaultlib -L uvm -L unisims_ver -L unimacro_ver -L secureip --snapshot tb_distance_debug_behav xil_defaultlib.tb_distance_debug xil_defaultlib.glbl -log elaborate.log 
Using 2 slave threads.
Starting static elaboration
Pass Through NonSizing Optimizer
ERROR: [VRFC 10-3180] cannot find port 'sim_data_in' on this module [C:/Users/jiho0/GitProjects/FPGA-Autonomous-Vehicle-Project/sources_1/verification/tb_distance_debug.sv:23]
ERROR: [XSIM 43-3322] Static elaboration of top level Verilog design unit(s) in library work failed.
INFO: [USF-XSim-69] 'elaborate' step finished in '2' seconds
INFO: [USF-XSim-99] Step results log file:'C:/Users/jiho0/GitProjects/FPGA-Autonomous-Vehicle-Project/verification_reports/distance_debug_proj/distance_debug.sim/sim_1/behav/xsim/elaborate.log'
ERROR: [USF-XSim-62] 'elaborate' step failed with error(s). Please check the Tcl console output or 'C:/Users/jiho0/GitProjects/FPGA-Autonomous-Vehicle-Project/verification_reports/distance_debug_proj/distance_debug.sim/sim_1/behav/xsim/elaborate.log' file for more information.
ERROR: [Vivado 12-4473] Detected error while running simulation. Please correct the issue and retry this operation.
launch_simulation: Time (s): cpu = 00:00:01 ; elapsed = 00:00:07 . Memory (MB): peak = 404.457 ; gain = 23.871
ERROR: [Common 17-39] 'launch_simulation' failed due to earlier errors.

    while executing
"launch_simulation"
    (file "sources_1/verification/run_distance_debug.tcl" line 12)
INFO: [Common 17-206] Exiting Vivado at Thu Aug 13 21:35:47 2026...
