==========================================================
[1/3] RTL self-checking regressions
==========================================================
  OK   tb_pl_full_verification
  OK   tb_carla_axi_replay
  OK   tb_risk_reliability_matrix

==========================================================
[2/3] Golden model vs RTL simulation
==========================================================
  OK   golden-vs-rtl turn
  OK   golden-vs-rtl straight
  OK   golden-vs-rtl brake_ice
  OK   golden-vs-rtl standstill_slope

==========================================================
[3/3] Python verification
==========================================================
  OK   verify_sensor_noise
  OK   test_scenario_pl_alignment

==========================================================
OVERALL: PASS
==========================================================
