
****** Vivado v2022.2 (64-bit)
  **** SW Build 3671981 on Fri Oct 14 05:00:03 MDT 2022
  **** IP Build 3669848 on Fri Oct 14 08:30:02 MDT 2022
    ** Copyright 1986-2022 Xilinx, Inc. All Rights Reserved.

source {C:\Users\jiho0\GitProjects\FPGA-Autonomous-Vehicle-Project\sources_1\verification\refresh_packaged_ip.tcl}
# set verification_dir [file dirname [file normalize [info script]]]
# set repo_root [file normalize [file join $verification_dir .. ..]]
# set component_file [file join $repo_root component.xml]
# set project_file [file join $repo_root FPGA_project FPGA_project.xpr]
# set bd_file [file join $repo_root FPGA_project FPGA_project.srcs sources_1 bd design_1 design_1.bd]
# puts "Refreshing packaged core: $component_file"
Refreshing packaged core: C:/Users/jiho0/GitProjects/FPGA-Autonomous-Vehicle-Project/component.xml
# ipx::open_core $component_file
ipx::open_core: Time (s): cpu = 00:00:03 ; elapsed = 00:00:08 . Memory (MB): peak = 383.512 ; gain = 72.902
# set core [ipx::current_core]
# ipx::update_checksums $core
# ipx::save_core $core
# ipx::unload_core $core
# puts "Refreshing Block Design project: $project_file"
Refreshing Block Design project: C:/Users/jiho0/GitProjects/FPGA-Autonomous-Vehicle-Project/FPGA_project/FPGA_project.xpr
# open_project $project_file
Scanning sources...
Finished scanning sources
INFO: [IP_Flow 19-234] Refreshing IP repositories
INFO: [IP_Flow 19-1700] Loaded user IP repository 'c:/Users/jiho0/GitProjects/FPGA-Autonomous-Vehicle-Project'.
WARNING: [IP_Flow 19-3656] If you move the project, the path for repository 'c:/Users/jiho0/GitProjects/FPGA-Autonomous-Vehicle-Project' may become invalid. A better location for the repository would be in a path adjacent to the project. (Current project location is 'c:/Users/jiho0/GitProjects/FPGA-Autonomous-Vehicle-Project/FPGA_project'.)
INFO: [IP_Flow 19-2313] Loaded Vivado IP repository 'C:/Xilinx/Vivado/2022.2/data/ip'.
WARNING: [BD 41-1661] One or more IPs have been locked in the design 'design_1.bd'. Please run report_ip_status for more details and recommendations on how to fix this issue.
List of locked IPs:
design_1_top_controller_0_0

WARNING: [IP_Flow 19-2162] IP 'top_controller_0' is locked:
* The IP Data in the repository is incompatible with the current instance (despite having identical Version and Revision). You will need to upgrade the IP before viewing the customization and generating outputs.
WARNING: [IP_Flow 19-2162] IP 'top_controller_1' is locked:
* The IP Data in the repository is incompatible with the current instance (despite having identical Version and Revision). You will need to upgrade the IP before viewing the customization and generating outputs.
open_project: Time (s): cpu = 00:00:03 ; elapsed = 00:00:10 . Memory (MB): peak = 477.426 ; gain = 93.914
# set_property ip_repo_paths [list $repo_root] [current_project]
# update_ip_catalog -rebuild
INFO: [IP_Flow 19-234] Refreshing IP repositories
INFO: [IP_Flow 19-1700] Loaded user IP repository 'c:/Users/jiho0/GitProjects/FPGA-Autonomous-Vehicle-Project'.
WARNING: [IP_Flow 19-3656] If you move the project, the path for repository 'c:/Users/jiho0/GitProjects/FPGA-Autonomous-Vehicle-Project' may become invalid. A better location for the repository would be in a path adjacent to the project. (Current project location is 'c:/Users/jiho0/GitProjects/FPGA-Autonomous-Vehicle-Project/FPGA_project'.)
# open_bd_design $bd_file
Reading block design file <C:/Users/jiho0/GitProjects/FPGA-Autonomous-Vehicle-Project/FPGA_project/FPGA_project.srcs/sources_1/bd/design_1/design_1.bd>...
Adding component instance block -- xilinx.com:ip:zynq_ultra_ps_e:3.4 - zynq_ultra_ps_e_0
Adding component instance block -- xilinx.com:ip:proc_sys_reset:5.0 - proc_sys_reset_0
Adding component instance block -- xilinx.com:ip:axi_interconnect:2.1 - ps8_0_axi_periph
Adding component instance block -- xilinx.com:ip:axi_protocol_converter:2.1 - auto_pc
Adding component instance block -- xilinx.com:user:top_controller:1.0 - top_controller_0
Successfully read diagram <design_1> from block design file <C:/Users/jiho0/GitProjects/FPGA-Autonomous-Vehicle-Project/FPGA_project/FPGA_project.srcs/sources_1/bd/design_1/design_1.bd>
open_bd_design: Time (s): cpu = 00:00:00 ; elapsed = 00:00:05 . Memory (MB): peak = 477.426 ; gain = 0.000
# set controller_ips [get_ips -all -quiet *top_controller*]
# if {[llength $controller_ips] < 1} {
#     error "No top_controller IP instance found"
# }
# upgrade_ip $controller_ips
Upgrading 'C:/Users/jiho0/GitProjects/FPGA-Autonomous-Vehicle-Project/FPGA_project/FPGA_project.srcs/sources_1/bd/design_1/design_1.bd'
INFO: [IP_Flow 19-3420] Updated design_1_top_controller_0_0 to use current project options
Wrote  : <C:\Users\jiho0\GitProjects\FPGA-Autonomous-Vehicle-Project\FPGA_project\FPGA_project.srcs\sources_1\bd\design_1\design_1.bd> 
Upgrading 'top_controller_0'
INFO: [IP_Flow 19-3420] Updated top_controller_0 to use current project options
INFO: [IP_Flow 19-1686] Generating 'Instantiation Template' target for IP 'top_controller_0'...
Upgrading 'top_controller_1'
INFO: [IP_Flow 19-3420] Updated top_controller_1 to use current project options
INFO: [IP_Flow 19-1686] Generating 'Instantiation Template' target for IP 'top_controller_1'...
# set ps [get_bd_cells zynq_ultra_ps_e_0]
# set controller [get_bd_cells top_controller_0]
# set_property CONFIG.PSU__CRL_APB__PL0_REF_CTRL__FREQMHZ 90 $ps
# set_property CONFIG.CLK_FREQ_HZ 88888000 $controller
# set_property CONFIG.SAMPLE_RATE_HZ 20 $controller
# validate_bd_design
WARNING: [BD 41-237] Bus Interface property AWUSER_WIDTH does not match between /ps8_0_axi_periph/s00_couplers/auto_pc/S_AXI(0) and /zynq_ultra_ps_e_0/M_AXI_HPM0_LPD(16)
WARNING: [BD 41-237] Bus Interface property ARUSER_WIDTH does not match between /ps8_0_axi_periph/s00_couplers/auto_pc/S_AXI(0) and /zynq_ultra_ps_e_0/M_AXI_HPM0_LPD(16)
WARNING: [BD 41-927] Following properties on pin /top_controller_0/S_AXI_ACLK have been updated from connected ip, but BD cell '/top_controller_0' does not accept parameter changes, so they may not be synchronized with cell properties:
	FREQ_HZ = 88888000 
Please resolve any mismatches by directly setting properties on BD cell </top_controller_0> to completely resolve these warnings.
# set actual_pl0_mhz [get_property CONFIG.PSU__CRL_APB__PL0_REF_CTRL__ACT_FREQMHZ $ps]
# puts "PL0_ACT_FREQMHZ=$actual_pl0_mhz"
PL0_ACT_FREQMHZ=88.888000
# if {$actual_pl0_mhz != "88.888000"} {
#     error "Unexpected PL0 actual frequency: $actual_pl0_mhz MHz"
# }
# save_bd_design
Wrote  : <C:\Users\jiho0\GitProjects\FPGA-Autonomous-Vehicle-Project\FPGA_project\FPGA_project.srcs\sources_1\bd\design_1\design_1.bd> 
# generate_target all [get_files $bd_file]
INFO: [BD 41-1662] The design 'design_1.bd' is already validated. Therefore parameter propagation will not be re-run.
Verilog Output written to : c:/Users/jiho0/GitProjects/FPGA-Autonomous-Vehicle-Project/FPGA_project/FPGA_project.gen/sources_1/bd/design_1/synth/design_1.v
Verilog Output written to : c:/Users/jiho0/GitProjects/FPGA-Autonomous-Vehicle-Project/FPGA_project/FPGA_project.gen/sources_1/bd/design_1/sim/design_1.v
Verilog Output written to : c:/Users/jiho0/GitProjects/FPGA-Autonomous-Vehicle-Project/FPGA_project/FPGA_project.gen/sources_1/bd/design_1/hdl/design_1_wrapper.v
INFO: [BD 41-1029] Generation completed for the IP Integrator block top_controller_0 .
WARNING: [IP_Flow 19-4994] Overwriting existing constraint file 'c:/Users/jiho0/GitProjects/FPGA-Autonomous-Vehicle-Project/FPGA_project/FPGA_project.gen/sources_1/bd/design_1/ip/design_1_auto_pc_0/design_1_auto_pc_0_ooc.xdc'
INFO: [BD 41-1029] Generation completed for the IP Integrator block ps8_0_axi_periph/s00_couplers/auto_pc .
Exporting to file c:/Users/jiho0/GitProjects/FPGA-Autonomous-Vehicle-Project/FPGA_project/FPGA_project.gen/sources_1/bd/design_1/hw_handoff/design_1.hwh
Generated Hardware Definition File c:/Users/jiho0/GitProjects/FPGA-Autonomous-Vehicle-Project/FPGA_project/FPGA_project.gen/sources_1/bd/design_1/synth/design_1.hwdef
generate_target: Time (s): cpu = 00:00:02 ; elapsed = 00:00:26 . Memory (MB): peak = 721.613 ; gain = 241.113
# export_ip_user_files -of_objects [get_files $bd_file] -no_script -sync -force -quiet
# report_ip_status -file [file join $repo_root verification_reports ip_status_after_refresh.rpt]
# close_project
# puts "PACKAGED_IP_REFRESH=PASS"
PACKAGED_IP_REFRESH=PASS
INFO: [Common 17-206] Exiting Vivado at Fri Aug 14 13:09:58 2026...
