#-----------------------------------------------------------
# Vivado v2022.2 (64-bit)
# SW Build 3671981 on Fri Oct 14 05:00:03 MDT 2022
# IP Build 3669848 on Fri Oct 14 08:30:02 MDT 2022
# Start of session at: Thu Aug 13 21:38:47 2026
# Process ID: 10156
# Current directory: C:/Users/jiho0/GitProjects/FPGA-Autonomous-Vehicle-Project
# Command line: vivado.exe -mode batch -source sources_1/verification/refresh_top_ip.tcl -nojournal -log verification_reports/refresh_top_ip.log
# Log file: C:/Users/jiho0/GitProjects/FPGA-Autonomous-Vehicle-Project/verification_reports/refresh_top_ip.log
# Journal file: 
# Running On: JH_HP, OS: Windows, CPU Frequency: 1996 MHz, CPU Physical cores: 12, Host memory: 16697 MB
#-----------------------------------------------------------
source sources_1/verification/refresh_top_ip.tcl
# set d [file normalize [file dirname [info script]]]
# set root [file normalize [file join $d .. ..]]
# open_project [file join $root FPGA_project FPGA_project.xpr]
Scanning sources...
Finished scanning sources
INFO: [IP_Flow 19-234] Refreshing IP repositories
INFO: [IP_Flow 19-1700] Loaded user IP repository 'c:/Users/jiho0/GitProjects/FPGA-Autonomous-Vehicle-Project'.
WARNING: [IP_Flow 19-3656] If you move the project, the path for repository 'c:/Users/jiho0/GitProjects/FPGA-Autonomous-Vehicle-Project' may become invalid. A better location for the repository would be in a path adjacent to the project. (Current project location is 'c:/Users/jiho0/GitProjects/FPGA-Autonomous-Vehicle-Project/FPGA_project'.)
INFO: [IP_Flow 19-2313] Loaded Vivado IP repository 'C:/Xilinx/Vivado/2022.2/data/ip'.
open_project: Time (s): cpu = 00:00:11 ; elapsed = 00:00:13 . Memory (MB): peak = 470.113 ; gain = 154.398
# update_ip_catalog -rebuild
INFO: [IP_Flow 19-234] Refreshing IP repositories
INFO: [IP_Flow 19-1700] Loaded user IP repository 'c:/Users/jiho0/GitProjects/FPGA-Autonomous-Vehicle-Project'.
WARNING: [IP_Flow 19-3656] If you move the project, the path for repository 'c:/Users/jiho0/GitProjects/FPGA-Autonomous-Vehicle-Project' may become invalid. A better location for the repository would be in a path adjacent to the project. (Current project location is 'c:/Users/jiho0/GitProjects/FPGA-Autonomous-Vehicle-Project/FPGA_project'.)
# set ip [get_ips design_1_top_controller_0_0]
# reset_target all $ip
ERROR: [Vivado 12-3564] The Nested sub-design 'C:/Users/jiho0/GitProjects/FPGA-Autonomous-Vehicle-Project/FPGA_project/FPGA_project.srcs/sources_1/bd/design_1/ip/design_1_top_controller_0_0/design_1_top_controller_0_0.xci' can only be reset by its parent sub-design.
INFO: [Common 17-206] Exiting Vivado at Thu Aug 13 21:39:05 2026...
