#-----------------------------------------------------------
# Vivado v2022.2 (64-bit)
# SW Build 3671981 on Fri Oct 14 05:00:03 MDT 2022
# IP Build 3669848 on Fri Oct 14 08:30:02 MDT 2022
# Start of session at: Thu Aug 13 20:49:24 2026
# Process ID: 24280
# Current directory: C:/Users/jiho0/GitProjects/FPGA-Autonomous-Vehicle-Project
# Command line: vivado.exe -mode batch -source verification_reports/report_88mhz.tcl -nojournal -log verification_reports/timing_88mhz.log
# Log file: C:/Users/jiho0/GitProjects/FPGA-Autonomous-Vehicle-Project/verification_reports/timing_88mhz.log
# Journal file: 
# Running On: JH_HP, OS: Windows, CPU Frequency: 1996 MHz, CPU Physical cores: 12, Host memory: 16697 MB
#-----------------------------------------------------------
source verification_reports/report_88mhz.tcl
# open_checkpoint [file normalize [file join [file dirname [info script]] top_controller_synth.dcp]]
Command: open_checkpoint C:/Users/jiho0/GitProjects/FPGA-Autonomous-Vehicle-Project/verification_reports/top_controller_synth.dcp

Starting open_checkpoint Task

Time (s): cpu = 00:00:00 ; elapsed = 00:00:00.038 . Memory (MB): peak = 315.957 ; gain = 0.000
INFO: [Device 21-403] Loading part xczu2cg-sfvc784-1-e
Netlist sorting complete. Time (s): cpu = 00:00:00 ; elapsed = 00:00:00.139 . Memory (MB): peak = 1345.098 ; gain = 0.000
INFO: [Netlist 29-17] Analyzing 933 Unisim elements for replacement
INFO: [Netlist 29-28] Unisim Transformation completed in 1 CPU seconds
INFO: [Project 1-479] Netlist was created with Vivado 2022.2
INFO: [Project 1-570] Preparing netlist for logic optimization
INFO: [Timing 38-478] Restoring timing data from binary archive.
INFO: [Timing 38-479] Binary timing data restore complete.
INFO: [Project 1-856] Restoring constraints from binary archive.
INFO: [Project 1-853] Binary constraint restore complete.
Netlist sorting complete. Time (s): cpu = 00:00:00 ; elapsed = 00:00:00.004 . Memory (MB): peak = 1760.812 ; gain = 0.000
INFO: [Project 1-111] Unisim Transformation Summary:
  A total of 75 instances were transformed.
  DSP48E2 => DSP48E2 (DSP_ALU, DSP_A_B_DATA, DSP_C_DATA, DSP_MULTIPLIER, DSP_M_DATA, DSP_OUTPUT, DSP_PREADD, DSP_PREADD_DATA): 24 instances
  IBUF => IBUF (IBUFCTRL, INBUF): 51 instances

INFO: [Project 1-604] Checkpoint was created with Vivado v2022.2 (64-bit) build 3671981
OpenCheckpoint Checksum | Checksum: c2d42e32
----- Checksum: PlaceDB: 00000000 ShapeSum: c2d42e32 RouteDB: 00000000 
open_checkpoint: Time (s): cpu = 00:00:20 ; elapsed = 00:00:22 . Memory (MB): peak = 1760.812 ; gain = 1444.855
# delete_clocks [get_clocks S_AXI_ACLK]
invalid command name "delete_clocks"
    while executing
"delete_clocks [get_clocks S_AXI_ACLK]"
    (file "verification_reports/report_88mhz.tcl" line 2)
INFO: [Common 17-206] Exiting Vivado at Thu Aug 13 20:49:49 2026...
