Copyright 1986-2022 Xilinx, Inc. All Rights Reserved.
-----------------------------------------------------------------------------------------------------------------------------------------------------------------------------------------------
| Tool Version      : Vivado v.2022.2 (win64) Build 3671981 Fri Oct 14 05:00:03 MDT 2022
| Date              : Fri Aug 14 00:56:36 2026
| Host              : JH_HP running 64-bit major release  (build 9200)
| Command           : report_timing_summary -delay_type min_max -report_unconstrained -file C:/Users/jiho0/GitProjects/FPGA-Autonomous-Vehicle-Project/verification_reports/timing_summary.rpt
| Design            : top_controller
| Device            : xczu2cg-sfvc784
| Speed File        : -1  PRODUCTION 1.30 05-15-2022
| Temperature Grade : E
-----------------------------------------------------------------------------------------------------------------------------------------------------------------------------------------------

Timing Summary Report

------------------------------------------------------------------------------------------------
| Timer Settings
| --------------
------------------------------------------------------------------------------------------------

  Enable Multi Corner Analysis               :  Yes
  Enable Pessimism Removal                   :  Yes
  Pessimism Removal Resolution               :  Nearest Common Node
  Enable Input Delay Default Clock           :  No
  Enable Preset / Clear Arcs                 :  No
  Disable Flight Delays                      :  No
  Ignore I/O Paths                           :  No
  Timing Early Launch at Borrowing Latches   :  No
  Borrow Time for Max Delay Exceptions       :  Yes
  Merge Timing Exceptions                    :  Yes

  Corner  Analyze    Analyze    
  Name    Max Paths  Min Paths  
  ------  ---------  ---------  
  Slow    Yes        Yes        
  Fast    Yes        Yes        


------------------------------------------------------------------------------------------------
| Report Methodology
| ------------------
------------------------------------------------------------------------------------------------

No report available as report_methodology has not been run prior. Run report_methodology on the current design for the summary of methodology violations.



check_timing report

Table of Contents
-----------------
1. checking no_clock (0)
2. checking constant_clock (0)
3. checking pulse_width_clock (0)
4. checking unconstrained_internal_endpoints (0)
5. checking no_input_delay (50)
6. checking no_output_delay (37)
7. checking multiple_clock (0)
8. checking generated_clocks (0)
9. checking loops (0)
10. checking partial_input_delay (0)
11. checking partial_output_delay (0)
12. checking latch_loops (0)

1. checking no_clock (0)
------------------------
 There are 0 register/latch pins with no clock.


2. checking constant_clock (0)
------------------------------
 There are 0 register/latch pins with constant_clock.


3. checking pulse_width_clock (0)
---------------------------------
 There are 0 register/latch pins which need pulse_width check


4. checking unconstrained_internal_endpoints (0)
------------------------------------------------
 There are 0 pins that are not constrained for maximum delay.

 There are 0 pins that are not constrained for maximum delay due to constant clock.


5. checking no_input_delay (50)
-------------------------------
 There are 50 input ports with no input delay specified. (HIGH)

 There are 0 input ports with no input delay but user has a false path constraint.


6. checking no_output_delay (37)
--------------------------------
 There are 37 ports with no output delay specified. (HIGH)

 There are 0 ports with no output delay but user has a false path constraint

 There are 0 ports with no output delay but with a timing clock defined on it or propagating through it


7. checking multiple_clock (0)
------------------------------
 There are 0 register/latch pins with multiple clocks.


8. checking generated_clocks (0)
--------------------------------
 There are 0 generated clocks that are not connected to a clock source.


9. checking loops (0)
---------------------
 There are 0 combinational loops in the design.


10. checking partial_input_delay (0)
------------------------------------
 There are 0 input ports with partial input delay specified.


11. checking partial_output_delay (0)
-------------------------------------
 There are 0 ports with partial output delay specified.


12. checking latch_loops (0)
----------------------------
 There are 0 combinational latch loops in the design through latch input



------------------------------------------------------------------------------------------------
| Design Timing Summary
| ---------------------
------------------------------------------------------------------------------------------------

    WNS(ns)      TNS(ns)  TNS Failing Endpoints  TNS Total Endpoints      WHS(ns)      THS(ns)  THS Failing Endpoints  THS Total Endpoints     WPWS(ns)     TPWS(ns)  TPWS Failing Endpoints  TPWS Total Endpoints  
    -------      -------  ---------------------  -------------------      -------      -------  ---------------------  -------------------     --------     --------  ----------------------  --------------------  
     -1.361      -25.621                     34                13550       -0.077     -222.359                   4430                13550        4.725        0.000                       0                  5726  


Timing constraints are not met.


------------------------------------------------------------------------------------------------
| Clock Summary
| -------------
------------------------------------------------------------------------------------------------

Clock       Waveform(ns)       Period(ns)      Frequency(MHz)
-----       ------------       ----------      --------------
S_AXI_ACLK  {0.000 5.000}      10.000          100.000         


------------------------------------------------------------------------------------------------
| Intra Clock Table
| -----------------
------------------------------------------------------------------------------------------------

Clock             WNS(ns)      TNS(ns)  TNS Failing Endpoints  TNS Total Endpoints      WHS(ns)      THS(ns)  THS Failing Endpoints  THS Total Endpoints     WPWS(ns)     TPWS(ns)  TPWS Failing Endpoints  TPWS Total Endpoints  
-----             -------      -------  ---------------------  -------------------      -------      -------  ---------------------  -------------------     --------     --------  ----------------------  --------------------  
S_AXI_ACLK         -1.361      -25.621                     34                13550       -0.077     -222.359                   4430                13550        4.725        0.000                       0                  5726  


------------------------------------------------------------------------------------------------
| Inter Clock Table
| -----------------
------------------------------------------------------------------------------------------------

From Clock    To Clock          WNS(ns)      TNS(ns)  TNS Failing Endpoints  TNS Total Endpoints      WHS(ns)      THS(ns)  THS Failing Endpoints  THS Total Endpoints  
----------    --------          -------      -------  ---------------------  -------------------      -------      -------  ---------------------  -------------------  


------------------------------------------------------------------------------------------------
| Other Path Groups Table
| -----------------------
------------------------------------------------------------------------------------------------

Path Group    From Clock    To Clock          WNS(ns)      TNS(ns)  TNS Failing Endpoints  TNS Total Endpoints      WHS(ns)      THS(ns)  THS Failing Endpoints  THS Total Endpoints  
----------    ----------    --------          -------      -------  ---------------------  -------------------      -------      -------  ---------------------  -------------------  


------------------------------------------------------------------------------------------------
| User Ignored Path Table
| -----------------------
------------------------------------------------------------------------------------------------

Path Group    From Clock    To Clock    
----------    ----------    --------    


------------------------------------------------------------------------------------------------
| Unconstrained Path Table
| ------------------------
------------------------------------------------------------------------------------------------

Path Group    From Clock    To Clock    
----------    ----------    --------    
(none)        S_AXI_ACLK                  
(none)                      S_AXI_ACLK    


------------------------------------------------------------------------------------------------
| Timing Details
| --------------
------------------------------------------------------------------------------------------------


---------------------------------------------------------------------------------------------------
From Clock:  S_AXI_ACLK
  To Clock:  S_AXI_ACLK

Setup :           34  Failing Endpoints,  Worst Slack       -1.361ns,  Total Violation      -25.621ns
Hold  :         4430  Failing Endpoints,  Worst Slack       -0.077ns,  Total Violation     -222.359ns
PW    :            0  Failing Endpoints,  Worst Slack        4.725ns,  Total Violation        0.000ns
---------------------------------------------------------------------------------------------------


Max Delay Paths
--------------------------------------------------------------------------------------
Slack (VIOLATED) :        -1.361ns  (required time - arrival time)
  Source:                 u_axi_slave/slv_reg3_reg[5]/C
                            (rising edge-triggered cell FDRE clocked by S_AXI_ACLK  {rise@0.000ns fall@5.000ns period=10.000ns})
  Destination:            u_preprocessor/pred_data_out_reg[pred_accel_y_1][11]/D
                            (rising edge-triggered cell FDRE clocked by S_AXI_ACLK  {rise@0.000ns fall@5.000ns period=10.000ns})
  Path Group:             S_AXI_ACLK
  Path Type:              Setup (Max at Slow Process Corner)
  Requirement:            10.000ns  (S_AXI_ACLK rise@10.000ns - S_AXI_ACLK rise@0.000ns)
  Data Path Delay:        11.208ns  (logic 7.284ns (64.989%)  route 3.924ns (35.011%))
  Logic Levels:           34  (CARRY8=3 DSP_A_B_DATA=3 DSP_ALU=3 DSP_M_DATA=3 DSP_MULTIPLIER=3 DSP_OUTPUT=3 DSP_PREADD_DATA=3 LUT2=1 LUT3=1 LUT5=3 LUT6=8)
  Clock Path Skew:        -0.145ns (DCD - SCD + CPR)
    Destination Clock Delay (DCD):    2.878ns = ( 12.878 - 10.000 ) 
    Source Clock Delay      (SCD):    3.323ns
    Clock Pessimism Removal (CPR):    0.300ns
  Clock Uncertainty:      0.035ns  ((TSJ^2 + TIJ^2)^1/2 + DJ) / 2 + PE
    Total System Jitter     (TSJ):    0.071ns
    Total Input Jitter      (TIJ):    0.000ns
    Discrete Jitter          (DJ):    0.000ns
    Phase Error              (PE):    0.000ns

    Location             Delay type                Incr(ns)  Path(ns)    Netlist Resource(s)
  -------------------------------------------------------------------    -------------------
                         (clock S_AXI_ACLK rise edge)
                                                      0.000     0.000 r  
                                                      0.000     0.000 r  S_AXI_ACLK (IN)
                         net (fo=0)                   0.000     0.000    S_AXI_ACLK_IBUF_inst/I
                         INBUF (Prop_INBUF_PAD_O)     0.542     0.542 r  S_AXI_ACLK_IBUF_inst/INBUF_INST/O
                         net (fo=1, unplaced)         0.000     0.542    S_AXI_ACLK_IBUF_inst/OUT
                         IBUFCTRL (Prop_IBUFCTRL_I_O)
                                                      0.000     0.542 r  S_AXI_ACLK_IBUF_inst/IBUFCTRL_INST/O
                         net (fo=1, unplaced)         0.169     0.711    S_AXI_ACLK_IBUF
                         BUFGCE (Prop_BUFGCE_I_O)     0.028     0.739 r  S_AXI_ACLK_IBUF_BUFG_inst/O
                         net (fo=5786, unplaced)      2.584     3.323    u_axi_slave/CLK
                         FDRE                                         r  u_axi_slave/slv_reg3_reg[5]/C
  -------------------------------------------------------------------    -------------------
                         FDRE (Prop_FDRE_C_Q)         0.093     3.416 f  u_axi_slave/slv_reg3_reg[5]/Q
                         net (fo=11, unplaced)        0.212     3.628    u_axi_slave/sim_data_out[incline_x][5]
                         LUT6 (Prop_LUT6_I0_O)        0.179     3.807 f  u_axi_slave/g0_b0__3_i_6/O
                         net (fo=7, unplaced)         0.239     4.046    u_axi_slave/g0_b0__3_i_6_n_0
                         LUT6 (Prop_LUT6_I3_O)        0.040     4.086 f  u_axi_slave/g0_b0__3_i_10/O
                         net (fo=2, unplaced)         0.214     4.300    u_axi_slave/g0_b0__3_i_10_n_0
                         LUT6 (Prop_LUT6_I3_O)        0.040     4.340 r  u_axi_slave/consistency_cnt[31]_i_24__15/O
                         net (fo=3, unplaced)         0.165     4.505    u_axi_slave/consistency_cnt[31]_i_24__15_n_0
                         LUT6 (Prop_LUT6_I0_O)        0.100     4.605 r  u_axi_slave/g0_b0__3_i_7/O
                         net (fo=11, unplaced)        0.249     4.854    u_axi_slave/g0_b0__3_i_7_n_0
                         LUT5 (Prop_LUT5_I4_O)        0.040     4.894 r  u_axi_slave/g0_b0__3_i_1/O
                         net (fo=81, unplaced)        0.242     5.136    u_axi_slave/g0_b0__3_i_1_n_0
                         LUT5 (Prop_LUT5_I0_O)        0.171     5.307 r  u_axi_slave/g0_b1__3/O
                         net (fo=6, unplaced)         0.236     5.543    u_axi_slave/slv_reg3_reg[7]_0[1]
                         LUT6 (Prop_LUT6_I5_O)        0.039     5.582 r  u_axi_slave/g0_b1__4__0/O
                         net (fo=1, unplaced)         0.025     5.607    u_axi_slave/g0_b1__4__0_n_0
                         CARRY8 (Prop_CARRY8_S[1]_CO[7])
                                                      0.245     5.852 r  u_axi_slave/p_0_out__3_i_9/CO[7]
                         net (fo=1, unplaced)         0.007     5.859    u_axi_slave/p_0_out__3_i_9_n_0
                         CARRY8 (Prop_CARRY8_CI_O[0])
                                                      0.072     5.931 f  u_axi_slave/p_0_out__3_i_8/O[0]
                         net (fo=1, unplaced)         0.262     6.193    u_preprocessor/p_0_out__3/A[8]
                         DSP_A_B_DATA (Prop_DSP_A_B_DATA_A[8]_A2_DATA[8])
                                                      0.241     6.434 r  u_preprocessor/p_0_out__3/DSP_A_B_DATA_INST/A2_DATA[8]
                         net (fo=1, unplaced)         0.000     6.434    u_preprocessor/p_0_out__3/DSP_A_B_DATA.A2_DATA<8>
                         DSP_PREADD_DATA (Prop_DSP_PREADD_DATA_A2_DATA[8]_A2A1[8])
                                                      0.098     6.532 r  u_preprocessor/p_0_out__3/DSP_PREADD_DATA_INST/A2A1[8]
                         net (fo=1, unplaced)         0.000     6.532    u_preprocessor/p_0_out__3/DSP_PREADD_DATA.A2A1<8>
                         DSP_MULTIPLIER (Prop_DSP_MULTIPLIER_A2A1[8]_U[9])
                                                      0.647     7.179 f  u_preprocessor/p_0_out__3/DSP_MULTIPLIER_INST/U[9]
                         net (fo=1, unplaced)         0.000     7.179    u_preprocessor/p_0_out__3/DSP_MULTIPLIER.U<9>
                         DSP_M_DATA (Prop_DSP_M_DATA_U[9]_U_DATA[9])
                                                      0.059     7.238 r  u_preprocessor/p_0_out__3/DSP_M_DATA_INST/U_DATA[9]
                         net (fo=1, unplaced)         0.000     7.238    u_preprocessor/p_0_out__3/DSP_M_DATA.U_DATA<9>
                         DSP_ALU (Prop_DSP_ALU_U_DATA[9]_ALU_OUT[9])
                                                      0.699     7.937 f  u_preprocessor/p_0_out__3/DSP_ALU_INST/ALU_OUT[9]
                         net (fo=1, unplaced)         0.000     7.937    u_preprocessor/p_0_out__3/DSP_ALU.ALU_OUT<9>
                         DSP_OUTPUT (Prop_DSP_OUTPUT_ALU_OUT[9]_P[9])
                                                      0.141     8.078 r  u_preprocessor/p_0_out__3/DSP_OUTPUT_INST/P[9]
                         net (fo=3, unplaced)         0.265     8.343    u_axi_slave/p_0_out__4_i_8_0[2]
                         LUT6 (Prop_LUT6_I1_O)        0.179     8.522 r  u_axi_slave/p_0_out__4_i_21/O
                         net (fo=3, unplaced)         0.220     8.742    u_axi_slave/p_0_out__4_i_21_n_0
                         LUT6 (Prop_LUT6_I5_O)        0.040     8.782 f  u_axi_slave/p_0_out__4_i_19/O
                         net (fo=4, unplaced)         0.226     9.008    u_axi_slave/p_0_out__4_i_19_n_0
                         LUT5 (Prop_LUT5_I3_O)        0.040     9.048 r  u_axi_slave/p_0_out__4_i_15/O
                         net (fo=3, unplaced)         0.220     9.268    u_axi_slave/p_0_out__4_i_15_n_0
                         LUT6 (Prop_LUT6_I0_O)        0.040     9.308 r  u_axi_slave/p_0_out__4_i_14/O
                         net (fo=2, unplaced)         0.214     9.522    u_axi_slave/p_0_out__4_i_14_n_0
                         LUT3 (Prop_LUT3_I2_O)        0.040     9.562 f  u_axi_slave/p_0_out__4_i_1/O
                         net (fo=19, unplaced)        0.300     9.862    u_preprocessor/p_0_out__4/A[16]
                         DSP_A_B_DATA (Prop_DSP_A_B_DATA_A[16]_A2_DATA[16])
                                                      0.241    10.103 r  u_preprocessor/p_0_out__4/DSP_A_B_DATA_INST/A2_DATA[16]
                         net (fo=1, unplaced)         0.000    10.103    u_preprocessor/p_0_out__4/DSP_A_B_DATA.A2_DATA<16>
                         DSP_PREADD_DATA (Prop_DSP_PREADD_DATA_A2_DATA[16]_A2A1[16])
                                                      0.098    10.201 r  u_preprocessor/p_0_out__4/DSP_PREADD_DATA_INST/A2A1[16]
                         net (fo=1, unplaced)         0.000    10.201    u_preprocessor/p_0_out__4/DSP_PREADD_DATA.A2A1<16>
                         DSP_MULTIPLIER (Prop_DSP_MULTIPLIER_A2A1[16]_U[22])
                                                      0.647    10.848 f  u_preprocessor/p_0_out__4/DSP_MULTIPLIER_INST/U[22]
                         net (fo=1, unplaced)         0.000    10.848    u_preprocessor/p_0_out__4/DSP_MULTIPLIER.U<22>
                         DSP_M_DATA (Prop_DSP_M_DATA_U[22]_U_DATA[22])
                                                      0.059    10.907 r  u_preprocessor/p_0_out__4/DSP_M_DATA_INST/U_DATA[22]
                         net (fo=1, unplaced)         0.000    10.907    u_preprocessor/p_0_out__4/DSP_M_DATA.U_DATA<22>
                         DSP_ALU (Prop_DSP_ALU_U_DATA[22]_ALU_OUT[22])
                                                      0.699    11.606 r  u_preprocessor/p_0_out__4/DSP_ALU_INST/ALU_OUT[22]
                         net (fo=1, unplaced)         0.000    11.606    u_preprocessor/p_0_out__4/DSP_ALU.ALU_OUT<22>
                         DSP_OUTPUT (Prop_DSP_OUTPUT_ALU_OUT[22]_P[22])
                                                      0.141    11.747 f  u_preprocessor/p_0_out__4/DSP_OUTPUT_INST/P[22]
                         net (fo=8, unplaced)         0.316    12.063    u_preprocessor/p_0_out__6/A[24]
                         DSP_A_B_DATA (Prop_DSP_A_B_DATA_A[24]_A2_DATA[24])
                                                      0.241    12.304 r  u_preprocessor/p_0_out__6/DSP_A_B_DATA_INST/A2_DATA[24]
                         net (fo=1, unplaced)         0.000    12.304    u_preprocessor/p_0_out__6/DSP_A_B_DATA.A2_DATA<24>
                         DSP_PREADD_DATA (Prop_DSP_PREADD_DATA_A2_DATA[24]_A2A1[24])
                                                      0.098    12.402 r  u_preprocessor/p_0_out__6/DSP_PREADD_DATA_INST/A2A1[24]
                         net (fo=1, unplaced)         0.000    12.402    u_preprocessor/p_0_out__6/DSP_PREADD_DATA.A2A1<24>
                         DSP_MULTIPLIER (Prop_DSP_MULTIPLIER_A2A1[24]_U[29])
                                                      0.647    13.049 f  u_preprocessor/p_0_out__6/DSP_MULTIPLIER_INST/U[29]
                         net (fo=1, unplaced)         0.000    13.049    u_preprocessor/p_0_out__6/DSP_MULTIPLIER.U<29>
                         DSP_M_DATA (Prop_DSP_M_DATA_U[29]_U_DATA[29])
                                                      0.059    13.108 r  u_preprocessor/p_0_out__6/DSP_M_DATA_INST/U_DATA[29]
                         net (fo=1, unplaced)         0.000    13.108    u_preprocessor/p_0_out__6/DSP_M_DATA.U_DATA<29>
                         DSP_ALU (Prop_DSP_ALU_U_DATA[29]_ALU_OUT[29])
                                                      0.699    13.807 f  u_preprocessor/p_0_out__6/DSP_ALU_INST/ALU_OUT[29]
                         net (fo=1, unplaced)         0.000    13.807    u_preprocessor/p_0_out__6/DSP_ALU.ALU_OUT<29>
                         DSP_OUTPUT (Prop_DSP_OUTPUT_ALU_OUT[29]_P[29])
                                                      0.141    13.948 r  u_preprocessor/p_0_out__6/DSP_OUTPUT_INST/P[29]
                         net (fo=2, unplaced)         0.252    14.200    u_preprocessor/grav_y[9]
                         LUT2 (Prop_LUT2_I1_O)        0.062    14.262 r  u_preprocessor/pred_data_out[pred_accel_y_1][11]_i_6/O
                         net (fo=1, unplaced)         0.030    14.292    u_preprocessor/pred_data_out[pred_accel_y_1][11]_i_6_n_0
                         CARRY8 (Prop_CARRY8_S[2]_O[4])
                                                      0.209    14.501 r  u_preprocessor/pred_data_out_reg[pred_accel_y_1][11]_i_1/O[4]
                         net (fo=1, unplaced)         0.030    14.531    u_preprocessor/pred_data_out_reg[pred_accel_y_1][11]_i_1_n_11
                         FDRE                                         r  u_preprocessor/pred_data_out_reg[pred_accel_y_1][11]/D
  -------------------------------------------------------------------    -------------------

                         (clock S_AXI_ACLK rise edge)
                                                     10.000    10.000 r  
                                                      0.000    10.000 r  S_AXI_ACLK (IN)
                         net (fo=0)                   0.000    10.000    S_AXI_ACLK_IBUF_inst/I
                         INBUF (Prop_INBUF_PAD_O)     0.275    10.275 r  S_AXI_ACLK_IBUF_inst/INBUF_INST/O
                         net (fo=1, unplaced)         0.000    10.275    S_AXI_ACLK_IBUF_inst/OUT
                         IBUFCTRL (Prop_IBUFCTRL_I_O)
                                                      0.000    10.275 r  S_AXI_ACLK_IBUF_inst/IBUFCTRL_INST/O
                         net (fo=1, unplaced)         0.140    10.415    S_AXI_ACLK_IBUF
                         BUFGCE (Prop_BUFGCE_I_O)     0.024    10.439 r  S_AXI_ACLK_IBUF_BUFG_inst/O
                         net (fo=5786, unplaced)      2.439    12.878    u_preprocessor/CLK
                         FDRE                                         r  u_preprocessor/pred_data_out_reg[pred_accel_y_1][11]/C
                         clock pessimism              0.300    13.178    
                         clock uncertainty           -0.035    13.143    
                         FDRE (Setup_FDRE_C_D)        0.027    13.170    u_preprocessor/pred_data_out_reg[pred_accel_y_1][11]
  -------------------------------------------------------------------
                         required time                         13.170    
                         arrival time                         -14.531    
  -------------------------------------------------------------------
                         slack                                 -1.361    





Min Delay Paths
--------------------------------------------------------------------------------------
Slack (VIOLATED) :        -0.077ns  (arrival time - required time)
  Source:                 u_sensor_reliability/u_mask_20s_approach_speed/consistency_mask_20s_approach_speed_cnt_reg[0]/C
                            (rising edge-triggered cell FDRE clocked by S_AXI_ACLK  {rise@0.000ns fall@5.000ns period=10.000ns})
  Destination:            u_sensor_reliability/u_mask_20s_approach_speed/consistency_mask_20s_approach_speed_cnt_reg[1]/D
                            (rising edge-triggered cell FDRE clocked by S_AXI_ACLK  {rise@0.000ns fall@5.000ns period=10.000ns})
  Path Group:             S_AXI_ACLK
  Path Type:              Hold (Min at Fast Process Corner)
  Requirement:            0.000ns  (S_AXI_ACLK rise@0.000ns - S_AXI_ACLK rise@0.000ns)
  Data Path Delay:        0.114ns  (logic 0.085ns (74.561%)  route 0.029ns (25.439%))
  Logic Levels:           1  (CARRY8=1)
  Clock Path Skew:        0.145ns (DCD - SCD - CPR)
    Destination Clock Delay (DCD):    1.696ns
    Source Clock Delay      (SCD):    1.347ns
    Clock Pessimism Removal (CPR):    0.204ns

    Location             Delay type                Incr(ns)  Path(ns)    Netlist Resource(s)
  -------------------------------------------------------------------    -------------------
                         (clock S_AXI_ACLK rise edge)
                                                      0.000     0.000 r  
                                                      0.000     0.000 r  S_AXI_ACLK (IN)
                         net (fo=0)                   0.000     0.000    S_AXI_ACLK_IBUF_inst/I
                         INBUF (Prop_INBUF_PAD_O)     0.150     0.150 r  S_AXI_ACLK_IBUF_inst/INBUF_INST/O
                         net (fo=1, unplaced)         0.000     0.150    S_AXI_ACLK_IBUF_inst/OUT
                         IBUFCTRL (Prop_IBUFCTRL_I_O)
                                                      0.000     0.150 r  S_AXI_ACLK_IBUF_inst/IBUFCTRL_INST/O
                         net (fo=1, unplaced)         0.066     0.216    S_AXI_ACLK_IBUF
                         BUFGCE (Prop_BUFGCE_I_O)     0.017     0.233 r  S_AXI_ACLK_IBUF_BUFG_inst/O
                         net (fo=5786, unplaced)      1.114     1.347    u_sensor_reliability/u_mask_20s_approach_speed/CLK
                         FDRE                                         r  u_sensor_reliability/u_mask_20s_approach_speed/consistency_mask_20s_approach_speed_cnt_reg[0]/C
  -------------------------------------------------------------------    -------------------
                         FDRE (Prop_FDRE_C_Q)         0.038     1.385 r  u_sensor_reliability/u_mask_20s_approach_speed/consistency_mask_20s_approach_speed_cnt_reg[0]/Q
                         net (fo=3, unplaced)         0.022     1.407    u_sensor_reliability/u_mask_20s_approach_speed/consistency_mask_20s_approach_speed_cnt_reg_n_0_[0]
                         CARRY8 (Prop_CARRY8_CI_O[0])
                                                      0.047     1.454 r  u_sensor_reliability/u_mask_20s_approach_speed/consistency_mask_20s_approach_speed_cnt_reg[7]_i_1/O[0]
                         net (fo=1, unplaced)         0.007     1.461    u_sensor_reliability/u_mask_20s_approach_speed/consistency_mask_20s_approach_speed_cnt_reg[7]_i_1_n_15
                         FDRE                                         r  u_sensor_reliability/u_mask_20s_approach_speed/consistency_mask_20s_approach_speed_cnt_reg[1]/D
  -------------------------------------------------------------------    -------------------

                         (clock S_AXI_ACLK rise edge)
                                                      0.000     0.000 r  
                                                      0.000     0.000 r  S_AXI_ACLK (IN)
                         net (fo=0)                   0.000     0.000    S_AXI_ACLK_IBUF_inst/I
                         INBUF (Prop_INBUF_PAD_O)     0.335     0.335 r  S_AXI_ACLK_IBUF_inst/INBUF_INST/O
                         net (fo=1, unplaced)         0.000     0.335    S_AXI_ACLK_IBUF_inst/OUT
                         IBUFCTRL (Prop_IBUFCTRL_I_O)
                                                      0.000     0.335 r  S_AXI_ACLK_IBUF_inst/IBUFCTRL_INST/O
                         net (fo=1, unplaced)         0.083     0.418    S_AXI_ACLK_IBUF
                         BUFGCE (Prop_BUFGCE_I_O)     0.019     0.437 r  S_AXI_ACLK_IBUF_BUFG_inst/O
                         net (fo=5786, unplaced)      1.259     1.696    u_sensor_reliability/u_mask_20s_approach_speed/CLK
                         FDRE                                         r  u_sensor_reliability/u_mask_20s_approach_speed/consistency_mask_20s_approach_speed_cnt_reg[1]/C
                         clock pessimism             -0.204     1.492    
                         FDRE (Hold_FDRE_C_D)         0.046     1.538    u_sensor_reliability/u_mask_20s_approach_speed/consistency_mask_20s_approach_speed_cnt_reg[1]
  -------------------------------------------------------------------
                         required time                         -1.538    
                         arrival time                           1.461    
  -------------------------------------------------------------------
                         slack                                 -0.077    





Pulse Width Checks
--------------------------------------------------------------------------------------
Clock Name:         S_AXI_ACLK
Waveform(ns):       { 0.000 5.000 }
Period(ns):         10.000
Sources:            { S_AXI_ACLK }

Check Type        Corner  Lib Pin   Reference Pin  Required(ns)  Actual(ns)  Slack(ns)  Location  Pin
Min Period        n/a     BUFGCE/I  n/a            1.499         10.000      8.501                S_AXI_ACLK_IBUF_BUFG_inst/I
Low Pulse Width   Slow    FDSE/C    n/a            0.275         5.000       4.725                u_axi_slave/aw_en_reg/C
High Pulse Width  Slow    FDSE/C    n/a            0.275         5.000       4.725                u_axi_slave/aw_en_reg/C



--------------------------------------------------------------------------------------
Path Group:  (none)
From Clock:  S_AXI_ACLK
  To Clock:  

Max Delay            37 Endpoints
Min Delay            37 Endpoints
--------------------------------------------------------------------------------------


Max Delay Paths
--------------------------------------------------------------------------------------
Slack:                    inf
  Source:                 u_axi_slave/axi_awready_reg/C
                            (rising edge-triggered cell FDRE clocked by S_AXI_ACLK  {rise@0.000ns fall@5.000ns period=10.000ns})
  Destination:            S_AXI_AWREADY
                            (output port)
  Path Group:             (none)
  Path Type:              Max at Slow Process Corner
  Data Path Delay:        1.805ns  (logic 1.051ns (58.227%)  route 0.754ns (41.773%))
  Logic Levels:           1  (OBUF=1)
  Clock Uncertainty:      0.025ns  ((TSJ^2 + TIJ^2)^1/2 + DJ) / 2 + PE
    Total System Jitter     (TSJ):    0.050ns
    Total Input Jitter      (TIJ):    0.000ns
    Discrete Jitter          (DJ):    0.000ns
    Phase Error              (PE):    0.000ns

    Location             Delay type                Incr(ns)  Path(ns)    Netlist Resource(s)
  -------------------------------------------------------------------    -------------------
                         (clock S_AXI_ACLK rise edge)
                                                      0.000     0.000 r  
                                                      0.000     0.000 r  S_AXI_ACLK (IN)
                         net (fo=0)                   0.000     0.000    S_AXI_ACLK_IBUF_inst/I
                         INBUF (Prop_INBUF_PAD_O)     0.542     0.542 r  S_AXI_ACLK_IBUF_inst/INBUF_INST/O
                         net (fo=1, unplaced)         0.000     0.542    S_AXI_ACLK_IBUF_inst/OUT
                         IBUFCTRL (Prop_IBUFCTRL_I_O)
                                                      0.000     0.542 r  S_AXI_ACLK_IBUF_inst/IBUFCTRL_INST/O
                         net (fo=1, unplaced)         0.169     0.711    S_AXI_ACLK_IBUF
                         BUFGCE (Prop_BUFGCE_I_O)     0.028     0.739 r  S_AXI_ACLK_IBUF_BUFG_inst/O
                         net (fo=5786, unplaced)      2.584     3.323    u_axi_slave/CLK
                         FDRE                                         r  u_axi_slave/axi_awready_reg/C
  -------------------------------------------------------------------    -------------------
                         FDRE (Prop_FDRE_C_Q)         0.093     3.416 r  u_axi_slave/axi_awready_reg/Q
                         net (fo=5, unplaced)         0.754     4.170    S_AXI_AWREADY_OBUF
                         OBUF (Prop_OBUF_I_O)         0.958     5.128 r  S_AXI_AWREADY_OBUF_inst/O
                         net (fo=0)                   0.000     5.128    S_AXI_AWREADY
                                                                      r  S_AXI_AWREADY (OUT)
  -------------------------------------------------------------------    -------------------





Min Delay Paths
--------------------------------------------------------------------------------------
Slack:                    inf
  Source:                 u_axi_slave/axi_rdata_reg[0]/C
                            (rising edge-triggered cell FDRE clocked by S_AXI_ACLK  {rise@0.000ns fall@5.000ns period=10.000ns})
  Destination:            S_AXI_RDATA[0]
                            (output port)
  Path Group:             (none)
  Path Type:              Min at Fast Process Corner
  Data Path Delay:        0.773ns  (logic 0.422ns (54.594%)  route 0.351ns (45.406%))
  Logic Levels:           1  (OBUF=1)
  Clock Uncertainty:      0.025ns  ((TSJ^2 + TIJ^2)^1/2 + DJ) / 2 + PE
    Total System Jitter     (TSJ):    0.050ns
    Total Input Jitter      (TIJ):    0.000ns
    Discrete Jitter          (DJ):    0.000ns
    Phase Error              (PE):    0.000ns

    Location             Delay type                Incr(ns)  Path(ns)    Netlist Resource(s)
  -------------------------------------------------------------------    -------------------
                         (clock S_AXI_ACLK rise edge)
                                                      0.000     0.000 r  
                                                      0.000     0.000 r  S_AXI_ACLK (IN)
                         net (fo=0)                   0.000     0.000    S_AXI_ACLK_IBUF_inst/I
                         INBUF (Prop_INBUF_PAD_O)     0.150     0.150 r  S_AXI_ACLK_IBUF_inst/INBUF_INST/O
                         net (fo=1, unplaced)         0.000     0.150    S_AXI_ACLK_IBUF_inst/OUT
                         IBUFCTRL (Prop_IBUFCTRL_I_O)
                                                      0.000     0.150 r  S_AXI_ACLK_IBUF_inst/IBUFCTRL_INST/O
                         net (fo=1, unplaced)         0.066     0.216    S_AXI_ACLK_IBUF
                         BUFGCE (Prop_BUFGCE_I_O)     0.017     0.233 r  S_AXI_ACLK_IBUF_BUFG_inst/O
                         net (fo=5786, unplaced)      1.114     1.347    u_axi_slave/CLK
                         FDRE                                         r  u_axi_slave/axi_rdata_reg[0]/C
  -------------------------------------------------------------------    -------------------
                         FDRE (Prop_FDRE_C_Q)         0.038     1.385 r  u_axi_slave/axi_rdata_reg[0]/Q
                         net (fo=1, unplaced)         0.351     1.736    S_AXI_RDATA_OBUF[0]
                         OBUF (Prop_OBUF_I_O)         0.384     2.120 r  S_AXI_RDATA_OBUF[0]_inst/O
                         net (fo=0)                   0.000     2.120    S_AXI_RDATA[0]
                                                                      r  S_AXI_RDATA[0] (OUT)
  -------------------------------------------------------------------    -------------------





--------------------------------------------------------------------------------------
Path Group:  (none)
From Clock:  
  To Clock:  S_AXI_ACLK

Max Delay          6415 Endpoints
Min Delay          6415 Endpoints
--------------------------------------------------------------------------------------


Max Delay Paths
--------------------------------------------------------------------------------------
Slack:                    inf
  Source:                 u_risk_control/p_0_out__1/DSP_A_B_DATA_INST/B2_DATA[17]
                            (internal pin)
  Destination:            u_risk_control/sim_data_out_reg[accelerator][0]/D
                            (rising edge-triggered cell FDRE clocked by S_AXI_ACLK  {rise@0.000ns fall@5.000ns period=10.000ns})
  Path Group:             (none)
  Path Type:              Setup (Max at Slow Process Corner)
  Data Path Delay:        4.802ns  (logic 2.610ns (54.352%)  route 2.192ns (45.648%))
  Logic Levels:           15  (CARRY8=1 DSP_ALU=1 DSP_M_DATA=1 DSP_MULTIPLIER=1 DSP_OUTPUT=1 DSP_PREADD_DATA=1 LUT3=1 LUT4=1 LUT5=2 LUT6=5)
  Clock Uncertainty:      0.025ns  ((TSJ^2 + TIJ^2)^1/2 + DJ) / 2 + PE
    Total System Jitter     (TSJ):    0.050ns
    Total Input Jitter      (TIJ):    0.000ns
    Discrete Jitter          (DJ):    0.000ns
    Phase Error              (PE):    0.000ns

    Location             Delay type                Incr(ns)  Path(ns)    Netlist Resource(s)
  -------------------------------------------------------------------    -------------------
                         DSP_A_B_DATA                 0.000     0.000 r  u_risk_control/p_0_out__1/DSP_A_B_DATA_INST/B2_DATA[17]
                         net (fo=1, unplaced)         0.000     0.000    u_risk_control/p_0_out__1/DSP_A_B_DATA.B2_DATA<17>
                         DSP_PREADD_DATA (Prop_DSP_PREADD_DATA_B2_DATA[17]_B2B1[17])
                                                      0.092     0.092 r  u_risk_control/p_0_out__1/DSP_PREADD_DATA_INST/B2B1[17]
                         net (fo=1, unplaced)         0.000     0.092    u_risk_control/p_0_out__1/DSP_PREADD_DATA.B2B1<17>
                         DSP_MULTIPLIER (Prop_DSP_MULTIPLIER_B2B1[17]_U[21])
                                                      0.737     0.829 f  u_risk_control/p_0_out__1/DSP_MULTIPLIER_INST/U[21]
                         net (fo=1, unplaced)         0.000     0.829    u_risk_control/p_0_out__1/DSP_MULTIPLIER.U<21>
                         DSP_M_DATA (Prop_DSP_M_DATA_U[21]_U_DATA[21])
                                                      0.059     0.888 r  u_risk_control/p_0_out__1/DSP_M_DATA_INST/U_DATA[21]
                         net (fo=1, unplaced)         0.000     0.888    u_risk_control/p_0_out__1/DSP_M_DATA.U_DATA<21>
                         DSP_ALU (Prop_DSP_ALU_U_DATA[21]_ALU_OUT[21])
                                                      0.699     1.587 r  u_risk_control/p_0_out__1/DSP_ALU_INST/ALU_OUT[21]
                         net (fo=1, unplaced)         0.000     1.587    u_risk_control/p_0_out__1/DSP_ALU.ALU_OUT<21>
                         DSP_OUTPUT (Prop_DSP_OUTPUT_ALU_OUT[21]_P[21])
                                                      0.141     1.728 f  u_risk_control/p_0_out__1/DSP_OUTPUT_INST/P[21]
                         net (fo=7, unplaced)         0.272     2.000    u_risk_types/sim_data_out_reg[accelerator][3]_i_11_0[5]
                         LUT4 (Prop_LUT4_I1_O)        0.136     2.136 r  u_risk_types/sim_data_out[accelerator][3]_i_27/O
                         net (fo=1, unplaced)         0.280     2.416    u_risk_types/sim_data_out[accelerator][3]_i_27_n_0
                         CARRY8 (Prop_CARRY8_DI[2]_CO[3])
                                                      0.169     2.585 r  u_risk_types/sim_data_out_reg[accelerator][3]_i_11/CO[3]
                         net (fo=13, unplaced)        0.142     2.727    u_risk_types/sim_data_out_reg[speed_x][13]_0[0]
                         LUT3 (Prop_LUT3_I1_O)        0.100     2.827 r  u_risk_types/sim_data_out[accelerator][0]_i_4/O
                         net (fo=5, unplaced)         0.232     3.059    u_risk_types/sim_data_out[accelerator][0]_i_4_n_0
                         LUT6 (Prop_LUT6_I5_O)        0.040     3.099 r  u_risk_types/sim_data_out[accelerator][2]_i_13/O
                         net (fo=4, unplaced)         0.173     3.272    u_risk_types/sim_data_out[accelerator][2]_i_13_n_0
                         LUT6 (Prop_LUT6_I0_O)        0.116     3.388 r  u_risk_types/sim_data_out[accelerator][1]_i_4/O
                         net (fo=3, unplaced)         0.167     3.555    u_risk_types/sim_data_out[accelerator][1]_i_4_n_0
                         LUT6 (Prop_LUT6_I1_O)        0.116     3.671 r  u_risk_types/sim_data_out[accelerator][2]_i_16/O
                         net (fo=1, unplaced)         0.214     3.885    u_risk_types/sim_data_out[accelerator][2]_i_16_n_0
                         LUT5 (Prop_LUT5_I4_O)        0.085     3.970 f  u_risk_types/sim_data_out[accelerator][2]_i_6/O
                         net (fo=3, unplaced)         0.220     4.190    u_risk_types/sim_data_out[accelerator][2]_i_6_n_0
                         LUT6 (Prop_LUT6_I4_O)        0.040     4.230 r  u_risk_types/sim_data_out[accelerator][2]_i_8/O
                         net (fo=1, unplaced)         0.214     4.444    u_risk_types/sim_data_out[accelerator][2]_i_8_n_0
                         LUT5 (Prop_LUT5_I4_O)        0.040     4.484 r  u_risk_types/sim_data_out[accelerator][2]_i_3/O
                         net (fo=3, unplaced)         0.220     4.704    u_risk_types/sim_data_out[accelerator][2]_i_3_n_0
                         LUT6 (Prop_LUT6_I3_O)        0.040     4.744 r  u_risk_types/sim_data_out[accelerator][0]_i_1/O
                         net (fo=1, unplaced)         0.058     4.802    u_risk_control/sim_data_out_reg[accelerator][3]_1[0]
                         FDRE                                         r  u_risk_control/sim_data_out_reg[accelerator][0]/D
  -------------------------------------------------------------------    -------------------

                         (clock S_AXI_ACLK rise edge)
                                                      0.000     0.000 r  
                                                      0.000     0.000 r  S_AXI_ACLK (IN)
                         net (fo=0)                   0.000     0.000    S_AXI_ACLK_IBUF_inst/I
                         INBUF (Prop_INBUF_PAD_O)     0.275     0.275 r  S_AXI_ACLK_IBUF_inst/INBUF_INST/O
                         net (fo=1, unplaced)         0.000     0.275    S_AXI_ACLK_IBUF_inst/OUT
                         IBUFCTRL (Prop_IBUFCTRL_I_O)
                                                      0.000     0.275 r  S_AXI_ACLK_IBUF_inst/IBUFCTRL_INST/O
                         net (fo=1, unplaced)         0.140     0.415    S_AXI_ACLK_IBUF
                         BUFGCE (Prop_BUFGCE_I_O)     0.024     0.439 r  S_AXI_ACLK_IBUF_BUFG_inst/O
                         net (fo=5786, unplaced)      2.439     2.878    u_risk_control/CLK
                         FDRE                                         r  u_risk_control/sim_data_out_reg[accelerator][0]/C





Min Delay Paths
--------------------------------------------------------------------------------------
Slack:                    inf
  Source:                 S_AXI_BREADY
                            (input port)
  Destination:            u_axi_slave/aw_en_reg/D
                            (rising edge-triggered cell FDSE clocked by S_AXI_ACLK  {rise@0.000ns fall@5.000ns period=10.000ns})
  Path Group:             (none)
  Path Type:              Hold (Min at Fast Process Corner)
  Data Path Delay:        0.453ns  (logic 0.173ns (38.192%)  route 0.280ns (61.808%))
  Logic Levels:           3  (IBUFCTRL=1 INBUF=1 LUT6=1)
  Clock Path Skew:        1.696ns (DCD - SCD - CPR)
    Destination Clock Delay (DCD):    1.696ns
    Source Clock Delay      (SCD):    0.000ns
    Clock Pessimism Removal (CPR):    -0.000ns

    Location             Delay type                Incr(ns)  Path(ns)    Netlist Resource(s)
  -------------------------------------------------------------------    -------------------
                                                      0.000     0.000 r  S_AXI_BREADY (IN)
                         net (fo=0)                   0.000     0.000    S_AXI_BREADY_IBUF_inst/I
                         INBUF (Prop_INBUF_PAD_O)     0.150     0.150 r  S_AXI_BREADY_IBUF_inst/INBUF_INST/O
                         net (fo=1, unplaced)         0.000     0.150    S_AXI_BREADY_IBUF_inst/OUT
                         IBUFCTRL (Prop_IBUFCTRL_I_O)
                                                      0.000     0.150 r  S_AXI_BREADY_IBUF_inst/IBUFCTRL_INST/O
                         net (fo=2, unplaced)         0.264     0.414    u_axi_slave/S_AXI_BREADY_IBUF
                         LUT6 (Prop_LUT6_I4_O)        0.023     0.437 r  u_axi_slave/aw_en_i_1/O
                         net (fo=1, unplaced)         0.016     0.453    u_axi_slave/aw_en_i_1_n_0
                         FDSE                                         r  u_axi_slave/aw_en_reg/D
  -------------------------------------------------------------------    -------------------

                         (clock S_AXI_ACLK rise edge)
                                                      0.000     0.000 r  
                                                      0.000     0.000 r  S_AXI_ACLK (IN)
                         net (fo=0)                   0.000     0.000    S_AXI_ACLK_IBUF_inst/I
                         INBUF (Prop_INBUF_PAD_O)     0.335     0.335 r  S_AXI_ACLK_IBUF_inst/INBUF_INST/O
                         net (fo=1, unplaced)         0.000     0.335    S_AXI_ACLK_IBUF_inst/OUT
                         IBUFCTRL (Prop_IBUFCTRL_I_O)
                                                      0.000     0.335 r  S_AXI_ACLK_IBUF_inst/IBUFCTRL_INST/O
                         net (fo=1, unplaced)         0.083     0.418    S_AXI_ACLK_IBUF
                         BUFGCE (Prop_BUFGCE_I_O)     0.019     0.437 r  S_AXI_ACLK_IBUF_BUFG_inst/O
                         net (fo=5786, unplaced)      1.259     1.696    u_axi_slave/CLK
                         FDSE                                         r  u_axi_slave/aw_en_reg/C





