pygame 2.6.1 (SDL 2.28.4, Python 3.12.9)
Hello from the pygame community. https://www.pygame.org/contribute.html
============================================================
Connecting to CARLA...
============================================================
[Display] Windowed: 1280x720
[System] Pre-rendering engine sounds... (1.0 to 8.0, step 0.1)
[System] 70 engine pitch levels pre-rendered successfully.

[ 사용 가능한 맵 목록 ]
1. Town04
[System] CARLA_MAP=Town04
INFO:  Found the required file in cache!  Carla/Maps/Nav/Town10HD_Opt.bin 

Loading Town04...
INFO:  Found the required file in cache!  Carla/Maps/Nav/Town04.bin 
Waiting for Town04...
Town04 Ready.
INFO:  Found the required file in cache!  Carla/Maps/TM/Town04.bin 
[PL VERIFY] Capture: C:\Users\jiho0\GitProjects\FPGA-Autonomous-Vehicle-Project\CARLA_FPGA_PROJECT\logs\pl_verification\pl_capture_20260813_234448.csv
[PL VERIFY] AXI vectors: C:\Users\jiho0\GitProjects\FPGA-Autonomous-Vehicle-Project\CARLA_FPGA_PROJECT\logs\pl_verification\pl_vectors_20260813_234448.csv
[FPGA] UDP bridge enabled: 192.168.1.10:5001
[Audio] Mixer initialized: freq=44100, format=-16, channels=2
[Audio] Loading sound from: C:\Users\jiho0\GitProjects\FPGA-Autonomous-Vehicle-Project\CARLA_FPGA_PROJECT\assets\sounds\engine_loop.wav
[Audio] Engine sound started successfully.
Vehicle Spawned.

========== CONTROL ==========
M   : AUTO / MANUAL
W   : Throttle / Reverse-Brake
S   : Brake / Reverse-Throttle
A/D : Steering
R   : Restart
F11 : Window / Fullscreen
ESC : Exit
=============================

[SCENARIO] Road surface: DRY
[SCENARIO] Weather=CLEAR, visibility risk=0%, surface=DRY
[SCENARIO] Road roughness: OFF
[*] 최대 지터 갱신! 새로운 gap_max: 62.98 ms (프레임 seq: 2)
[*] 최대 지터 갱신! 새로운 gap_max: 94.98 ms (프레임 seq: 3)
[*] 최대 지터 갱신! 새로운 gap_max: 1047.02 ms (프레임 seq: 155)
[*] 최대 지터 갱신! 새로운 gap_max: 1134.17 ms (프레임 seq: 5624)
[*] 최대 지터 갱신! 새로운 gap_max: 1383.62 ms (프레임 seq: 5635)
INFO:  streaming client: connection failed: 대상 컴퓨터에서 연결을 거부했으므로 연결하지 못했습니다 
INFO:  streaming client: connection failed: 대상 컴퓨터에서 연결을 거부했으므로 연결하지 못했습니다 
INFO:  streaming client: connection failed: 대상 컴퓨터에서 연결을 거부했으므로 연결하지 못했습니다 
INFO:  streaming client: connection failed: 대상 컴퓨터에서 연결을 거부했으므로 연결하지 못했습니다 
INFO:  streaming client: connection failed: 대상 컴퓨터에서 연결을 거부했으므로 연결하지 못했습니다 
INFO:  streaming client: connection failed: 대상 컴퓨터에서 연결을 거부했으므로 연결하지 못했습니다 
INFO:  streaming client: connection failed: 대상 컴퓨터에서 연결을 거부했으므로 연결하지 못했습니다 
INFO:  streaming client: connection failed: 대상 컴퓨터에서 연결을 거부했으므로 연결하지 못했습니다 
INFO:  streaming client: connection failed: 대상 컴퓨터에서 연결을 거부했으므로 연결하지 못했습니다 
INFO:  streaming client: connection failed: 대상 컴퓨터에서 연결을 거부했으므로 연결하지 못했습니다 
INFO:  streaming client: connection failed: 대상 컴퓨터에서 연결을 거부했으므로 연결하지 못했습니다 
INFO:  streaming client: connection failed: 대상 컴퓨터에서 연결을 거부했으므로 연결하지 못했습니다 
INFO:  streaming client: connection failed: 대상 컴퓨터에서 연결을 거부했으므로 연결하지 못했습니다 
INFO:  streaming client: connection failed: 대상 컴퓨터에서 연결을 거부했으므로 연결하지 못했습니다 
INFO:  streaming client: connection failed: 대상 컴퓨터에서 연결을 거부했으므로 연결하지 못했습니다 
INFO:  streaming client: connection failed: 대상 컴퓨터에서 연결을 거부했으므로 연결하지 못했습니다 
