pygame 2.6.1 (SDL 2.28.4, Python 3.12.9)
Hello from the pygame community. https://www.pygame.org/contribute.html
============================================================
Connecting to CARLA...
============================================================
[Display] Windowed: 1280x720
[System] Pre-rendering engine sounds... (1.0 to 8.0, step 0.1)
[System] 70 engine pitch levels pre-rendered successfully.

[ 사용 가능한 맵 목록 ]
1. Town01
2. Town01_Opt
3. Town02
4. Town02_Opt
5. Town03
6. Town03_Opt
7. Town04
8. Town04_Opt
9. Town05
10. Town05_Opt
11. Town10HD
12. Town10HD_Opt
13. AnnotationColorLandscape
[System] CARLA_MAP=Town04

Loading Town04...
INFO:  Found the required file in cache!  Carla/Maps/Nav/Town10HD_Opt.bin 
INFO:  Found the required file in cache!  Carla/Maps/Nav/Town04.bin 
Waiting for Town04...
Town04 Ready.
INFO:  Found the required file in cache!  Carla/Maps/TM/Town04.bin 
[PL VERIFY] Capture: C:\Users\jiho0\GitProjects\FPGA-Autonomous-Vehicle-Project\CARLA_FPGA_PROJECT\logs\pl_verification\pl_capture_20260813_183405.csv
[PL VERIFY] AXI vectors: C:\Users\jiho0\GitProjects\FPGA-Autonomous-Vehicle-Project\CARLA_FPGA_PROJECT\logs\pl_verification\pl_vectors_20260813_183405.csv
[FPGA] UDP bridge enabled: 192.168.1.10:5001
[Audio] Mixer initialized: freq=44100, format=-16, channels=2
[Audio] Loading sound from: C:\Users\jiho0\GitProjects\FPGA-Autonomous-Vehicle-Project\CARLA_FPGA_PROJECT\assets\sounds\engine_loop.wav
[Audio] Engine sound started successfully.
Vehicle Spawned.

========== CONTROL ==========
M   : AUTO / MANUAL
W   : Throttle / Reverse-Brake
S   : Brake / Reverse-Throttle
A/D : Steering
R   : Restart
F11 : Window / Fullscreen
ESC : Exit
=============================

[*] 최대 지터 갱신! 새로운 gap_max: 34.97 ms (프레임 seq: 2)
[*] 최대 지터 갱신! 새로운 gap_max: 86.48 ms (프레임 seq: 3)
[*] 최대 지터 갱신! 새로운 gap_max: 127.28 ms (프레임 seq: 7)
[*] 최대 지터 갱신! 새로운 gap_max: 153.92 ms (프레임 seq: 28)
[*] 최대 지터 갱신! 새로운 gap_max: 180.88 ms (프레임 seq: 38)
[MODE] AUTO
[*] 최대 지터 갱신! 새로운 gap_max: 194.56 ms (프레임 seq: 1221)
[*] 최대 지터 갱신! 새로운 gap_max: 202.17 ms (프레임 seq: 1358)
[*] 최대 지터 갱신! 새로운 gap_max: 214.37 ms (프레임 seq: 1372)
[*] 최대 지터 갱신! 새로운 gap_max: 217.39 ms (프레임 seq: 1433)
[*] 최대 지터 갱신! 새로운 gap_max: 224.72 ms (프레임 seq: 1446)
[*] 최대 지터 갱신! 새로운 gap_max: 225.73 ms (프레임 seq: 1808)
[MODE] AUTO
[*] 최대 지터 갱신! 새로운 gap_max: 241.40 ms (프레임 seq: 2332)
[*] 최대 지터 갱신! 새로운 gap_max: 269.76 ms (프레임 seq: 2363)
[*] 최대 지터 갱신! 새로운 gap_max: 363.92 ms (프레임 seq: 11403)
