pygame 2.6.1 (SDL 2.28.4, Python 3.12.9)
Hello from the pygame community. https://www.pygame.org/contribute.html
============================================================
Connecting to CARLA...
============================================================
[Display] Windowed: 1280x720
[System] Pre-rendering engine sounds... (1.0 to 8.0, step 0.1)
[System] 70 engine pitch levels pre-rendered successfully.

[ 사용 가능한 맵 목록 ]
1. Town04
[System] CARLA_MAP=Town04

Town04 is already loaded; reusing the current world.
Waiting for Town04...
Town04 Ready.
[LIVE VERIFY] RESET before impact_rough
[PL VERIFY] Capture: C:\Users\jiho0\GitProjects\FPGA-Autonomous-Vehicle-Project\CARLA_FPGA_PROJECT\logs\pl_verification\pl_capture_20260814_002920.csv
[PL VERIFY] AXI vectors: C:\Users\jiho0\GitProjects\FPGA-Autonomous-Vehicle-Project\CARLA_FPGA_PROJECT\logs\pl_verification\pl_vectors_20260814_002920.csv
[FPGA] UDP bridge enabled: 192.168.1.10:5001
[Audio] Mixer initialized: freq=44100, format=-16, channels=2
[Audio] Loading sound from: C:\Users\jiho0\GitProjects\FPGA-Autonomous-Vehicle-Project\CARLA_FPGA_PROJECT\assets\sounds\engine_loop.wav
[Audio] Engine sound started successfully.
Vehicle Spawned.

========== CONTROL ==========
M   : AUTO / MANUAL
W   : Throttle / Reverse-Brake
S   : Brake / Reverse-Throttle
A/D : Steering
R   : Restart
F11 : Window / Fullscreen
ESC : Exit
=============================

[SCENARIO] Road surface: DRY
[SCENARIO] Weather=CLEAR, visibility risk=0%, surface=DRY
[SCENARIO] Road roughness: OFF
[*] 최대 지터 갱신! 새로운 gap_max: 120.63 ms (프레임 seq: 2)
[*] 최대 지터 갱신! 새로운 gap_max: 135.54 ms (프레임 seq: 3)
[*] 최대 지터 갱신! 새로운 gap_max: 137.26 ms (프레임 seq: 12)
[*] 최대 지터 갱신! 새로운 gap_max: 150.07 ms (프레임 seq: 18)
[*] 최대 지터 갱신! 새로운 gap_max: 162.17 ms (프레임 seq: 19)
[*] 최대 지터 갱신! 새로운 gap_max: 175.14 ms (프레임 seq: 22)
[LIVE VERIFY] 1/6 impact_rough
[SCENARIO] Road surface: DRY
[SCENARIO] Weather=CLEAR, visibility risk=0%, surface=DRY
[SCENARIO] Road roughness: OFF
[LIVE VERIFY] impact precondition ready: 45.8 km/h
[SCENARIO] Road roughness: 20% (1 strips)
[*] 최대 지터 갱신! 새로운 gap_max: 363.98 ms (프레임 seq: 47)
[LIVE VERIFY] FAIL impact_rough: road_impact=2 expected=1 | road_impact=2 expected=1 | road_impact=2 expected=1 | road_impact=2 expected=1 | road_impact=2 expected=1
[LIVE VERIFY] RESET before impact_severe
[SCENARIO] Road surface: DRY
[SCENARIO] Weather=CLEAR, visibility risk=0%, surface=DRY
[SCENARIO] Road roughness: OFF
[LIVE VERIFY] 2/6 impact_severe
[SCENARIO] Road surface: DRY
[SCENARIO] Weather=CLEAR, visibility risk=0%, surface=DRY
[SCENARIO] Road roughness: OFF
[LIVE VERIFY] impact precondition ready: 48.5 km/h
[SCENARIO] Road roughness: 50% (3 strips)
[LIVE VERIFY] PASS impact_severe: OK
[LIVE VERIFY] RESET before impact_extreme
[SCENARIO] Road surface: DRY
[SCENARIO] Weather=CLEAR, visibility risk=0%, surface=DRY
[SCENARIO] Road roughness: OFF
[LIVE VERIFY] 3/6 impact_extreme
[SCENARIO] Road surface: DRY
[SCENARIO] Weather=CLEAR, visibility risk=0%, surface=DRY
[SCENARIO] Road roughness: OFF
[LIVE VERIFY] impact precondition ready: 48.6 km/h
[SCENARIO] Road roughness: 90% (5 strips)
[LIVE VERIFY] PASS impact_extreme: OK
[LIVE VERIFY] RESET before visibility_dim
[SCENARIO] Road surface: DRY
[SCENARIO] Weather=CLEAR, visibility risk=0%, surface=DRY
[SCENARIO] Road roughness: OFF
[LIVE VERIFY] 4/6 visibility_dim
[SCENARIO] Road surface: DRY
[SCENARIO] Weather=CLEAR, visibility risk=20%, surface=DRY
[SCENARIO] Road roughness: OFF
[LIVE VERIFY] PASS visibility_dim: OK
[LIVE VERIFY] RESET before posture_yaw_danger
[SCENARIO] Road surface: DRY
[SCENARIO] Weather=CLEAR, visibility risk=0%, surface=DRY
[SCENARIO] Road roughness: OFF
[LIVE VERIFY] 5/6 posture_yaw_danger
[SCENARIO] Road surface: DRY
[SCENARIO] Weather=CLEAR, visibility risk=0%, surface=DRY
[SCENARIO] Road roughness: OFF
[LIVE VERIFY] PASS posture_yaw_danger: OK
[LIVE VERIFY] RESET before posture_lateral_danger
[SCENARIO] Road surface: DRY
[SCENARIO] Weather=CLEAR, visibility risk=0%, surface=DRY
[SCENARIO] Road roughness: OFF
[LIVE VERIFY] 6/6 posture_lateral_danger
[SCENARIO] Road surface: DRY
[SCENARIO] Weather=CLEAR, visibility risk=0%, surface=DRY
[SCENARIO] Road roughness: OFF
[LIVE VERIFY] PASS posture_lateral_danger: OK
CARLA LIVE CONTROL RESULT: PASS=5 FAIL=1

Cleaning up session...
Finished.
INFO:  Found the required file in cache!  Carla/Maps/Nav/Town04.bin 
INFO:  Found the required file in cache!  Carla/Maps/TM/Town04.bin 
