pygame 2.6.1 (SDL 2.28.4, Python 3.12.9)
Hello from the pygame community. https://www.pygame.org/contribute.html
============================================================
Connecting to CARLA...
============================================================
[Display] Windowed: 1280x720
[System] Pre-rendering engine sounds... (1.0 to 8.0, step 0.1)
[System] 70 engine pitch levels pre-rendered successfully.

[ 사용 가능한 맵 목록 ]
1. Town04
[System] CARLA_MAP=Town04
INFO:  Found the required file in cache!  Carla/Maps/Nav/Town04.bin 

Town04 is already loaded; reusing the current world.
Waiting for Town04...
Town04 Ready.
INFO:  Found the required file in cache!  Carla/Maps/TM/Town04.bin 
[LIVE VERIFY] RESET before road_wet
[PL VERIFY] Capture: C:\Users\jiho0\GitProjects\FPGA-Autonomous-Vehicle-Project\CARLA_FPGA_PROJECT\logs\pl_verification\pl_capture_20260814_002342.csv
[PL VERIFY] AXI vectors: C:\Users\jiho0\GitProjects\FPGA-Autonomous-Vehicle-Project\CARLA_FPGA_PROJECT\logs\pl_verification\pl_vectors_20260814_002342.csv
[FPGA] UDP bridge enabled: 192.168.1.10:5001
[Audio] Mixer initialized: freq=44100, format=-16, channels=2
[Audio] Loading sound from: C:\Users\jiho0\GitProjects\FPGA-Autonomous-Vehicle-Project\CARLA_FPGA_PROJECT\assets\sounds\engine_loop.wav
[Audio] Engine sound started successfully.
Vehicle Spawned.

========== CONTROL ==========
M   : AUTO / MANUAL
W   : Throttle / Reverse-Brake
S   : Brake / Reverse-Throttle
A/D : Steering
R   : Restart
F11 : Window / Fullscreen
ESC : Exit
=============================

[SCENARIO] Road surface: DRY
[SCENARIO] Weather=CLEAR, visibility risk=0%, surface=DRY
[SCENARIO] Road roughness: OFF
[*] 최대 지터 갱신! 새로운 gap_max: 92.74 ms (프레임 seq: 2)
[*] 최대 지터 갱신! 새로운 gap_max: 143.95 ms (프레임 seq: 3)
[*] 최대 지터 갱신! 새로운 gap_max: 184.58 ms (프레임 seq: 17)
[LIVE VERIFY] 1/7 road_wet
[SCENARIO] Road surface: WET (friction=1.20)
[SCENARIO] Weather=CLEAR, visibility risk=0%, surface=WET
[SCENARIO] Road roughness: OFF
[*] 최대 지터 갱신! 새로운 gap_max: 303.83 ms (프레임 seq: 46)
[LIVE VERIFY] PASS road_wet: OK
[LIVE VERIFY] RESET before impact_rough
[SCENARIO] Road surface: DRY
[SCENARIO] Weather=CLEAR, visibility risk=0%, surface=DRY
[SCENARIO] Road roughness: OFF
[LIVE VERIFY] 2/7 impact_rough
[SCENARIO] Road surface: DRY
[SCENARIO] Weather=CLEAR, visibility risk=0%, surface=DRY
[SCENARIO] Road roughness: 20% (1 strips)
[SCENARIO] Road impact impulse: 20%
[*] 최대 지터 갱신! 새로운 gap_max: 400.13 ms (프레임 seq: 2523)
[LIVE VERIFY] FAIL impact_rough: road_impact=0 expected=1, brake=0 min=2, speed_limit=39.47 max=35.88 | road_impact=0 expected=1, brake=0 min=2, speed_limit=38.32 max=35.01 | road_impact=0 expected=1, brake=0 min=2, speed_limit=37.45 max=34.21 | road_impact=0 expected=1, brake=0 min=2, speed_limit=36.88 max=33.68 | road_impact=0 expected=1, brake=0 min=2, speed_limit=36.59 max=33.34
[LIVE VERIFY] RESET before impact_severe
[SCENARIO] Road surface: DRY
[SCENARIO] Weather=CLEAR, visibility risk=0%, surface=DRY
[SCENARIO] Road roughness: OFF
[LIVE VERIFY] 3/7 impact_severe
[SCENARIO] Road surface: DRY
[SCENARIO] Weather=CLEAR, visibility risk=0%, surface=DRY
[SCENARIO] Road roughness: 50% (3 strips)
[SCENARIO] Road impact impulse: 50%
