pygame 2.6.1 (SDL 2.28.4, Python 3.12.9)
Hello from the pygame community. https://www.pygame.org/contribute.html
============================================================
Connecting to CARLA...
============================================================
[Display] Windowed: 1280x720
[System] Pre-rendering engine sounds... (1.0 to 8.0, step 0.1)
[System] 70 engine pitch levels pre-rendered successfully.

[ 사용 가능한 맵 목록 ]
1. Town04
[System] CARLA_MAP=Town04

Town04 is already loaded; reusing the current world.
Waiting for Town04...
Town04 Ready.
[LIVE VERIFY] RESET before impact_rough
[PL VERIFY] Capture: C:\Users\jiho0\GitProjects\FPGA-Autonomous-Vehicle-Project\CARLA_FPGA_PROJECT\logs\pl_verification\pl_capture_20260814_003150.csv
[PL VERIFY] AXI vectors: C:\Users\jiho0\GitProjects\FPGA-Autonomous-Vehicle-Project\CARLA_FPGA_PROJECT\logs\pl_verification\pl_vectors_20260814_003150.csv
[FPGA] UDP bridge enabled: 192.168.1.10:5001
[Audio] Mixer initialized: freq=44100, format=-16, channels=2
[Audio] Loading sound from: C:\Users\jiho0\GitProjects\FPGA-Autonomous-Vehicle-Project\CARLA_FPGA_PROJECT\assets\sounds\engine_loop.wav
[Audio] Engine sound started successfully.
Vehicle Spawned.

========== CONTROL ==========
M   : AUTO / MANUAL
W   : Throttle / Reverse-Brake
S   : Brake / Reverse-Throttle
A/D : Steering
R   : Restart
F11 : Window / Fullscreen
ESC : Exit
=============================

[SCENARIO] Road surface: DRY
[SCENARIO] Weather=CLEAR, visibility risk=0%, surface=DRY
[SCENARIO] Road roughness: OFF
[*] 최대 지터 갱신! 새로운 gap_max: 95.43 ms (프레임 seq: 2)
[*] 최대 지터 갱신! 새로운 gap_max: 149.08 ms (프레임 seq: 3)
[LIVE VERIFY] 1/1 impact_rough
[SCENARIO] Road surface: DRY
[SCENARIO] Weather=CLEAR, visibility risk=0%, surface=DRY
[SCENARIO] Road roughness: OFF
[LIVE VERIFY] impact precondition ready: 45.9 km/h
[SCENARIO] Road roughness: 50% (3 strips)
[*] 최대 지터 갱신! 새로운 gap_max: 284.78 ms (프레임 seq: 47)
[LIVE VERIFY] PASS impact_rough: OK
CARLA LIVE CONTROL RESULT: PASS=1 FAIL=0

Cleaning up session...
Finished.
INFO:  Found the required file in cache!  Carla/Maps/Nav/Town04.bin 
INFO:  Found the required file in cache!  Carla/Maps/TM/Town04.bin 
