pygame 2.6.1 (SDL 2.28.4, Python 3.12.9)
Hello from the pygame community. https://www.pygame.org/contribute.html
============================================================
Connecting to CARLA...
============================================================
[Display] Windowed: 1280x720
[System] Pre-rendering engine sounds... (1.0 to 8.0, step 0.1)
[System] 70 engine pitch levels pre-rendered successfully.

[ 사용 가능한 맵 목록 ]
1. Town04
[System] CARLA_MAP=Town04

Loading Town04...
INFO:  Found the required file in cache!  Carla/Maps/Nav/Town04.bin 
Waiting for Town04...
Town04 Ready.
INFO:  Found the required file in cache!  Carla/Maps/TM/Town04.bin 
[PL VERIFY] Capture: C:\Users\jiho0\GitProjects\FPGA-Autonomous-Vehicle-Project\CARLA_FPGA_PROJECT\logs\pl_verification\pl_capture_20260813_185653.csv
[PL VERIFY] AXI vectors: C:\Users\jiho0\GitProjects\FPGA-Autonomous-Vehicle-Project\CARLA_FPGA_PROJECT\logs\pl_verification\pl_vectors_20260813_185653.csv
[FPGA] UDP bridge enabled: 192.168.1.10:5001
[Audio] Mixer initialized: freq=44100, format=-16, channels=2
[Audio] Loading sound from: C:\Users\jiho0\GitProjects\FPGA-Autonomous-Vehicle-Project\CARLA_FPGA_PROJECT\assets\sounds\engine_loop.wav
[Audio] Engine sound started successfully.
Vehicle Spawned.

========== CONTROL ==========
M   : AUTO / MANUAL
W   : Throttle / Reverse-Brake
S   : Brake / Reverse-Throttle
A/D : Steering
R   : Restart
F11 : Window / Fullscreen
ESC : Exit
=============================

[*] 최대 지터 갱신! 새로운 gap_max: 37.15 ms (프레임 seq: 2)
[*] 최대 지터 갱신! 새로운 gap_max: 97.33 ms (프레임 seq: 3)
[*] 최대 지터 갱신! 새로운 gap_max: 124.16 ms (프레임 seq: 7)
[*] 최대 지터 갱신! 새로운 gap_max: 161.97 ms (프레임 seq: 33)
[*] 최대 지터 갱신! 새로운 gap_max: 163.99 ms (프레임 seq: 50)
[*] 최대 지터 갱신! 새로운 gap_max: 165.93 ms (프레임 seq: 67)
[*] 최대 지터 갱신! 새로운 gap_max: 179.77 ms (프레임 seq: 75)
[*] 최대 지터 갱신! 새로운 gap_max: 1314.84 ms (프레임 seq: 505)
[CONTROL] Apply FPGA output: ON
[INJECT] all injections cleared
[INJECT] all injections cleared
[INJECT] all injections cleared
[INJECT] distance/jump: ON
[INJECT] distance/jump: OFF
[INJECT] risk/collision: ON
[INJECT] risk/road_surface: ON
[INJECT] risk/road_surface: OFF
[INJECT] risk/collision: OFF
[INJECT] all injections cleared
[INJECT] all injections cleared
[INJECT] all injections cleared
[INJECT] all injections cleared
[CONTROL] Apply FPGA output: OFF
[INJECT] all injections cleared
[INJECT] risk/road_surface: ON
[INJECT] risk/collision: ON
[INJECT] all injections cleared
[CONTROL] Apply FPGA output: ON
[INJECT] all injections cleared
[INJECT] all injections cleared
[INJECT] distance/jump: ON
[INJECT] distance/stuck: ON
[INJECT] all injections cleared
[INJECT] distance/jump: ON
[INJECT] distance/stuck: ON
[INJECT] distance/jump: OFF
[INJECT] distance/stuck: OFF
[INJECT] distance/noise: ON
[INJECT] distance/stuck: ON
[INJECT] distance/jump: ON
[INJECT] distance/consistency: ON
[INJECT] distance/timeout: ON
[INJECT] distance/jump: OFF
[INJECT] distance/stuck: OFF
[INJECT] distance/consistency: OFF
[INJECT] distance/timeout: OFF
[INJECT] distance/noise: OFF
[INJECT] distance/jump: ON
[INJECT] distance/stuck: ON
[INJECT] distance/noise: ON
[INJECT] distance/consistency: ON
[INJECT] distance/timeout: ON
[INJECT] distance/jump: OFF
[INJECT] distance/stuck: OFF
[INJECT] distance/noise: OFF
[INJECT] distance/timeout: OFF
[INJECT] distance/consistency: OFF
